CONFIGS=-DDCACHE_SIZE=4096 -DDCACHE_NUM_WAYS=2 -DVX_SCHED_POLICY=WarpSchedulePolicy::CCWS            -DVX_CCWS_DYNAMIC_LLDS=1            -DVX_CCWS_BASE_LLS=100            -DVX_CCWS_K_THROTTLE=16            -DVX_CCWS_VTA_SIZE=32            -DVX_CCWS_LLS_CUTOFF=0            -DVX_CCWS_MAX_ACTIVE_LOAD_WARPS=8            -DVX_CCWS_LLS_DECAY_PERIOD=4            -DVX_CCWS_LLS_DECAY_STEP=1  -DNUM_CORES=2 -DNUM_WARPS=32 -DNUM_THREADS=16 -DPERF_ENABLE 
Running: CONFIGS="-DDCACHE_SIZE=4096 -DDCACHE_NUM_WAYS=2 -DVX_SCHED_POLICY=WarpSchedulePolicy::CCWS            -DVX_CCWS_DYNAMIC_LLDS=1            -DVX_CCWS_BASE_LLS=100            -DVX_CCWS_K_THROTTLE=16            -DVX_CCWS_VTA_SIZE=32            -DVX_CCWS_LLS_CUTOFF=0            -DVX_CCWS_MAX_ACTIVE_LOAD_WARPS=8            -DVX_CCWS_LLS_DECAY_PERIOD=4            -DVX_CCWS_LLS_DECAY_STEP=1  -DNUM_CORES=2 -DNUM_WARPS=32 -DNUM_THREADS=16 -DPERF_ENABLE " make -C ./ci/../runtime/simx > /dev/null
Running: make -C "./ci/../tests/opencl/bfs" run-simx
make: Entering directory '/home/ltj/2026urp/vortex_aware_scheduler/tests/opencl/bfs'
LD_LIBRARY_PATH=/home/ltj/tools/pocl/lib:/home/ltj/2026urp/vortex_aware_scheduler/runtime:/home/ltj/tools/llvm-vortex/lib: POCL_VORTEX_XLEN=64 LLVM_PREFIX=/home/ltj/tools/llvm-vortex POCL_VORTEX_BINTOOL="OBJCOPY=/home/ltj/tools/llvm-vortex/bin/llvm-objcopy /home/ltj/2026urp/vortex_aware_scheduler/kernel/scripts/vxbin.py" POCL_VORTEX_CFLAGS="-march=rv64imafd -mabi=lp64d -O3 -mcmodel=medany --sysroot=/home/ltj/tools/riscv64-gnu-toolchain/riscv64-unknown-elf --gcc-toolchain=/home/ltj/tools/riscv64-gnu-toolchain -fno-rtti -fno-exceptions -nostartfiles -nostdlib -fdata-sections -ffunction-sections -I/home/ltj/2026urp/vortex_aware_scheduler/hw -I/home/ltj/2026urp/vortex_aware_scheduler/kernel/include -DXLEN_64 -DNDEBUG -DDCACHE_SIZE=4096 -DDCACHE_NUM_WAYS=2 -DVX_SCHED_POLICY=WarpSchedulePolicy::CCWS            -DVX_CCWS_DYNAMIC_LLDS=1            -DVX_CCWS_BASE_LLS=100            -DVX_CCWS_K_THROTTLE=16            -DVX_CCWS_VTA_SIZE=32            -DVX_CCWS_LLS_CUTOFF=0            -DVX_CCWS_MAX_ACTIVE_LOAD_WARPS=8            -DVX_CCWS_LLS_DECAY_PERIOD=4            -DVX_CCWS_LLS_DECAY_STEP=1  -DNUM_CORES=2 -DNUM_WARPS=32 -DNUM_THREADS=16 -DPERF_ENABLE  -Xclang -target-feature -Xclang +vortex -Xclang -target-feature -Xclang +zicond -mllvm -disable-loop-idiom-all	" POCL_VORTEX_LDFLAGS="-Wl,-Bstatic,--gc-sections,-T/home/ltj/2026urp/vortex_aware_scheduler/kernel/scripts/link64.ld,--defsym=STARTUP_ADDR=0x80000000 /home/ltj/2026urp/vortex_aware_scheduler/kernel/libvortex.a -L/home/ltj/tools/libc64/lib -lm -lc /home/ltj/tools/libcrt64/lib/baremetal/libclang_rt.builtins-riscv64.a" VORTEX_DRIVER=simx ./bfs /home/ltj/2026urp/vortex_aware_scheduler/tests/opencl/bfs/graph4k.txt
enter demo main
Reading File
Reading File completed!
_clInit()
clReleaseKernel()
clReleaseKernel()
clReleaseProgram()
clReleaseCommandQueue()
PERF: core0: scheduler idle=405194 (96%)
PERF: core0: scheduler stalls=0 (0%)
PERF: core0: ibuffer stalls=303690 (72%)
PERF: core0: scoreboard stalls=619280 (147%) (alu=0%, lsu=99%, csrs=0%, wctl=0%, fpu=0%)
PERF: core0: operands stalls=787 (0%)
PERF: core0: ifetches=14483
PERF: core0: ifetch latency=30 cycles
PERF: core0: loads=33372
PERF: core0: load latency=295 cycles
PERF: core0: stores=26236
PERF: core0: ccws vta inserts=12033
PERF: core0: ccws vta hits=781
PERF: core0: ccws throttled loads=9617
PERF: core0: ccws throttled warps=0
PERF: core0: ccws fallback issues=1891
PERF: core0: ccws avg active issue candidates=1.999
PERF: core0: ccws avg lls=4782.155
PERF: core0: ccws max lls=411409
PERF: core0: lmem reads=0
PERF: core0: lmem writes=0
PERF: core0: lmem bank stalls=0 (utilization=0%)
PERF: core0: icache reads=28966
PERF: core0: icache read misses=0 (hit ratio=100%)
PERF: core0: icache mshr stalls=0 (utilization=0%)
PERF: core0: dcache reads=29240
PERF: core0: dcache writes=41784
PERF: core0: dcache read misses=24105 (hit ratio=17%)
PERF: core0: dcache write misses=40235 (hit ratio=3%)
PERF: core0: dcache bank stalls=338051 (utilization=17%)
PERF: core0: dcache mshr stalls=122129 (utilization=34%)
PERF: core0: coalescer misses=301244 (hit ratio=-2147483648%)
PERF: core0: instrs=218033, cycles=419677, IPC=0.519526
PERF: core1: scheduler idle=405194 (96%)
PERF: core1: scheduler stalls=0 (0%)
PERF: core1: ibuffer stalls=242073 (57%)
PERF: core1: scoreboard stalls=606404 (144%) (alu=0%, lsu=99%, csrs=0%, wctl=0%, fpu=0%)
PERF: core1: operands stalls=787 (0%)
PERF: core1: ifetches=14483
PERF: core1: ifetch latency=29 cycles
PERF: core1: loads=33372
PERF: core1: load latency=252 cycles
PERF: core1: stores=26236
PERF: core1: ccws vta inserts=12072
PERF: core1: ccws vta hits=1255
PERF: core1: ccws throttled loads=9053
PERF: core1: ccws throttled warps=0
PERF: core1: ccws fallback issues=1891
PERF: core1: ccws avg active issue candidates=2.088
PERF: core1: ccws avg lls=6845.211
PERF: core1: ccws max lls=913644
PERF: core1: lmem reads=0
PERF: core1: lmem writes=0
PERF: core1: lmem bank stalls=0 (utilization=0%)
PERF: core1: icache reads=28966
PERF: core1: icache read misses=0 (hit ratio=100%)
PERF: core1: icache mshr stalls=0 (utilization=0%)
PERF: core1: dcache reads=29240
PERF: core1: dcache writes=41784
PERF: core1: dcache read misses=24105 (hit ratio=17%)
PERF: core1: dcache write misses=40235 (hit ratio=3%)
PERF: core1: dcache bank stalls=338051 (utilization=17%)
PERF: core1: dcache mshr stalls=122129 (utilization=34%)
PERF: core1: coalescer misses=300074 (hit ratio=-2147483648%)
PERF: core1: instrs=218033, cycles=419677, IPC=0.519526
PERF: scheduler idle=810388 (96%)
PERF: scheduler stalls=0 (0%)
PERF: ibuffer stalls=545763 (65%)
PERF: scoreboard stalls=1225684 (146%) (alu=0%, lsu=99%, csrs=0%, wctl=0%, fpu=0%)
PERF: operands stalls=1574 (0%)
PERF: ifetches=28966
PERF: loads=66744
PERF: stores=52472
PERF: ifetch latency=30 cycles
PERF: load latency=273 cycles
PERF: ccws vta inserts=24105
PERF: ccws vta hits=2036
PERF: ccws throttled loads=18670
PERF: ccws throttled warps=0
PERF: ccws fallback issues=3782
PERF: ccws avg active issue candidates=2.043
PERF: ccws avg lls=5813.683
PERF: ccws max lls=913644
PERF: memory requests=65242 (reads=23394, writes=41848)
PERF: memory latency=270 cycles
PERF: memory bank stalls=59 (utilization=99%)
PERF: instrs=436066, cycles=419677, IPC=1.039051
clReleaseContext()
clReleaseDevice()
Passed!
make: Leaving directory '/home/ltj/2026urp/vortex_aware_scheduler/tests/opencl/bfs'
