CONFIGS=-DPERF_ENABLE -DVORTEX_CACP_ENABLE=0 -DVORTEX_IPAWS_USE_CACP=0 -DNUM_LSU_BLOCKS=2 -DDCACHE_NUM_BANKS=4 -DVORTEX_SCHED=4  -DNUM_CORES=1 -DNUM_WARPS=32 -DNUM_THREADS=32 -DL2_ENABLE -DPERF_ENABLE 
Running: CONFIGS="-DPERF_ENABLE -DVORTEX_CACP_ENABLE=0 -DVORTEX_IPAWS_USE_CACP=0 -DNUM_LSU_BLOCKS=2 -DDCACHE_NUM_BANKS=4 -DVORTEX_SCHED=4  -DNUM_CORES=1 -DNUM_WARPS=32 -DNUM_THREADS=32 -DL2_ENABLE -DPERF_ENABLE " make -C ./ci/../runtime/simx > /dev/null
Running: OPTS="-f100 -p1000" make -C "./ci/../tests/opencl/kmeans" run-simx
make: Entering directory '/home/ltj/2026urp/vortex_gcaws/build/tests/opencl/kmeans'
LD_LIBRARY_PATH=/home/ltj/tools/pocl/lib:/home/ltj/2026urp/vortex_gcaws/build/runtime:/home/ltj/tools/llvm-vortex/lib: POCL_VORTEX_XLEN=64 LLVM_PREFIX=/home/ltj/tools/llvm-vortex POCL_VORTEX_BINTOOL="OBJCOPY=/home/ltj/tools/llvm-vortex/bin/llvm-objcopy /home/ltj/2026urp/vortex_gcaws/kernel/scripts/vxbin.py" POCL_VORTEX_CFLAGS="-march=rv64imafd -mabi=lp64d -O3 -mcmodel=medany --sysroot=/home/ltj/tools/riscv64-gnu-toolchain/riscv64-unknown-elf --gcc-toolchain=/home/ltj/tools/riscv64-gnu-toolchain -fno-rtti -fno-exceptions -nostartfiles -nostdlib -fdata-sections -ffunction-sections -I/home/ltj/2026urp/vortex_gcaws/build/hw -I/home/ltj/2026urp/vortex_gcaws/kernel/include -DXLEN_64 -DNDEBUG -DPERF_ENABLE -DVORTEX_CACP_ENABLE=0 -DVORTEX_IPAWS_USE_CACP=0 -DNUM_LSU_BLOCKS=2 -DDCACHE_NUM_BANKS=4 -DVORTEX_SCHED=4  -DNUM_CORES=1 -DNUM_WARPS=32 -DNUM_THREADS=32 -DL2_ENABLE -DPERF_ENABLE  -Xclang -target-feature -Xclang +vortex -Xclang -target-feature -Xclang +zicond -mllvm -disable-loop-idiom-all	" POCL_VORTEX_LDFLAGS="-Wl,-Bstatic,--gc-sections,-T/home/ltj/2026urp/vortex_gcaws/kernel/scripts/link64.ld,--defsym=STARTUP_ADDR=0x80000000 /home/ltj/2026urp/vortex_gcaws/build/kernel/libvortex.a -L/home/ltj/tools/libc64/lib -lm -lc /home/ltj/tools/libcrt64/lib/baremetal/libclang_rt.builtins-riscv64.a" VORTEX_DRIVER=simx ./kmeans -f100 -p1000
WG size of kernel_swap = 256, WG size of kernel_kmeans = 256 

I/O completed

Number of objects: 1000
Number of features: 100
iterated 2 times
Number of Iteration: 1
PERF: scheduler idle=349300 (66%)
PERF: scheduler stalls=0 (0%)
PERF: ibuffer stalls=116842 (22%)
PERF: scoreboard stalls=618039 (117%) (alu=0%, lsu=95%, csrs=0%, wctl=0%, fpu=4%)
PERF: operands stalls=16945 (3%)
PERF: ifetches=175198
PERF: loads=1044953
PERF: stores=49185
PERF: ifetch latency=23 cycles
PERF: load latency=40 cycles
PERF: instrs=5432482, cycles=524448, IPC=10.358476
IPAWS_DBG_STALL: 0=9853 1=0 2=0 3=0 4=0 5=0 6=0 7=0 8=0 9=0 10=0 11=0 12=0 13=0 14=0 15=0 16=0 17=0 18=0 19=0 20=0 21=0 22=0 23=0 24=0 25=0 26=0 27=0 28=0 29=0 30=0 31=0
IPAWS_STATS: decides=2 valid=0 skipped=2 woi_fallback=0 concave=0 convex=2 mm_avg=0.000 mm_min=0.000 mm_max=0.000 woi_avg=0.000 woi_min=0 woi_max=0 gcaws_exec_cycles=0 rr_exec_cycles=515072 wspawn_events=3 recover_entries=0 recover_cycles=0 test=mean/max<0.5 use_cacp=0 barrier_only_btime=1 use_recover=0
make: Leaving directory '/home/ltj/2026urp/vortex_gcaws/build/tests/opencl/kmeans'
