CONFIGS=-DDCACHE_SIZE=32768 -DDCACHE_NUM_WAYS=8 -DVX_SCHED_POLICY=WarpSchedulePolicy::CCWS      -DVX_CCWS_DYNAMIC_LLDS=1      -DVX_CCWS_BASE_LLS=100      -DVX_CCWS_K_THROTTLE=8      -DVX_CCWS_VTA_SIZE=16      -DVX_CCWS_LLS_CUTOFF=0      -DVX_CCWS_MAX_ACTIVE_LOAD_WARPS=8      -DVX_CCWS_LLS_DECAY_PERIOD=1      -DVX_CCWS_LLS_DECAY_STEP=1  -DNUM_CORES=1 -DNUM_WARPS=16 -DNUM_THREADS=16 -DPERF_ENABLE 
Running: CONFIGS="-DDCACHE_SIZE=32768 -DDCACHE_NUM_WAYS=8 -DVX_SCHED_POLICY=WarpSchedulePolicy::CCWS      -DVX_CCWS_DYNAMIC_LLDS=1      -DVX_CCWS_BASE_LLS=100      -DVX_CCWS_K_THROTTLE=8      -DVX_CCWS_VTA_SIZE=16      -DVX_CCWS_LLS_CUTOFF=0      -DVX_CCWS_MAX_ACTIVE_LOAD_WARPS=8      -DVX_CCWS_LLS_DECAY_PERIOD=1      -DVX_CCWS_LLS_DECAY_STEP=1  -DNUM_CORES=1 -DNUM_WARPS=16 -DNUM_THREADS=16 -DPERF_ENABLE " make -C ./ci/../runtime/simx > /dev/null
Running: make -C "./ci/../tests/opencl/hotspot" run-simx
make: Entering directory '/home/ltj/2026urp/vortex_aware_scheduler/tests/opencl/hotspot'
LD_LIBRARY_PATH=/home/ltj/tools/pocl/lib:/home/ltj/2026urp/vortex_aware_scheduler/runtime:/home/ltj/tools/llvm-vortex/lib: POCL_VORTEX_XLEN=64 LLVM_PREFIX=/home/ltj/tools/llvm-vortex POCL_VORTEX_BINTOOL="OBJCOPY=/home/ltj/tools/llvm-vortex/bin/llvm-objcopy /home/ltj/2026urp/vortex_aware_scheduler/kernel/scripts/vxbin.py" POCL_VORTEX_CFLAGS="-march=rv64imafd -mabi=lp64d -O3 -mcmodel=medany --sysroot=/home/ltj/tools/riscv64-gnu-toolchain/riscv64-unknown-elf --gcc-toolchain=/home/ltj/tools/riscv64-gnu-toolchain -fno-rtti -fno-exceptions -nostartfiles -nostdlib -fdata-sections -ffunction-sections -I/home/ltj/2026urp/vortex_aware_scheduler/hw -I/home/ltj/2026urp/vortex_aware_scheduler/kernel/include -DXLEN_64 -DNDEBUG -DDCACHE_SIZE=32768 -DDCACHE_NUM_WAYS=8 -DVX_SCHED_POLICY=WarpSchedulePolicy::CCWS      -DVX_CCWS_DYNAMIC_LLDS=1      -DVX_CCWS_BASE_LLS=100      -DVX_CCWS_K_THROTTLE=8      -DVX_CCWS_VTA_SIZE=16      -DVX_CCWS_LLS_CUTOFF=0      -DVX_CCWS_MAX_ACTIVE_LOAD_WARPS=8      -DVX_CCWS_LLS_DECAY_PERIOD=1      -DVX_CCWS_LLS_DECAY_STEP=1  -DNUM_CORES=1 -DNUM_WARPS=16 -DNUM_THREADS=16 -DPERF_ENABLE  -Xclang -target-feature -Xclang +vortex -Xclang -target-feature -Xclang +zicond -mllvm -disable-loop-idiom-all" POCL_VORTEX_LDFLAGS="-Wl,-Bstatic,--gc-sections,-T/home/ltj/2026urp/vortex_aware_scheduler/kernel/scripts/link64.ld,--defsym=STARTUP_ADDR=0x80000000 /home/ltj/2026urp/vortex_aware_scheduler/kernel/libvortex.a -L/home/ltj/tools/libc64/lib -lm -lc /home/ltj/tools/libcrt64/lib/baremetal/libclang_rt.builtins-riscv64.a" VORTEX_DRIVER=simx ./hotspot 64 1 2 temp_64 power_64 output.out
WG size of kernel = 4 X 4
Platform: The pocl project
Device: Vortex OpenGPU

Kernel time: 2.399 seconds
Total time: 2.400 seconds
PERF: core0: lmem reads=0
PERF: core0: lmem writes=0
PERF: core0: lmem bank stalls=0 (utilization=0%)
PERF: core0: icache reads=33245
PERF: core0: icache read misses=0 (hit ratio=100%)
PERF: core0: icache mshr stalls=0 (utilization=0%)
PERF: core0: dcache reads=30972
PERF: core0: dcache writes=15180
PERF: core0: dcache read misses=5136 (hit ratio=83%)
PERF: core0: dcache write misses=5624 (hit ratio=62%)
PERF: core0: dcache bank stalls=24148 (utilization=65%)
PERF: core0: dcache mshr stalls=0 (utilization=100%)
PERF: core0: coalescer misses=37504 (hit ratio=18%)
PERF: scheduler idle=127723 (79%)
PERF: scheduler stalls=0 (0%)
PERF: ibuffer stalls=91569 (56%)
PERF: scoreboard stalls=126038 (78%) (alu=14%, lsu=79%, csrs=0%, wctl=0%, fpu=5%)
PERF: operands stalls=3539 (2%)
PERF: ifetches=33245
PERF: loads=113980
PERF: stores=23404
PERF: ifetch latency=5 cycles
PERF: load latency=27 cycles
PERF: ccws vta inserts=5136
PERF: ccws vta hits=574
PERF: ccws throttled loads=245
PERF: ccws throttled warps=0
PERF: ccws fallback issues=181
PERF: ccws avg active issue candidates=1.948
PERF: ccws avg lls=221.155
PERF: ccws max lls=29121
PERF: memory requests=20165 (reads=4953, writes=15212)
PERF: memory latency=144 cycles
PERF: memory bank stalls=2 (utilization=99%)
PERF: instrs=521915, cycles=160968, IPC=3.242352
make: Leaving directory '/home/ltj/2026urp/vortex_aware_scheduler/tests/opencl/hotspot'
