CONFIGS=-DPERF_ENABLE -DVORTEX_CACP_ENABLE=0 -DVORTEX_IPAWS_USE_CACP=0 -DNUM_LSU_BLOCKS=2 -DDCACHE_NUM_BANKS=4 -DVORTEX_SCHED=1  -DNUM_CORES=1 -DNUM_WARPS=32 -DNUM_THREADS=32 -DL2_ENABLE -DPERF_ENABLE 
Running: CONFIGS="-DPERF_ENABLE -DVORTEX_CACP_ENABLE=0 -DVORTEX_IPAWS_USE_CACP=0 -DNUM_LSU_BLOCKS=2 -DDCACHE_NUM_BANKS=4 -DVORTEX_SCHED=1  -DNUM_CORES=1 -DNUM_WARPS=32 -DNUM_THREADS=32 -DL2_ENABLE -DPERF_ENABLE " make -C ./ci/../runtime/simx > /dev/null
Running: OPTS="-f100 -p1000" make -C "./ci/../tests/opencl/kmeans" run-simx
make: Entering directory '/home/ltj/2026urp/vortex_gcaws/build/tests/opencl/kmeans'
g++ -std=c++17 -Wall -Wextra -Wfatal-errors -Wno-deprecated-declarations -Wno-unused-parameter -Wno-narrowing -pthread -I/home/ltj/tools/pocl/include -DPERF_ENABLE -DVORTEX_CACP_ENABLE=0 -DVORTEX_IPAWS_USE_CACP=0 -DNUM_LSU_BLOCKS=2 -DDCACHE_NUM_BANKS=4 -DVORTEX_SCHED=1  -DNUM_CORES=1 -DNUM_WARPS=32 -DNUM_THREADS=32 -DL2_ENABLE -DPERF_ENABLE  -O2 -DNDEBUG -MM /home/ltj/2026urp/vortex_gcaws/tests/opencl/kmeans/main.cc /home/ltj/2026urp/vortex_gcaws/tests/opencl/kmeans/read_input.c /home/ltj/2026urp/vortex_gcaws/tests/opencl/kmeans/rmse.c /home/ltj/2026urp/vortex_gcaws/tests/opencl/kmeans/kmeans_clustering.c /home/ltj/2026urp/vortex_gcaws/tests/opencl/kmeans/cluster.c /home/ltj/2026urp/vortex_gcaws/tests/opencl/kmeans/getopt.c > .depend;
g++ -std=c++17 -Wall -Wextra -Wfatal-errors -Wno-deprecated-declarations -Wno-unused-parameter -Wno-narrowing -pthread -I/home/ltj/tools/pocl/include -DPERF_ENABLE -DVORTEX_CACP_ENABLE=0 -DVORTEX_IPAWS_USE_CACP=0 -DNUM_LSU_BLOCKS=2 -DDCACHE_NUM_BANKS=4 -DVORTEX_SCHED=1  -DNUM_CORES=1 -DNUM_WARPS=32 -DNUM_THREADS=32 -DL2_ENABLE -DPERF_ENABLE  -O2 -DNDEBUG -c /home/ltj/2026urp/vortex_gcaws/tests/opencl/kmeans/main.cc -o main.cc.o
In file included from /home/ltj/tools/pocl/include/CL/cl.h:20,
                 from /home/ltj/2026urp/vortex_gcaws/tests/opencl/kmeans/main.cc:24:
/home/ltj/tools/pocl/include/CL/cl_version.h:22:104: note: ‘#pragma message: cl_version.h: CL_TARGET_OPENCL_VERSION is not defined. Defaulting to 300 (OpenCL 3.0)’
   22 | #pragma message("cl_version.h: CL_TARGET_OPENCL_VERSION is not defined. Defaulting to 300 (OpenCL 3.0)")
      |                                                                                                        ^
/home/ltj/2026urp/vortex_gcaws/tests/opencl/kmeans/main.cc: In function ‘int initialize(int)’:
/home/ltj/2026urp/vortex_gcaws/tests/opencl/kmeans/main.cc:60:10: warning: unused variable ‘size’ [-Wunused-variable]
   60 |   size_t size;
      |          ^~~~
/home/ltj/2026urp/vortex_gcaws/tests/opencl/kmeans/main.cc: In function ‘int allocate(int, int, int, float**)’:
/home/ltj/2026urp/vortex_gcaws/tests/opencl/kmeans/main.cc:231:27: warning: ISO C++ forbids converting a string constant to ‘char*’ [-Wwrite-strings]
  231 |   char *kernel_kmeans_c = "kmeans_kernel_c";
      |                           ^~~~~~~~~~~~~~~~~
/home/ltj/2026urp/vortex_gcaws/tests/opencl/kmeans/main.cc:232:23: warning: ISO C++ forbids converting a string constant to ‘char*’ [-Wwrite-strings]
  232 |   char *kernel_swap = "kmeans_swap";
      |                       ^~~~~~~~~~~~~
/home/ltj/2026urp/vortex_gcaws/tests/opencl/kmeans/main.cc:202:10: warning: unused variable ‘binary_status’ [-Wunused-variable]
  202 |   cl_int binary_status = 0;
      |          ^~~~~~~~~~~~~
/home/ltj/2026urp/vortex_gcaws/tests/opencl/kmeans/main.cc: In function ‘int kmeansOCL(float**, int, int, int, int*, float**, int*, float**)’:
/home/ltj/2026urp/vortex_gcaws/tests/opencl/kmeans/main.cc:350:13: warning: unused variable ‘k’ [-Wunused-variable]
  350 |   int i, j, k;
      |             ^
cc -std=c++17 -Wall -Wextra -Wfatal-errors -Wno-deprecated-declarations -Wno-unused-parameter -Wno-narrowing -pthread -I/home/ltj/tools/pocl/include -DPERF_ENABLE -DVORTEX_CACP_ENABLE=0 -DVORTEX_IPAWS_USE_CACP=0 -DNUM_LSU_BLOCKS=2 -DDCACHE_NUM_BANKS=4 -DVORTEX_SCHED=1  -DNUM_CORES=1 -DNUM_WARPS=32 -DNUM_THREADS=32 -DL2_ENABLE -DPERF_ENABLE  -O2 -DNDEBUG -c /home/ltj/2026urp/vortex_gcaws/tests/opencl/kmeans/read_input.c -o read_input.c.o
cc1: warning: command-line option ‘-std=c++17’ is valid for C++/ObjC++ but not for C
/home/ltj/2026urp/vortex_gcaws/tests/opencl/kmeans/read_input.c: In function ‘setup’:
/home/ltj/2026urp/vortex_gcaws/tests/opencl/kmeans/read_input.c:129:9: warning: variable ‘len’ set but not used [-Wunused-but-set-variable]
  129 |   float len;
      |         ^~~
/home/ltj/2026urp/vortex_gcaws/tests/opencl/kmeans/read_input.c:195:7: warning: ignoring return value of ‘fread’ declared with attribute ‘warn_unused_result’ [-Wunused-result]
  195 |       fread(&npoints, 1, sizeof(int), infile);
      |       ^~~~~~~~~~~~~~~~~~~~~~~~~~~~~~~~~~~~~~~
/home/ltj/2026urp/vortex_gcaws/tests/opencl/kmeans/read_input.c:196:7: warning: ignoring return value of ‘fread’ declared with attribute ‘warn_unused_result’ [-Wunused-result]
  196 |       fread(&nfeatures, 1, sizeof(int), infile);
      |       ^~~~~~~~~~~~~~~~~~~~~~~~~~~~~~~~~~~~~~~~~
/home/ltj/2026urp/vortex_gcaws/tests/opencl/kmeans/read_input.c:205:7: warning: ignoring return value of ‘fread’ declared with attribute ‘warn_unused_result’ [-Wunused-result]
  205 |       fread(buf, 1, npoints * nfeatures * sizeof(float), infile);
      |       ^~~~~~~~~~~~~~~~~~~~~~~~~~~~~~~~~~~~~~~~~~~~~~~~~~~~~~~~~~
cc -std=c++17 -Wall -Wextra -Wfatal-errors -Wno-deprecated-declarations -Wno-unused-parameter -Wno-narrowing -pthread -I/home/ltj/tools/pocl/include -DPERF_ENABLE -DVORTEX_CACP_ENABLE=0 -DVORTEX_IPAWS_USE_CACP=0 -DNUM_LSU_BLOCKS=2 -DDCACHE_NUM_BANKS=4 -DVORTEX_SCHED=1  -DNUM_CORES=1 -DNUM_WARPS=32 -DNUM_THREADS=32 -DL2_ENABLE -DPERF_ENABLE  -O2 -DNDEBUG -c /home/ltj/2026urp/vortex_gcaws/tests/opencl/kmeans/rmse.c -o rmse.c.o
cc1: warning: command-line option ‘-std=c++17’ is valid for C++/ObjC++ but not for C
/home/ltj/2026urp/vortex_gcaws/tests/opencl/kmeans/rmse.c: In function ‘rms_err’:
/home/ltj/2026urp/vortex_gcaws/tests/opencl/kmeans/rmse.c:73: warning: ignoring ‘#pragma omp parallel’ [-Wunknown-pragmas]
   73 |     #pragma omp parallel for \
      | 
/home/ltj/2026urp/vortex_gcaws/tests/opencl/kmeans/rmse.c: In function ‘find_nearest_point’:
/home/ltj/2026urp/vortex_gcaws/tests/opencl/kmeans/rmse.c:57:11: warning: ‘index’ may be used uninitialized [-Wmaybe-uninitialized]
   57 |     return(index);
      |           ^
/home/ltj/2026urp/vortex_gcaws/tests/opencl/kmeans/rmse.c:45:9: note: ‘index’ was declared here
   45 |     int index, i;
      |         ^~~~~
/home/ltj/2026urp/vortex_gcaws/tests/opencl/kmeans/rmse.c: In function ‘rms_err’:
/home/ltj/2026urp/vortex_gcaws/tests/opencl/kmeans/rmse.c:85:88: warning: ‘index’ may be used uninitialized [-Wmaybe-uninitialized]
   85 |                                                                         cluster_centres[nearest_cluster_index],
      |                                                                                        ^
/home/ltj/2026urp/vortex_gcaws/tests/opencl/kmeans/rmse.c:45:9: note: ‘index’ was declared here
   45 |     int index, i;
      |         ^~~~~
cc -std=c++17 -Wall -Wextra -Wfatal-errors -Wno-deprecated-declarations -Wno-unused-parameter -Wno-narrowing -pthread -I/home/ltj/tools/pocl/include -DPERF_ENABLE -DVORTEX_CACP_ENABLE=0 -DVORTEX_IPAWS_USE_CACP=0 -DNUM_LSU_BLOCKS=2 -DDCACHE_NUM_BANKS=4 -DVORTEX_SCHED=1  -DNUM_CORES=1 -DNUM_WARPS=32 -DNUM_THREADS=32 -DL2_ENABLE -DPERF_ENABLE  -O2 -DNDEBUG -c /home/ltj/2026urp/vortex_gcaws/tests/opencl/kmeans/kmeans_clustering.c -o kmeans_clustering.c.o
cc1: warning: command-line option ‘-std=c++17’ is valid for C++/ObjC++ but not for C
/home/ltj/2026urp/vortex_gcaws/tests/opencl/kmeans/kmeans_clustering.c: In function ‘kmeans_clustering’:
/home/ltj/2026urp/vortex_gcaws/tests/opencl/kmeans/kmeans_clustering.c:104:5: warning: this ‘for’ clause does not guard... [-Wmisleading-indentation]
  104 |     for (i=1; i<nclusters; i++)
      |     ^~~
/home/ltj/2026urp/vortex_gcaws/tests/opencl/kmeans/kmeans_clustering.c:108:9: note: ...this statement, but the latter is misleadingly indented as if it were guarded by the ‘for’
  108 |         initial = (int *) malloc (npoints * sizeof(int));
      |         ^~~~~~~
/home/ltj/2026urp/vortex_gcaws/tests/opencl/kmeans/kmeans_clustering.c:140:5: warning: this ‘for’ clause does not guard... [-Wmisleading-indentation]
  140 |     for (i=1; i<nclusters; i++)
      |     ^~~
/home/ltj/2026urp/vortex_gcaws/tests/opencl/kmeans/kmeans_clustering.c:144:9: note: ...this statement, but the latter is misleadingly indented as if it were guarded by the ‘for’
  144 |         do {
      |         ^~
cc -std=c++17 -Wall -Wextra -Wfatal-errors -Wno-deprecated-declarations -Wno-unused-parameter -Wno-narrowing -pthread -I/home/ltj/tools/pocl/include -DPERF_ENABLE -DVORTEX_CACP_ENABLE=0 -DVORTEX_IPAWS_USE_CACP=0 -DNUM_LSU_BLOCKS=2 -DDCACHE_NUM_BANKS=4 -DVORTEX_SCHED=1  -DNUM_CORES=1 -DNUM_WARPS=32 -DNUM_THREADS=32 -DL2_ENABLE -DPERF_ENABLE  -O2 -DNDEBUG -c /home/ltj/2026urp/vortex_gcaws/tests/opencl/kmeans/cluster.c -o cluster.c.o
cc1: warning: command-line option ‘-std=c++17’ is valid for C++/ObjC++ but not for C
cc -std=c++17 -Wall -Wextra -Wfatal-errors -Wno-deprecated-declarations -Wno-unused-parameter -Wno-narrowing -pthread -I/home/ltj/tools/pocl/include -DPERF_ENABLE -DVORTEX_CACP_ENABLE=0 -DVORTEX_IPAWS_USE_CACP=0 -DNUM_LSU_BLOCKS=2 -DDCACHE_NUM_BANKS=4 -DVORTEX_SCHED=1  -DNUM_CORES=1 -DNUM_WARPS=32 -DNUM_THREADS=32 -DL2_ENABLE -DPERF_ENABLE  -O2 -DNDEBUG -c /home/ltj/2026urp/vortex_gcaws/tests/opencl/kmeans/getopt.c -o getopt.c.o
cc1: warning: command-line option ‘-std=c++17’ is valid for C++/ObjC++ but not for C
g++ -std=c++17 -Wall -Wextra -Wfatal-errors -Wno-deprecated-declarations -Wno-unused-parameter -Wno-narrowing -pthread -I/home/ltj/tools/pocl/include -DPERF_ENABLE -DVORTEX_CACP_ENABLE=0 -DVORTEX_IPAWS_USE_CACP=0 -DNUM_LSU_BLOCKS=2 -DDCACHE_NUM_BANKS=4 -DVORTEX_SCHED=1  -DNUM_CORES=1 -DNUM_WARPS=32 -DNUM_THREADS=32 -DL2_ENABLE -DPERF_ENABLE  -O2 -DNDEBUG main.cc.o read_input.c.o rmse.c.o kmeans_clustering.c.o cluster.c.o getopt.c.o -Wl,-rpath,/home/ltj/tools/llvm-vortex/lib -L/home/ltj/2026urp/vortex_gcaws/build/runtime -lvortex -L/home/ltj/tools/pocl/lib -lOpenCL -o kmeans
LD_LIBRARY_PATH=/home/ltj/tools/pocl/lib:/home/ltj/2026urp/vortex_gcaws/build/runtime:/home/ltj/tools/llvm-vortex/lib: POCL_VORTEX_XLEN=64 LLVM_PREFIX=/home/ltj/tools/llvm-vortex POCL_VORTEX_BINTOOL="OBJCOPY=/home/ltj/tools/llvm-vortex/bin/llvm-objcopy /home/ltj/2026urp/vortex_gcaws/kernel/scripts/vxbin.py" POCL_VORTEX_CFLAGS="-march=rv64imafd -mabi=lp64d -O3 -mcmodel=medany --sysroot=/home/ltj/tools/riscv64-gnu-toolchain/riscv64-unknown-elf --gcc-toolchain=/home/ltj/tools/riscv64-gnu-toolchain -fno-rtti -fno-exceptions -nostartfiles -nostdlib -fdata-sections -ffunction-sections -I/home/ltj/2026urp/vortex_gcaws/build/hw -I/home/ltj/2026urp/vortex_gcaws/kernel/include -DXLEN_64 -DNDEBUG -DPERF_ENABLE -DVORTEX_CACP_ENABLE=0 -DVORTEX_IPAWS_USE_CACP=0 -DNUM_LSU_BLOCKS=2 -DDCACHE_NUM_BANKS=4 -DVORTEX_SCHED=1  -DNUM_CORES=1 -DNUM_WARPS=32 -DNUM_THREADS=32 -DL2_ENABLE -DPERF_ENABLE  -Xclang -target-feature -Xclang +vortex -Xclang -target-feature -Xclang +zicond -mllvm -disable-loop-idiom-all	" POCL_VORTEX_LDFLAGS="-Wl,-Bstatic,--gc-sections,-T/home/ltj/2026urp/vortex_gcaws/kernel/scripts/link64.ld,--defsym=STARTUP_ADDR=0x80000000 /home/ltj/2026urp/vortex_gcaws/build/kernel/libvortex.a -L/home/ltj/tools/libc64/lib -lm -lc /home/ltj/tools/libcrt64/lib/baremetal/libclang_rt.builtins-riscv64.a" VORTEX_DRIVER=simx ./kmeans -f100 -p1000
WG size of kernel_swap = 256, WG size of kernel_kmeans = 256 

I/O completed

Number of objects: 1000
Number of features: 100
iterated 2 times
Number of Iteration: 1
PERF: core0: lmem reads=0
PERF: core0: lmem writes=0
PERF: core0: lmem bank stalls=0 (stall rate=0%)
PERF: core0: icache reads=175176
PERF: core0: icache read misses=504 (hit ratio=99%)
PERF: core0: icache mshr stalls=95011 (stall rate=17%)
PERF: core0: dcache reads=77755
PERF: core0: dcache writes=38091
PERF: core0: dcache read misses=54396 (hit ratio=30%)
PERF: core0: dcache write misses=38051 (hit ratio=0%)
PERF: core0: dcache bank stalls=141515 (stall rate=26%)
PERF: core0: dcache mshr stalls=103681 (stall rate=19%)
PERF: core0: coalescer misses=69240 (split rate=13%)
PERF: l2cache reads=52920
PERF: l2cache writes=38091
PERF: l2cache read misses=18091 (hit ratio=65%)
PERF: l2cache write misses=37059 (hit ratio=2%)
PERF: l2cache bank stalls=26178 (stall rate=4%)
PERF: l2cache mshr stalls=3666 (stall rate=0%)
PERF: memory requests=56204 (reads=18092, writes=38112)
PERF: memory latency=130 cycles
PERF: memory bank stalls=0 (stall rate=0%)
PERF: instrs=5432482, cycles=532346, IPC=10.204796
make: Leaving directory '/home/ltj/2026urp/vortex_gcaws/build/tests/opencl/kmeans'
