>>> [RR/blackscholes/perf2] args=""
CONFIGS=-DPERF_ENABLE -DVORTEX_CACP_ENABLE=0 -DVORTEX_IPAWS_USE_CACP=0 -DVORTEX_SCHED=2  -DNUM_CORES=1 -DNUM_WARPS=32 -DNUM_THREADS=32 -DL2_ENABLE -DPERF_ENABLE 
Running: CONFIGS="-DPERF_ENABLE -DVORTEX_CACP_ENABLE=0 -DVORTEX_IPAWS_USE_CACP=0 -DVORTEX_SCHED=2  -DNUM_CORES=1 -DNUM_WARPS=32 -DNUM_THREADS=32 -DL2_ENABLE -DPERF_ENABLE " make -C ./ci/../runtime/simx > /dev/null
Running: make -C "./ci/../tests/opencl/blackscholes" run-simx
make: Entering directory '/data/URP_26_spring/bbosseong/vortex_aware_scheduler/build/tests/opencl/blackscholes'
LD_LIBRARY_PATH=/data/URP_26_spring/bbosseong/tools/pocl/lib:/data/URP_26_spring/bbosseong/vortex_aware_scheduler/build/runtime:/data/URP_26_spring/bbosseong/tools/llvm-vortex/lib: POCL_VORTEX_XLEN=32 LLVM_PREFIX=/data/URP_26_spring/bbosseong/tools/llvm-vortex POCL_VORTEX_BINTOOL="OBJCOPY=/data/URP_26_spring/bbosseong/tools/llvm-vortex/bin/llvm-objcopy /data/URP_26_spring/bbosseong/vortex_aware_scheduler/kernel/scripts/vxbin.py" POCL_VORTEX_CFLAGS="-march=rv32imaf -mabi=ilp32f -O3 -mcmodel=medany --sysroot=/data/URP_26_spring/bbosseong/tools/riscv32-gnu-toolchain/riscv32-unknown-elf --gcc-toolchain=/data/URP_26_spring/bbosseong/tools/riscv32-gnu-toolchain -fno-rtti -fno-exceptions -nostartfiles -nostdlib -fdata-sections -ffunction-sections -I/data/URP_26_spring/bbosseong/vortex_aware_scheduler/build/hw -I/data/URP_26_spring/bbosseong/vortex_aware_scheduler/kernel/include -DXLEN_32 -DNDEBUG -DPERF_ENABLE -DVORTEX_CACP_ENABLE=0 -DVORTEX_IPAWS_USE_CACP=0 -DVORTEX_SCHED=2  -DNUM_CORES=1 -DNUM_WARPS=32 -DNUM_THREADS=32 -DL2_ENABLE -DPERF_ENABLE  -Xclang -target-feature -Xclang +vortex -Xclang -target-feature -Xclang +zicond -mllvm -disable-loop-idiom-all	" POCL_VORTEX_LDFLAGS="-Wl,-Bstatic,--gc-sections,-T/data/URP_26_spring/bbosseong/vortex_aware_scheduler/kernel/scripts/link32.ld,--defsym=STARTUP_ADDR=0x80000000 /data/URP_26_spring/bbosseong/vortex_aware_scheduler/build/kernel/libvortex.a -L/data/URP_26_spring/bbosseong/tools/libc32/lib -lm -lc /data/URP_26_spring/bbosseong/tools/libcrt32/lib/baremetal/libclang_rt.builtins-riscv32.a" VORTEX_DRIVER=simx ./blackscholes 
[blackscholes] starting...

WARNING: NVIDIA OpenCL platform not found - defaulting to first platform!

clGetPlatformID...
Get the Device info and select Device...
  # of Devices Available = 1
  Using Device 0: Vortex OpenGPU
  # of Compute Units = 1
./blackscholes Starting...

Allocating and initializing host memory...
Initializing OpenCL...
WARNING: NVIDIA OpenCL platform not found - defaulting to first platform!

Creating OpenCL memory objects...
Starting up BlackScholes...
...creating BlackScholes program
...building BlackScholes program
...creating BlackScholes kernels
Running OpenCL BlackScholes...


Reading back OpenCL BlackScholes results...
Comparing against Host/C++ computation...
Relative L1 (call, put) = (1.654e-07, 5.073e-08)

Shutting down...
PERF: core0: lmem reads=0
PERF: core0: lmem writes=0
PERF: core0: lmem bank stalls=0 (stall rate=0%)
PERF: core0: icache reads=6872607
PERF: core0: icache read misses=646 (hit ratio=99%)
PERF: core0: icache mshr stalls=64508 (stall rate=0%)
PERF: core0: dcache reads=14482105
PERF: core0: dcache writes=13957952
PERF: core0: dcache read misses=13871598 (hit ratio=4%)
PERF: core0: dcache write misses=13377814 (hit ratio=4%)
PERF: core0: dcache bank stalls=13227430 (stall rate=12%)
PERF: core0: dcache mshr stalls=397788 (stall rate=0%)
PERF: core0: coalescer misses=14261368 (coalesce ratio=49%)
PERF: l2cache reads=13871214
PERF: l2cache writes=13957952
PERF: l2cache read misses=9701 (hit ratio=99%)
PERF: l2cache write misses=29199 (hit ratio=99%)
PERF: l2cache bank stalls=21 (stall rate=0%)
PERF: l2cache mshr stalls=16048 (stall rate=0%)
PERF: memory requests=13967701 (reads=9703, writes=13957998)
PERF: memory latency=29461 cycles
PERF: memory bank stalls=0 (stall rate=0%)
PERF: instrs=198637522, cycles=112193240, IPC=1.770495
[blackscholes] test results...
PASSED

> exiting in 3 seconds: 3...2...1...done!

make: Leaving directory '/data/URP_26_spring/bbosseong/vortex_aware_scheduler/build/tests/opencl/blackscholes'
