CONFIGS=-DPERF_ENABLE -DNUM_LSU_BLOCKS=2 -DDCACHE_NUM_BANKS=4 -DNUM_CORES=1 -DNUM_WARPS=32 -DNUM_THREADS=32 -DVORTEX_SCHED=3  -DNUM_CORES=1 -DNUM_WARPS=32 -DNUM_THREADS=32 -DL2_ENABLE -DPERF_ENABLE 
Running: CONFIGS="-DPERF_ENABLE -DNUM_LSU_BLOCKS=2 -DDCACHE_NUM_BANKS=4 -DNUM_CORES=1 -DNUM_WARPS=32 -DNUM_THREADS=32 -DVORTEX_SCHED=3  -DNUM_CORES=1 -DNUM_WARPS=32 -DNUM_THREADS=32 -DL2_ENABLE -DPERF_ENABLE " make -C ./ci/../runtime/simx > /dev/null
Running: OPTS="2 4 4 16 16 16 none output.txt 1 -t gpu -d 0" make -C "./ci/../tests/opencl/streamcluster" run-simx
make: Entering directory '/home/ltj/2026urp/vortex_gcaws/build/tests/opencl/streamcluster'
LD_LIBRARY_PATH=/home/ltj/tools/pocl/lib:/home/ltj/2026urp/vortex_gcaws/build/runtime:/home/ltj/tools/llvm-vortex/lib: POCL_VORTEX_XLEN=64 LLVM_PREFIX=/home/ltj/tools/llvm-vortex POCL_VORTEX_BINTOOL="OBJCOPY=/home/ltj/tools/llvm-vortex/bin/llvm-objcopy /home/ltj/2026urp/vortex_gcaws/kernel/scripts/vxbin.py" POCL_VORTEX_CFLAGS="-march=rv64imafd -mabi=lp64d -O3 -mcmodel=medany --sysroot=/home/ltj/tools/riscv64-gnu-toolchain/riscv64-unknown-elf --gcc-toolchain=/home/ltj/tools/riscv64-gnu-toolchain -fno-rtti -fno-exceptions -nostartfiles -nostdlib -fdata-sections -ffunction-sections -I/home/ltj/2026urp/vortex_gcaws/build/hw -I/home/ltj/2026urp/vortex_gcaws/kernel/include -DXLEN_64 -DNDEBUG -DPERF_ENABLE -DNUM_LSU_BLOCKS=2 -DDCACHE_NUM_BANKS=4 -DNUM_CORES=1 -DNUM_WARPS=32 -DNUM_THREADS=32 -DVORTEX_SCHED=3  -DNUM_CORES=1 -DNUM_WARPS=32 -DNUM_THREADS=32 -DL2_ENABLE -DPERF_ENABLE  -Xclang -target-feature -Xclang +vortex -Xclang -target-feature -Xclang +zicond -mllvm -disable-loop-idiom-all	" POCL_VORTEX_LDFLAGS="-Wl,-Bstatic,--gc-sections,-T/home/ltj/2026urp/vortex_gcaws/kernel/scripts/link64.ld,--defsym=STARTUP_ADDR=0x80000000 /home/ltj/2026urp/vortex_gcaws/build/kernel/libvortex.a -L/home/ltj/tools/libc64/lib -lm -lc /home/ltj/tools/libcrt64/lib/baremetal/libclang_rt.builtins-riscv64.a" VORTEX_DRIVER=simx ./streamcluster 2 4 4 16 16 16 none output.txt 1 -t gpu -d 0
PARSEC Benchmark Suite
--cambine: device name=Vortex OpenGPU
before sc
PRINTINFO_ON
read 16 points
Speedy: facility cost 5.300669
Speedy opened 1 facilities for total cost 15.902006
Distance Cost 10.601337
Speedy: facility cost 5.300669
Speedy opened 1 facilities for total cost 15.902006
Distance Cost 10.601337
Speedy: facility cost 2.650335
Speedy opened 2 facilities for total cost 10.801641
Distance Cost 5.500972
2 centers, cost 10.723531, total distance 5.422862
2 centers, cost 10.723531, total distance 5.422862
finish local search
Starting Kmedian procedure
16 points in 4 dimensions
thread 0: Finished first call to speedy, cost=15.902006, k=1
thread 0: second call to speedy, cost=15.902006, k=1
0.000000 10.601338
Speedy indicates we should try lower z
loz = 0.000000, hiz = 5.300669
Running Local Search...
Trying a more accurate local search...
finish cont center
finish copy centers
Starting Kmedian procedure
2 points in 4 dimensions
after sc
PERF: scheduler idle=223144 (96%)
PERF: scheduler stalls=0 (0%)
PERF: ibuffer stalls=56128 (24%)
PERF: scoreboard stalls=222691 (96%) (alu=1%, lsu=98%, csrs=0%, wctl=0%, fpu=0%)
PERF: operands stalls=358 (0%)
PERF: ifetches=7837
PERF: loads=19451
PERF: stores=34919
PERF: ifetch latency=274 cycles
PERF: load latency=563 cycles
PERF: instrs=229456, cycles=230931, IPC=0.993613
make: Leaving directory '/home/ltj/2026urp/vortex_gcaws/build/tests/opencl/streamcluster'
