>>> [RR/bfs/perf2] args="/home/so/vortex_aware_scheduler/tests/opencl/bfs/graph4k.txt"
CONFIGS=-DPERF_ENABLE  -DVORTEX_ARBITER=2 -DNUM_CORES=1 -DNUM_WARPS=32 -DNUM_THREADS=32 -DL2_ENABLE -DPERF_ENABLE
Running: CONFIGS="-DPERF_ENABLE  -DVORTEX_ARBITER=2 -DNUM_CORES=1 -DNUM_WARPS=32 -DNUM_THREADS=32 -DL2_ENABLE -DPERF_ENABLE" make -C ./ci/../runtime/simx > /dev/null
Running: OPTS="/home/so/vortex_aware_scheduler/tests/opencl/bfs/graph4k.txt" make -C "./ci/../tests/opencl/bfs" run-simx
make: Entering directory '/home/so/vortex_aware_scheduler/build/tests/opencl/bfs'
g++ -std=c++17 -Wall -Wextra -Wfatal-errors -Wno-deprecated-declarations -Wno-unused-parameter -Wno-narrowing -pthread -I/home/so/tools/pocl/include -DPERF_ENABLE  -DVORTEX_ARBITER=2 -DNUM_CORES=1 -DNUM_WARPS=32 -DNUM_THREADS=32 -DL2_ENABLE -DPERF_ENABLE -O2 -DNDEBUG -c /home/so/vortex_aware_scheduler/tests/opencl/bfs/main.cc -o main.cc.o
In file included from /home/so/vortex_aware_scheduler/tests/opencl/bfs/main.cc:15:
/home/so/vortex_aware_scheduler/tests/opencl/bfs/CLHelper.h:514: warning: ignoring ‘#pragma omp parallel’ [-Wunknown-pragmas]
  514 | #pragma omp parallel for
      | 
In file included from /home/so/vortex_aware_scheduler/tests/opencl/bfs/main.cc:16:
/home/so/vortex_aware_scheduler/tests/opencl/bfs/util.h:38: warning: ignoring ‘#pragma omp parallel’ [-Wunknown-pragmas]
   38 | #pragma omp parallel for
      | 
In file included from /home/so/tools/pocl/include/CL/cl.h:20,
                 from /home/so/vortex_aware_scheduler/tests/opencl/bfs/CLHelper.h:9,
                 from /home/so/vortex_aware_scheduler/tests/opencl/bfs/main.cc:15:
/home/so/tools/pocl/include/CL/cl_version.h:22:104: note: ‘#pragma message: cl_version.h: CL_TARGET_OPENCL_VERSION is not defined. Defaulting to 300 (OpenCL 3.0)’
   22 | #pragma message("cl_version.h: CL_TARGET_OPENCL_VERSION is not defined. Defaulting to 300 (OpenCL 3.0)")
      |                                                                                                        ^
In file included from /home/so/vortex_aware_scheduler/tests/opencl/bfs/main.cc:15:
/home/so/vortex_aware_scheduler/tests/opencl/bfs/CLHelper.h: In function ‘void _clInit()’:
/home/so/vortex_aware_scheduler/tests/opencl/bfs/CLHelper.h:257:10: warning: unused variable ‘binary_status’ [-Wunused-variable]
  257 |   cl_int binary_status = 0;
      |          ^~~~~~~~~~~~~
/home/so/vortex_aware_scheduler/tests/opencl/bfs/CLHelper.h: In function ‘void _clRelease()’:
/home/so/vortex_aware_scheduler/tests/opencl/bfs/CLHelper.h:377:33: warning: comparison of integer expressions of different signedness: ‘int’ and ‘std::vector<_cl_kernel*>::size_type’ {aka ‘long unsigned int’} [-Wsign-compare]
  377 |   for (int nKernel = 0; nKernel < oclHandles.kernel.size(); nKernel++) {
      |                         ~~~~~~~~^~~~~~~~~~~~~~~~~~~~~~~~~~
/home/so/vortex_aware_scheduler/tests/opencl/bfs/main.cc: In function ‘int main(int, char**)’:
/home/so/vortex_aware_scheduler/tests/opencl/bfs/main.cc:213:9: warning: variable ‘num_of_blocks’ set but not used [-Wunused-but-set-variable]
  213 |     int num_of_blocks = 1;
      |         ^~~~~~~~~~~~~
/home/so/vortex_aware_scheduler/tests/opencl/bfs/main.cc:293:45: warning: format ‘%s’ expects argument of type ‘char*’, but argument 2 has type ‘std::string’ {aka ‘std::__cxx11::basic_string<char>’} [-Wformat=]
  293 |     printf("--cambine: exception in main ->%s\n", msg);
      |                                            ~^
      |                                             |
      |                                             char*
/home/so/vortex_aware_scheduler/tests/opencl/bfs/main.cc:211:11: warning: ignoring return value of ‘int fscanf(FILE*, const char*, ...)’ declared with attribute ‘warn_unused_result’ [-Wunused-result]
  211 |     fscanf(fp, "%d", &no_of_nodes);
      |     ~~~~~~^~~~~~~~~~~~~~~~~~~~~~~~
/home/so/vortex_aware_scheduler/tests/opencl/bfs/main.cc:232:13: warning: ignoring return value of ‘int fscanf(FILE*, const char*, ...)’ declared with attribute ‘warn_unused_result’ [-Wunused-result]
  232 |       fscanf(fp, "%d %d", &start, &edgeno);
      |       ~~~~~~^~~~~~~~~~~~~~~~~~~~~~~~~~~~~~
/home/so/vortex_aware_scheduler/tests/opencl/bfs/main.cc:240:11: warning: ignoring return value of ‘int fscanf(FILE*, const char*, ...)’ declared with attribute ‘warn_unused_result’ [-Wunused-result]
  240 |     fscanf(fp, "%d", &source);
      |     ~~~~~~^~~~~~~~~~~~~~~~~~~
/home/so/vortex_aware_scheduler/tests/opencl/bfs/main.cc:245:11: warning: ignoring return value of ‘int fscanf(FILE*, const char*, ...)’ declared with attribute ‘warn_unused_result’ [-Wunused-result]
  245 |     fscanf(fp, "%d", &edge_list_size);
      |     ~~~~~~^~~~~~~~~~~~~~~~~~~~~~~~~~~
/home/so/vortex_aware_scheduler/tests/opencl/bfs/main.cc:249:13: warning: ignoring return value of ‘int fscanf(FILE*, const char*, ...)’ declared with attribute ‘warn_unused_result’ [-Wunused-result]
  249 |       fscanf(fp, "%d", &id);
      |       ~~~~~~^~~~~~~~~~~~~~~
/home/so/vortex_aware_scheduler/tests/opencl/bfs/main.cc:250:13: warning: ignoring return value of ‘int fscanf(FILE*, const char*, ...)’ declared with attribute ‘warn_unused_result’ [-Wunused-result]
  250 |       fscanf(fp, "%d", &cost);
      |       ~~~~~~^~~~~~~~~~~~~~~~~
/home/so/vortex_aware_scheduler/tests/opencl/bfs/main.cc:298:9: warning: ‘h_graph_visited’ may be used uninitialized in this function [-Wmaybe-uninitialized]
  298 |     free(h_graph_visited);
      |     ~~~~^~~~~~~~~~~~~~~~~
/home/so/vortex_aware_scheduler/tests/opencl/bfs/main.cc:297:9: warning: ‘h_updating_graph_mask’ may be used uninitialized in this function [-Wmaybe-uninitialized]
  297 |     free(h_updating_graph_mask);
      |     ~~~~^~~~~~~~~~~~~~~~~~~~~~~
/home/so/vortex_aware_scheduler/tests/opencl/bfs/main.cc:296:9: warning: ‘h_graph_mask’ may be used uninitialized in this function [-Wmaybe-uninitialized]
  296 |     free(h_graph_mask);
      |     ~~~~^~~~~~~~~~~~~~
/home/so/vortex_aware_scheduler/tests/opencl/bfs/main.cc:295:9: warning: ‘h_graph_nodes’ may be used uninitialized in this function [-Wmaybe-uninitialized]
  295 |     free(h_graph_nodes);
      |     ~~~~^~~~~~~~~~~~~~~
g++ -std=c++17 -Wall -Wextra -Wfatal-errors -Wno-deprecated-declarations -Wno-unused-parameter -Wno-narrowing -pthread -I/home/so/tools/pocl/include -DPERF_ENABLE  -DVORTEX_ARBITER=2 -DNUM_CORES=1 -DNUM_WARPS=32 -DNUM_THREADS=32 -DL2_ENABLE -DPERF_ENABLE -O2 -DNDEBUG main.cc.o -Wl,-rpath,/home/so/tools/llvm-vortex/lib -L/home/so/vortex_aware_scheduler/build/runtime -lvortex -L/home/so/tools/pocl/lib -lOpenCL -o bfs
LD_LIBRARY_PATH=/home/so/tools/pocl/lib:/home/so/vortex_aware_scheduler/build/runtime:/home/so/tools/llvm-vortex/lib: POCL_VORTEX_XLEN=64 LLVM_PREFIX=/home/so/tools/llvm-vortex POCL_VORTEX_BINTOOL="OBJCOPY=/home/so/tools/llvm-vortex/bin/llvm-objcopy /home/so/vortex_aware_scheduler/kernel/scripts/vxbin.py" POCL_VORTEX_CFLAGS="-march=rv64imafd -mabi=lp64d -O3 -mcmodel=medany --sysroot=/home/so/tools/riscv64-gnu-toolchain/riscv64-unknown-elf --gcc-toolchain=/home/so/tools/riscv64-gnu-toolchain -fno-rtti -fno-exceptions -nostartfiles -nostdlib -fdata-sections -ffunction-sections -I/home/so/vortex_aware_scheduler/build/hw -I/home/so/vortex_aware_scheduler/kernel/include -DXLEN_64 -DNDEBUG -DPERF_ENABLE  -DVORTEX_ARBITER=2 -DNUM_CORES=1 -DNUM_WARPS=32 -DNUM_THREADS=32 -DL2_ENABLE -DPERF_ENABLE -Xclang -target-feature -Xclang +vortex -Xclang -target-feature -Xclang +zicond -mllvm -disable-loop-idiom-all	" POCL_VORTEX_LDFLAGS="-Wl,-Bstatic,--gc-sections,-T/home/so/vortex_aware_scheduler/kernel/scripts/link64.ld,--defsym=STARTUP_ADDR=0x80000000 /home/so/vortex_aware_scheduler/build/kernel/libvortex.a -L/home/so/tools/libc64/lib -lm -lc /home/so/tools/libcrt64/lib/baremetal/libclang_rt.builtins-riscv64.a" VORTEX_DRIVER=simx ./bfs /home/so/vortex_aware_scheduler/tests/opencl/bfs/graph4k.txt
enter demo main
Reading File
Reading File completed!
_clInit()
clReleaseKernel()
clReleaseKernel()
clReleaseProgram()
clReleaseCommandQueue()
PERF: core0: lmem reads=0
PERF: core0: lmem writes=0
PERF: core0: lmem bank stalls=0 (utilization=0%)
PERF: core0: icache reads=19672
PERF: core0: icache read misses=0 (hit ratio=100%)
PERF: core0: icache mshr stalls=0 (utilization=0%)
PERF: core0: dcache reads=22300
PERF: core0: dcache writes=34396
PERF: core0: dcache read misses=14245 (hit ratio=36%)
PERF: core0: dcache write misses=25446 (hit ratio=26%)
PERF: core0: dcache bank stalls=284333 (utilization=16%)
PERF: core0: dcache mshr stalls=73624 (utilization=35%)
PERF: core0: coalescer misses=381670 (hit ratio=-2147483648%)
PERF: l2cache reads=13905
PERF: l2cache writes=34396
PERF: l2cache read misses=6372 (hit ratio=54%)
PERF: l2cache write misses=18138 (hit ratio=47%)
PERF: l2cache bank stalls=34753 (utilization=58%)
PERF: l2cache mshr stalls=3 (utilization=99%)
PERF: memory requests=40788 (reads=6372, writes=34416)
PERF: memory latency=362 cycles
PERF: memory bank stalls=0 (utilization=100%)
PERF: instrs=395152, cycles=268950, IPC=1.469240
clReleaseContext()
clReleaseDevice()
Passed!
make: Leaving directory '/home/so/vortex_aware_scheduler/build/tests/opencl/bfs'
