>>> [RR/blackscholes/perf2] args=""
CONFIGS=-DPERF_ENABLE  -DVORTEX_ARBITER=2 -DNUM_CORES=1 -DNUM_WARPS=32 -DNUM_THREADS=32 -DL2_ENABLE -DPERF_ENABLE
Running: CONFIGS="-DPERF_ENABLE  -DVORTEX_ARBITER=2 -DNUM_CORES=1 -DNUM_WARPS=32 -DNUM_THREADS=32 -DL2_ENABLE -DPERF_ENABLE" make -C ./ci/../runtime/simx > /dev/null
Running: make -C "./ci/../tests/opencl/blackscholes" run-simx
make: Entering directory '/home/so/vortex_aware_scheduler/build/tests/opencl/blackscholes'
g++ -I/home/so/vortex_aware_scheduler/tests/opencl/blackscholes -std=c++17 -Wall -Wextra -Wfatal-errors -Wno-deprecated-declarations -Wno-unused-parameter -Wno-narrowing -pthread -I/home/so/tools/pocl/include -DPERF_ENABLE  -DVORTEX_ARBITER=2 -DNUM_CORES=1 -DNUM_WARPS=32 -DNUM_THREADS=32 -DL2_ENABLE -DPERF_ENABLE -O2 -DNDEBUG -c /home/so/vortex_aware_scheduler/tests/opencl/blackscholes/main.cc -o main.cc.o
In file included from /home/so/tools/pocl/include/CL/cl.h:20,
                 from /home/so/tools/pocl/include/CL/opencl.h:24,
                 from /home/so/vortex_aware_scheduler/tests/opencl/blackscholes/oclUtils.h:26,
                 from /home/so/vortex_aware_scheduler/tests/opencl/blackscholes/main.cc:13:
/home/so/tools/pocl/include/CL/cl_version.h:22:104: note: ‘#pragma message: cl_version.h: CL_TARGET_OPENCL_VERSION is not defined. Defaulting to 300 (OpenCL 3.0)’
   22 | #pragma message("cl_version.h: CL_TARGET_OPENCL_VERSION is not defined. Defaulting to 300 (OpenCL 3.0)")
      |                                                                                                        ^
g++ -I/home/so/vortex_aware_scheduler/tests/opencl/blackscholes -std=c++17 -Wall -Wextra -Wfatal-errors -Wno-deprecated-declarations -Wno-unused-parameter -Wno-narrowing -pthread -I/home/so/tools/pocl/include -DPERF_ENABLE  -DVORTEX_ARBITER=2 -DNUM_CORES=1 -DNUM_WARPS=32 -DNUM_THREADS=32 -DL2_ENABLE -DPERF_ENABLE -O2 -DNDEBUG -c /home/so/vortex_aware_scheduler/tests/opencl/blackscholes/oclUtils.cpp -o oclUtils.cpp.o
In file included from /home/so/tools/pocl/include/CL/cl.h:20,
                 from /home/so/tools/pocl/include/CL/opencl.h:24,
                 from /home/so/vortex_aware_scheduler/tests/opencl/blackscholes/oclUtils.h:26,
                 from /home/so/vortex_aware_scheduler/tests/opencl/blackscholes/oclUtils.cpp:21:
/home/so/tools/pocl/include/CL/cl_version.h:22:104: note: ‘#pragma message: cl_version.h: CL_TARGET_OPENCL_VERSION is not defined. Defaulting to 300 (OpenCL 3.0)’
   22 | #pragma message("cl_version.h: CL_TARGET_OPENCL_VERSION is not defined. Defaulting to 300 (OpenCL 3.0)")
      |                                                                                                        ^
g++ -I/home/so/vortex_aware_scheduler/tests/opencl/blackscholes -std=c++17 -Wall -Wextra -Wfatal-errors -Wno-deprecated-declarations -Wno-unused-parameter -Wno-narrowing -pthread -I/home/so/tools/pocl/include -DPERF_ENABLE  -DVORTEX_ARBITER=2 -DNUM_CORES=1 -DNUM_WARPS=32 -DNUM_THREADS=32 -DL2_ENABLE -DPERF_ENABLE -O2 -DNDEBUG -c /home/so/vortex_aware_scheduler/tests/opencl/blackscholes/shrUtils.cpp -o shrUtils.cpp.o
/home/so/vortex_aware_scheduler/tests/opencl/blackscholes/shrUtils.cpp: In function ‘int shrLogV(int, int, const char*, __va_list_tag*)’:
/home/so/vortex_aware_scheduler/tests/opencl/blackscholes/shrUtils.cpp:404:46: warning: format not a string literal and no format arguments [-Wformat-security]
  404 |                         szNumWritten = printf(sFormatSpec.c_str());                             // console
      |                                        ~~~~~~^~~~~~~~~~~~~~~~~~~~~
/home/so/vortex_aware_scheduler/tests/opencl/blackscholes/shrUtils.cpp:408:48: warning: format not a string literal and no format arguments [-Wformat-security]
  408 |                         szNumWritten = fprintf (pFileStream0, sFormatSpec.c_str());             // sample log file
      |                                        ~~~~~~~~^~~~~~~~~~~~~~~~~~~~~~~~~~~~~~~~~~~
/home/so/vortex_aware_scheduler/tests/opencl/blackscholes/shrUtils.cpp:411:52: warning: format not a string literal and no format arguments [-Wformat-security]
  411 |                             szNumWritten  = fprintf(pFileStream1, sFormatSpec.c_str());         // master log file
      |                                             ~~~~~~~^~~~~~~~~~~~~~~~~~~~~~~~~~~~~~~~~~~
/home/so/vortex_aware_scheduler/tests/opencl/blackscholes/shrUtils.cpp:206:12: warning: variable ‘szNumWritten’ set but not used [-Wunused-but-set-variable]
  206 |     size_t szNumWritten = 0;
      |            ^~~~~~~~~~~~
g++ -I/home/so/vortex_aware_scheduler/tests/opencl/blackscholes -std=c++17 -Wall -Wextra -Wfatal-errors -Wno-deprecated-declarations -Wno-unused-parameter -Wno-narrowing -pthread -I/home/so/tools/pocl/include -DPERF_ENABLE  -DVORTEX_ARBITER=2 -DNUM_CORES=1 -DNUM_WARPS=32 -DNUM_THREADS=32 -DL2_ENABLE -DPERF_ENABLE -O2 -DNDEBUG -c /home/so/vortex_aware_scheduler/tests/opencl/blackscholes/cmd_arg_reader.cpp -o cmd_arg_reader.cpp.o
g++ -I/home/so/vortex_aware_scheduler/tests/opencl/blackscholes -std=c++17 -Wall -Wextra -Wfatal-errors -Wno-deprecated-declarations -Wno-unused-parameter -Wno-narrowing -pthread -I/home/so/tools/pocl/include -DPERF_ENABLE  -DVORTEX_ARBITER=2 -DNUM_CORES=1 -DNUM_WARPS=32 -DNUM_THREADS=32 -DL2_ENABLE -DPERF_ENABLE -O2 -DNDEBUG -c /home/so/vortex_aware_scheduler/tests/opencl/blackscholes/oclBlackScholes_launcher.cpp -o oclBlackScholes_launcher.cpp.o
In file included from /home/so/tools/pocl/include/CL/cl.h:20,
                 from /home/so/tools/pocl/include/CL/opencl.h:24,
                 from /home/so/vortex_aware_scheduler/tests/opencl/blackscholes/oclUtils.h:26,
                 from /home/so/vortex_aware_scheduler/tests/opencl/blackscholes/oclBlackScholes_launcher.cpp:12:
/home/so/tools/pocl/include/CL/cl_version.h:22:104: note: ‘#pragma message: cl_version.h: CL_TARGET_OPENCL_VERSION is not defined. Defaulting to 300 (OpenCL 3.0)’
   22 | #pragma message("cl_version.h: CL_TARGET_OPENCL_VERSION is not defined. Defaulting to 300 (OpenCL 3.0)")
      |                                                                                                        ^
/home/so/vortex_aware_scheduler/tests/opencl/blackscholes/oclBlackScholes_launcher.cpp: In function ‘void initBlackScholes(cl_context, cl_command_queue, const char**)’:
/home/so/vortex_aware_scheduler/tests/opencl/blackscholes/oclBlackScholes_launcher.cpp:42:12: warning: unused variable ‘kernelLength’ [-Wunused-variable]
   42 |     size_t kernelLength;
      |            ^~~~~~~~~~~~
/home/so/vortex_aware_scheduler/tests/opencl/blackscholes/oclBlackScholes_launcher.cpp:53:12: warning: unused variable ‘binary_status’ [-Wunused-variable]
   53 |     cl_int binary_status = 0;
      |            ^~~~~~~~~~~~~
/home/so/vortex_aware_scheduler/tests/opencl/blackscholes/oclBlackScholes_launcher.cpp:54:18: warning: unused variable ‘device_id’ [-Wunused-variable]
   54 |     cl_device_id device_id = oclGetFirstDev(cxGPUContext);
      |                  ^~~~~~~~~
g++ -I/home/so/vortex_aware_scheduler/tests/opencl/blackscholes -std=c++17 -Wall -Wextra -Wfatal-errors -Wno-deprecated-declarations -Wno-unused-parameter -Wno-narrowing -pthread -I/home/so/tools/pocl/include -DPERF_ENABLE  -DVORTEX_ARBITER=2 -DNUM_CORES=1 -DNUM_WARPS=32 -DNUM_THREADS=32 -DL2_ENABLE -DPERF_ENABLE -O2 -DNDEBUG -c /home/so/vortex_aware_scheduler/tests/opencl/blackscholes/oclBlackScholes_gold.cpp -o oclBlackScholes_gold.cpp.o
In file included from /home/so/tools/pocl/include/CL/cl.h:20,
                 from /home/so/tools/pocl/include/CL/opencl.h:24,
                 from /home/so/vortex_aware_scheduler/tests/opencl/blackscholes/oclUtils.h:26,
                 from /home/so/vortex_aware_scheduler/tests/opencl/blackscholes/oclBlackScholes_common.h:14,
                 from /home/so/vortex_aware_scheduler/tests/opencl/blackscholes/oclBlackScholes_gold.cpp:15:
/home/so/tools/pocl/include/CL/cl_version.h:22:104: note: ‘#pragma message: cl_version.h: CL_TARGET_OPENCL_VERSION is not defined. Defaulting to 300 (OpenCL 3.0)’
   22 | #pragma message("cl_version.h: CL_TARGET_OPENCL_VERSION is not defined. Defaulting to 300 (OpenCL 3.0)")
      |                                                                                                        ^
g++ -I/home/so/vortex_aware_scheduler/tests/opencl/blackscholes -std=c++17 -Wall -Wextra -Wfatal-errors -Wno-deprecated-declarations -Wno-unused-parameter -Wno-narrowing -pthread -I/home/so/tools/pocl/include -DPERF_ENABLE  -DVORTEX_ARBITER=2 -DNUM_CORES=1 -DNUM_WARPS=32 -DNUM_THREADS=32 -DL2_ENABLE -DPERF_ENABLE -O2 -DNDEBUG main.cc.o oclUtils.cpp.o shrUtils.cpp.o cmd_arg_reader.cpp.o oclBlackScholes_launcher.cpp.o oclBlackScholes_gold.cpp.o -Wl,-rpath,/home/so/tools/llvm-vortex/lib -L/home/so/vortex_aware_scheduler/build/runtime -lvortex -L/home/so/tools/pocl/lib -lOpenCL -o blackscholes
LD_LIBRARY_PATH=/home/so/tools/pocl/lib:/home/so/vortex_aware_scheduler/build/runtime:/home/so/tools/llvm-vortex/lib: POCL_VORTEX_XLEN=64 LLVM_PREFIX=/home/so/tools/llvm-vortex POCL_VORTEX_BINTOOL="OBJCOPY=/home/so/tools/llvm-vortex/bin/llvm-objcopy /home/so/vortex_aware_scheduler/kernel/scripts/vxbin.py" POCL_VORTEX_CFLAGS="-march=rv64imafd -mabi=lp64d -O3 -mcmodel=medany --sysroot=/home/so/tools/riscv64-gnu-toolchain/riscv64-unknown-elf --gcc-toolchain=/home/so/tools/riscv64-gnu-toolchain -fno-rtti -fno-exceptions -nostartfiles -nostdlib -fdata-sections -ffunction-sections -I/home/so/vortex_aware_scheduler/build/hw -I/home/so/vortex_aware_scheduler/kernel/include -DXLEN_64 -DNDEBUG -DPERF_ENABLE  -DVORTEX_ARBITER=2 -DNUM_CORES=1 -DNUM_WARPS=32 -DNUM_THREADS=32 -DL2_ENABLE -DPERF_ENABLE -Xclang -target-feature -Xclang +vortex -Xclang -target-feature -Xclang +zicond -mllvm -disable-loop-idiom-all	" POCL_VORTEX_LDFLAGS="-Wl,-Bstatic,--gc-sections,-T/home/so/vortex_aware_scheduler/kernel/scripts/link64.ld,--defsym=STARTUP_ADDR=0x80000000 /home/so/vortex_aware_scheduler/build/kernel/libvortex.a -L/home/so/tools/libc64/lib -lm -lc /home/so/tools/libcrt64/lib/baremetal/libclang_rt.builtins-riscv64.a" VORTEX_DRIVER=simx ./blackscholes 
[blackscholes] starting...

WARNING: NVIDIA OpenCL platform not found - defaulting to first platform!

clGetPlatformID...
Get the Device info and select Device...
  # of Devices Available = 1
  Using Device 0: Vortex OpenGPU
  # of Compute Units = 1
./blackscholes Starting...

Allocating and initializing host memory...
Initializing OpenCL...
WARNING: NVIDIA OpenCL platform not found - defaulting to first platform!

Creating OpenCL memory objects...
Starting up BlackScholes...
...creating BlackScholes program
...building BlackScholes program
...creating BlackScholes kernels
Running OpenCL BlackScholes...


Reading back OpenCL BlackScholes results...
Comparing against Host/C++ computation...
Relative L1 (call, put) = (1.745e-07, 4.769e-08)

Shutting down...
PERF: core0: lmem reads=0
PERF: core0: lmem writes=0
PERF: core0: lmem bank stalls=0 (utilization=0%)
PERF: core0: icache reads=9962
PERF: core0: icache read misses=410 (hit ratio=95%)
PERF: core0: icache mshr stalls=53876 (utilization=0%)
PERF: core0: dcache reads=22803
PERF: core0: dcache writes=34610
PERF: core0: dcache read misses=20686 (hit ratio=9%)
PERF: core0: dcache write misses=34383 (hit ratio=0%)
PERF: core0: dcache bank stalls=28176 (utilization=67%)
PERF: core0: dcache mshr stalls=76623 (utilization=41%)
PERF: core0: coalescer misses=14050 (hit ratio=75%)
PERF: l2cache reads=20536
PERF: l2cache writes=34610
PERF: l2cache read misses=5863 (hit ratio=71%)
PERF: l2cache write misses=28196 (hit ratio=18%)
PERF: l2cache bank stalls=884 (utilization=98%)
PERF: l2cache mshr stalls=8009 (utilization=80%)
PERF: memory requests=40497 (reads=5865, writes=34632)
PERF: memory latency=292 cycles
PERF: memory bank stalls=0 (utilization=100%)
PERF: instrs=298994, cycles=290532, IPC=1.029126
[blackscholes] test results...
PASSED

> exiting in 3 seconds: 3...2...1...done!

make: Leaving directory '/home/so/vortex_aware_scheduler/build/tests/opencl/blackscholes'
