>>> [RR/sgemm3/perf2] args="-n96"
CONFIGS=-DPERF_ENABLE  -DVORTEX_ARBITER=2 -DNUM_CORES=1 -DNUM_WARPS=32 -DNUM_THREADS=32 -DL2_ENABLE -DPERF_ENABLE
Running: CONFIGS="-DPERF_ENABLE  -DVORTEX_ARBITER=2 -DNUM_CORES=1 -DNUM_WARPS=32 -DNUM_THREADS=32 -DL2_ENABLE -DPERF_ENABLE" make -C ./ci/../runtime/simx > /dev/null
Running: OPTS="-n96" make -C "./ci/../tests/opencl/sgemm3" run-simx
make: Entering directory '/home/so/vortex_aware_scheduler/build/tests/opencl/sgemm3'
g++ -std=c++17 -Wall -Wextra -Wfatal-errors -Wno-deprecated-declarations -Wno-unused-parameter -Wno-narrowing -pthread -I/home/so/tools/pocl/include -DPERF_ENABLE  -DVORTEX_ARBITER=2 -DNUM_CORES=1 -DNUM_WARPS=32 -DNUM_THREADS=32 -DL2_ENABLE -DPERF_ENABLE -O2 -DNDEBUG -c /home/so/vortex_aware_scheduler/tests/opencl/sgemm3/main.cc -o main.cc.o
In file included from /home/so/tools/pocl/include/CL/cl.h:20,
                 from /home/so/tools/pocl/include/CL/opencl.h:24,
                 from /home/so/vortex_aware_scheduler/tests/opencl/sgemm3/main.cc:4:
/home/so/tools/pocl/include/CL/cl_version.h:22:104: note: ‘#pragma message: cl_version.h: CL_TARGET_OPENCL_VERSION is not defined. Defaulting to 300 (OpenCL 3.0)’
   22 | #pragma message("cl_version.h: CL_TARGET_OPENCL_VERSION is not defined. Defaulting to 300 (OpenCL 3.0)")
      |                                                                                                        ^
g++ -std=c++17 -Wall -Wextra -Wfatal-errors -Wno-deprecated-declarations -Wno-unused-parameter -Wno-narrowing -pthread -I/home/so/tools/pocl/include -DPERF_ENABLE  -DVORTEX_ARBITER=2 -DNUM_CORES=1 -DNUM_WARPS=32 -DNUM_THREADS=32 -DL2_ENABLE -DPERF_ENABLE -O2 -DNDEBUG main.cc.o -Wl,-rpath,/home/so/tools/llvm-vortex/lib -L/home/so/vortex_aware_scheduler/build/runtime -lvortex -L/home/so/tools/pocl/lib -lOpenCL -o sgemm3
cp /home/so/vortex_aware_scheduler/tests/opencl/sgemm3/kernel.cl kernel.cl
LD_LIBRARY_PATH=/home/so/tools/pocl/lib:/home/so/vortex_aware_scheduler/build/runtime:/home/so/tools/llvm-vortex/lib: POCL_VORTEX_XLEN=64 LLVM_PREFIX=/home/so/tools/llvm-vortex POCL_VORTEX_BINTOOL="OBJCOPY=/home/so/tools/llvm-vortex/bin/llvm-objcopy /home/so/vortex_aware_scheduler/kernel/scripts/vxbin.py" POCL_VORTEX_CFLAGS="-march=rv64imafd -mabi=lp64d -O3 -mcmodel=medany --sysroot=/home/so/tools/riscv64-gnu-toolchain/riscv64-unknown-elf --gcc-toolchain=/home/so/tools/riscv64-gnu-toolchain -fno-rtti -fno-exceptions -nostartfiles -nostdlib -fdata-sections -ffunction-sections -I/home/so/vortex_aware_scheduler/build/hw -I/home/so/vortex_aware_scheduler/kernel/include -DXLEN_64 -DNDEBUG -DPERF_ENABLE  -DVORTEX_ARBITER=2 -DNUM_CORES=1 -DNUM_WARPS=32 -DNUM_THREADS=32 -DL2_ENABLE -DPERF_ENABLE -Xclang -target-feature -Xclang +vortex -Xclang -target-feature -Xclang +zicond -mllvm -disable-loop-idiom-all	" POCL_VORTEX_LDFLAGS="-Wl,-Bstatic,--gc-sections,-T/home/so/vortex_aware_scheduler/kernel/scripts/link64.ld,--defsym=STARTUP_ADDR=0x80000000 /home/so/vortex_aware_scheduler/build/kernel/libvortex.a -L/home/so/tools/libc64/lib -lm -lc /home/so/tools/libcrt64/lib/baremetal/libclang_rt.builtins-riscv64.a" VORTEX_DRIVER=simx ./sgemm3 -n96
Matrix size=96x96, tile size=4x4
Create context
Using device: Vortex OpenGPU
Allocate device buffers
Create program from kernel source
Upload source buffers
Execute the kernel
Elapsed time: 16083 ms
Download destination buffer
Verify result
PASSED!
PERF: core0: lmem reads=1769472
PERF: core0: lmem writes=442368
PERF: core0: lmem bank stalls=1581720 (utilization=58%)
PERF: core0: icache reads=919250
PERF: core0: icache read misses=541 (hit ratio=99%)
PERF: core0: icache mshr stalls=106578 (utilization=0%)
PERF: core0: dcache reads=584476
PERF: core0: dcache writes=124188
PERF: core0: dcache read misses=306603 (hit ratio=47%)
PERF: core0: dcache write misses=116191 (hit ratio=6%)
PERF: core0: dcache bank stalls=156635 (utilization=81%)
PERF: core0: dcache mshr stalls=44517 (utilization=90%)
PERF: core0: coalescer misses=311008 (hit ratio=56%)
PERF: l2cache reads=305025
PERF: l2cache writes=124188
PERF: l2cache read misses=27654 (hit ratio=90%)
PERF: l2cache write misses=38677 (hit ratio=68%)
PERF: l2cache bank stalls=40476 (utilization=91%)
PERF: l2cache mshr stalls=2663 (utilization=96%)
PERF: memory requests=151864 (reads=27655, writes=124209)
PERF: memory latency=158 cycles
PERF: memory bank stalls=0 (utilization=100%)
PERF: instrs=14788490, cycles=2658827, IPC=5.562036
make: Leaving directory '/home/so/vortex_aware_scheduler/build/tests/opencl/sgemm3'
