CONFIGS=-DDCACHE_SIZE=16384 -DDCACHE_NUM_WAYS=4 -DVX_SCHED_POLICY=WarpSchedulePolicy::GTO  -DNUM_CORES=1 -DNUM_WARPS=16 -DNUM_THREADS=16 -DPERF_ENABLE 
Running: CONFIGS="-DDCACHE_SIZE=16384 -DDCACHE_NUM_WAYS=4 -DVX_SCHED_POLICY=WarpSchedulePolicy::GTO  -DNUM_CORES=1 -DNUM_WARPS=16 -DNUM_THREADS=16 -DPERF_ENABLE " make -C ./ci/../runtime/simx > /dev/null
Running: make -C "./ci/../tests/opencl/bfs" run-simx
make: Entering directory '/home/ltj/2026urp/vortex_aware_scheduler/tests/opencl/bfs'
LD_LIBRARY_PATH=/home/ltj/tools/pocl/lib:/home/ltj/2026urp/vortex_aware_scheduler/runtime:/home/ltj/tools/llvm-vortex/lib: POCL_VORTEX_XLEN=64 LLVM_PREFIX=/home/ltj/tools/llvm-vortex POCL_VORTEX_BINTOOL="OBJCOPY=/home/ltj/tools/llvm-vortex/bin/llvm-objcopy /home/ltj/2026urp/vortex_aware_scheduler/kernel/scripts/vxbin.py" POCL_VORTEX_CFLAGS="-march=rv64imafd -mabi=lp64d -O3 -mcmodel=medany --sysroot=/home/ltj/tools/riscv64-gnu-toolchain/riscv64-unknown-elf --gcc-toolchain=/home/ltj/tools/riscv64-gnu-toolchain -fno-rtti -fno-exceptions -nostartfiles -nostdlib -fdata-sections -ffunction-sections -I/home/ltj/2026urp/vortex_aware_scheduler/hw -I/home/ltj/2026urp/vortex_aware_scheduler/kernel/include -DXLEN_64 -DNDEBUG -DDCACHE_SIZE=16384 -DDCACHE_NUM_WAYS=4 -DVX_SCHED_POLICY=WarpSchedulePolicy::GTO  -DNUM_CORES=1 -DNUM_WARPS=16 -DNUM_THREADS=16 -DPERF_ENABLE  -Xclang -target-feature -Xclang +vortex -Xclang -target-feature -Xclang +zicond -mllvm -disable-loop-idiom-all	" POCL_VORTEX_LDFLAGS="-Wl,-Bstatic,--gc-sections,-T/home/ltj/2026urp/vortex_aware_scheduler/kernel/scripts/link64.ld,--defsym=STARTUP_ADDR=0x80000000 /home/ltj/2026urp/vortex_aware_scheduler/kernel/libvortex.a -L/home/ltj/tools/libc64/lib -lm -lc /home/ltj/tools/libcrt64/lib/baremetal/libclang_rt.builtins-riscv64.a" VORTEX_DRIVER=simx ./bfs /home/ltj/2026urp/vortex_aware_scheduler/tests/opencl/bfs/graph4k.txt
enter demo main
Reading File
Reading File completed!
_clInit()
clReleaseKernel()
clReleaseKernel()
clReleaseProgram()
clReleaseCommandQueue()
PERF: core0: lmem reads=0
PERF: core0: lmem writes=0
PERF: core0: lmem bank stalls=0 (utilization=0%)
PERF: core0: icache reads=15331
PERF: core0: icache read misses=0 (hit ratio=100%)
PERF: core0: icache mshr stalls=0 (utilization=0%)
PERF: core0: dcache reads=14236
PERF: core0: dcache writes=14316
PERF: core0: dcache read misses=4603 (hit ratio=67%)
PERF: core0: dcache write misses=4681 (hit ratio=67%)
PERF: core0: dcache bank stalls=110801 (utilization=20%)
PERF: core0: dcache mshr stalls=0 (utilization=100%)
PERF: core0: coalescer misses=271846 (hit ratio=-2147483648%)
PERF: scheduler idle=122445 (88%)
PERF: scheduler stalls=0 (0%)
PERF: ibuffer stalls=80615 (58%)
PERF: scoreboard stalls=120844 (87%) (alu=6%, lsu=93%, csrs=0%, wctl=0%, fpu=0%)
PERF: operands stalls=979 (0%)
PERF: ifetches=15331
PERF: loads=44348
PERF: stores=19308
PERF: ifetch latency=5 cycles
PERF: load latency=56 cycles
PERF: ccws vta inserts=0
PERF: ccws vta hits=0
PERF: ccws throttled loads=0
PERF: ccws throttled warps=0
PERF: ccws fallback issues=0
PERF: ccws avg active issue candidates=0.000
PERF: ccws avg lls=0.000
PERF: ccws max lls=0
PERF: memory requests=18754 (reads=4406, writes=14348)
PERF: memory latency=147 cycles
PERF: memory bank stalls=1 (utilization=99%)
PERF: instrs=235201, cycles=137776, IPC=1.707126
clReleaseContext()
clReleaseDevice()
Passed!
make: Leaving directory '/home/ltj/2026urp/vortex_aware_scheduler/tests/opencl/bfs'
