>>> [gCAWS/vecadd/perf2] args="-n100000"
CONFIGS=-DPERF_ENABLE -DVORTEX_CACP_ENABLE=0 -DVORTEX_IPAWS_USE_CACP=0 -DVORTEX_SCHED=3  -DNUM_CORES=1 -DNUM_WARPS=32 -DNUM_THREADS=32 -DL2_ENABLE -DPERF_ENABLE 
Running: CONFIGS="-DPERF_ENABLE -DVORTEX_CACP_ENABLE=0 -DVORTEX_IPAWS_USE_CACP=0 -DVORTEX_SCHED=3  -DNUM_CORES=1 -DNUM_WARPS=32 -DNUM_THREADS=32 -DL2_ENABLE -DPERF_ENABLE " make -C ./ci/../runtime/simx > /dev/null
Running: OPTS="-n100000" make -C "./ci/../tests/regression/vecadd" run-simx
make: Entering directory '/data/URP_26_spring/bbosseong/vortex_aware_scheduler/build/tests/regression/vecadd'
LD_LIBRARY_PATH=/data/URP_26_spring/bbosseong/vortex_aware_scheduler/build/runtime: VORTEX_DRIVER=simx ./vecadd -n100000
open device connection
number of points: 100000
data type: float
buffer size: 400000 bytes
allocate device memory
dev_src0=0x10000
dev_src1=0x72000
dev_dst=0xd4000
allocate host buffers
upload source buffer0
upload source buffer1
Upload kernel binary
upload kernel argument
start device
wait for completion
download destination buffer
verify result
cleanup
PERF: core0: lmem reads=0
PERF: core0: lmem writes=0
PERF: core0: lmem bank stalls=0 (stall rate=0%)
PERF: core0: icache reads=101038
PERF: core0: icache read misses=387 (hit ratio=99%)
PERF: core0: icache mshr stalls=186069 (stall rate=9%)
PERF: core0: dcache reads=104347
PERF: core0: dcache writes=283214
PERF: core0: dcache read misses=56239 (hit ratio=46%)
PERF: core0: dcache write misses=210665 (hit ratio=25%)
PERF: core0: dcache bank stalls=88172 (stall rate=4%)
PERF: core0: dcache mshr stalls=104612 (stall rate=5%)
PERF: core0: coalescer misses=171632 (coalesce ratio=55%)
PERF: l2cache reads=54851
PERF: l2cache writes=283214
PERF: l2cache read misses=26703 (hit ratio=51%)
PERF: l2cache write misses=123283 (hit ratio=56%)
PERF: l2cache bank stalls=6 (stall rate=0%)
PERF: l2cache mshr stalls=14230 (stall rate=1%)
PERF: memory requests=309966 (reads=26706, writes=283260)
PERF: memory latency=284 cycles
PERF: memory bank stalls=0 (stall rate=0%)
PERF: instrs=3217367, cycles=2084565, IPC=1.543424
PASSED!
make: Leaving directory '/data/URP_26_spring/bbosseong/vortex_aware_scheduler/build/tests/regression/vecadd'
