>>> [GTO/vecadd/perf2] args="-n100000"
CONFIGS=-DPERF_ENABLE -DVORTEX_CACP_ENABLE=0 -DVORTEX_IPAWS_USE_CACP=0 -DVORTEX_SCHED=1  -DNUM_CORES=1 -DNUM_WARPS=32 -DNUM_THREADS=32 -DL2_ENABLE -DPERF_ENABLE 
Running: CONFIGS="-DPERF_ENABLE -DVORTEX_CACP_ENABLE=0 -DVORTEX_IPAWS_USE_CACP=0 -DVORTEX_SCHED=1  -DNUM_CORES=1 -DNUM_WARPS=32 -DNUM_THREADS=32 -DL2_ENABLE -DPERF_ENABLE " make -C ./ci/../runtime/simx > /dev/null
Running: OPTS="-n100000" make -C "./ci/../tests/regression/vecadd" run-simx
make: Entering directory '/data/URP_26_spring/bbosseong/vortex_aware_scheduler/build/tests/regression/vecadd'
LD_LIBRARY_PATH=/data/URP_26_spring/bbosseong/vortex_aware_scheduler/build/runtime: VORTEX_DRIVER=simx ./vecadd -n100000
open device connection
number of points: 100000
data type: float
buffer size: 400000 bytes
allocate device memory
dev_src0=0x10000
dev_src1=0x72000
dev_dst=0xd4000
allocate host buffers
upload source buffer0
upload source buffer1
Upload kernel binary
upload kernel argument
start device
wait for completion
download destination buffer
verify result
cleanup
PERF: core0: lmem reads=0
PERF: core0: lmem writes=0
PERF: core0: lmem bank stalls=0 (stall rate=0%)
PERF: core0: icache reads=101038
PERF: core0: icache read misses=421 (hit ratio=99%)
PERF: core0: icache mshr stalls=184124 (stall rate=9%)
PERF: core0: dcache reads=104347
PERF: core0: dcache writes=283214
PERF: core0: dcache read misses=55616 (hit ratio=46%)
PERF: core0: dcache write misses=209679 (hit ratio=25%)
PERF: core0: dcache bank stalls=87512 (stall rate=4%)
PERF: core0: dcache mshr stalls=88998 (stall rate=4%)
PERF: core0: coalescer misses=171632 (coalesce ratio=55%)
PERF: l2cache reads=54663
PERF: l2cache writes=283214
PERF: l2cache read misses=24443 (hit ratio=55%)
PERF: l2cache write misses=123477 (hit ratio=56%)
PERF: l2cache bank stalls=6 (stall rate=0%)
PERF: l2cache mshr stalls=3686 (stall rate=0%)
PERF: memory requests=307706 (reads=24446, writes=283260)
PERF: memory latency=305 cycles
PERF: memory bank stalls=0 (stall rate=0%)
PERF: instrs=3217303, cycles=2063436, IPC=1.559197
PASSED!
make: Leaving directory '/data/URP_26_spring/bbosseong/vortex_aware_scheduler/build/tests/regression/vecadd'
