CONFIGS=-DPERF_ENABLE -DNUM_LSU_BLOCKS=2 -DDCACHE_NUM_BANKS=4 -DVORTEX_SCHED=2 -DNUM_CORES=1 -DNUM_WARPS=32 -DNUM_THREADS=32 -DL2_ENABLE -DPERF_ENABLE
Running: CONFIGS="-DPERF_ENABLE -DNUM_LSU_BLOCKS=2 -DDCACHE_NUM_BANKS=4 -DVORTEX_SCHED=2 -DNUM_CORES=1 -DNUM_WARPS=32 -DNUM_THREADS=32 -DL2_ENABLE -DPERF_ENABLE" make -C ./ci/../runtime/simx > /dev/null
Running: OPTS="-n96" make -C "./ci/../tests/opencl/sgemm3" run-simx
make: Entering directory '/home/so/vortex_gcaws_kbs/build/tests/opencl/sgemm3'
LD_LIBRARY_PATH=/home/so/tools/pocl/lib:/home/so/vortex_gcaws_kbs/build/runtime:/home/so/tools/llvm-vortex/lib: POCL_VORTEX_XLEN=64 LLVM_PREFIX=/home/so/tools/llvm-vortex POCL_VORTEX_BINTOOL="OBJCOPY=/home/so/tools/llvm-vortex/bin/llvm-objcopy /home/so/vortex_gcaws_kbs/kernel/scripts/vxbin.py" POCL_VORTEX_CFLAGS="-march=rv64imafd -mabi=lp64d -O3 -mcmodel=medany --sysroot=/home/so/tools/riscv64-gnu-toolchain/riscv64-unknown-elf --gcc-toolchain=/home/so/tools/riscv64-gnu-toolchain -fno-rtti -fno-exceptions -nostartfiles -nostdlib -fdata-sections -ffunction-sections -I/home/so/vortex_gcaws_kbs/build/hw -I/home/so/vortex_gcaws_kbs/kernel/include -DXLEN_64 -DNDEBUG -DPERF_ENABLE -DNUM_LSU_BLOCKS=2 -DDCACHE_NUM_BANKS=4 -DVORTEX_SCHED=2 -DNUM_CORES=1 -DNUM_WARPS=32 -DNUM_THREADS=32 -DL2_ENABLE -DPERF_ENABLE -Xclang -target-feature -Xclang +vortex -Xclang -target-feature -Xclang +zicond -mllvm -disable-loop-idiom-all	" POCL_VORTEX_LDFLAGS="-Wl,-Bstatic,--gc-sections,-T/home/so/vortex_gcaws_kbs/kernel/scripts/link64.ld,--defsym=STARTUP_ADDR=0x80000000 /home/so/vortex_gcaws_kbs/build/kernel/libvortex.a -L/home/so/tools/libc64/lib -lm -lc /home/so/tools/libcrt64/lib/baremetal/libclang_rt.builtins-riscv64.a" VORTEX_DRIVER=simx ./sgemm3 -n96
Matrix size=128x128, tile size=32x32
Create context
Using device: Vortex OpenGPU
Allocate device buffers
Create program from kernel source
Upload source buffers
Execute the kernel
Elapsed time: 19161 ms
Download destination buffer
Verify result
PASSED!
PERF: scheduler idle=2629762 (78%)
PERF: scheduler stalls=0 (0%)
PERF: ibuffer stalls=1978072 (59%)
PERF: scoreboard stalls=4542305 (136%) (alu=1%, lsu=98%, csrs=0%, wctl=0%, fpu=0%)
PERF: operands stalls=10643 (0%)
PERF: ifetches=709635
PERF: loads=5092444
PERF: stores=371817
PERF: ifetch latency=13 cycles
PERF: load latency=44 cycles
PERF: instrs=22680421, cycles=3339347, IPC=6.791873
make: Leaving directory '/home/so/vortex_gcaws_kbs/build/tests/opencl/sgemm3'
