>>> [gCAWS/kmeans/perf2] args="-f100 -p1000"
CONFIGS=-DPERF_ENABLE  -DVORTEX_ARBITER=4 -DNUM_CORES=1 -DNUM_WARPS=32 -DNUM_THREADS=32 -DL2_ENABLE -DPERF_ENABLE
Running: CONFIGS="-DPERF_ENABLE  -DVORTEX_ARBITER=4 -DNUM_CORES=1 -DNUM_WARPS=32 -DNUM_THREADS=32 -DL2_ENABLE -DPERF_ENABLE" make -C ./ci/../runtime/simx > /dev/null
Running: OPTS="-f100 -p1000" make -C "./ci/../tests/opencl/kmeans" run-simx
make: Entering directory '/home/so/vortex_aware_scheduler/build/tests/opencl/kmeans'
LD_LIBRARY_PATH=/home/so/tools/pocl/lib:/home/so/vortex_aware_scheduler/build/runtime:/home/so/tools/llvm-vortex/lib: POCL_VORTEX_XLEN=64 LLVM_PREFIX=/home/so/tools/llvm-vortex POCL_VORTEX_BINTOOL="OBJCOPY=/home/so/tools/llvm-vortex/bin/llvm-objcopy /home/so/vortex_aware_scheduler/kernel/scripts/vxbin.py" POCL_VORTEX_CFLAGS="-march=rv64imafd -mabi=lp64d -O3 -mcmodel=medany --sysroot=/home/so/tools/riscv64-gnu-toolchain/riscv64-unknown-elf --gcc-toolchain=/home/so/tools/riscv64-gnu-toolchain -fno-rtti -fno-exceptions -nostartfiles -nostdlib -fdata-sections -ffunction-sections -I/home/so/vortex_aware_scheduler/build/hw -I/home/so/vortex_aware_scheduler/kernel/include -DXLEN_64 -DNDEBUG -DPERF_ENABLE  -DVORTEX_ARBITER=4 -DNUM_CORES=1 -DNUM_WARPS=32 -DNUM_THREADS=32 -DL2_ENABLE -DPERF_ENABLE -Xclang -target-feature -Xclang +vortex -Xclang -target-feature -Xclang +zicond -mllvm -disable-loop-idiom-all	" POCL_VORTEX_LDFLAGS="-Wl,-Bstatic,--gc-sections,-T/home/so/vortex_aware_scheduler/kernel/scripts/link64.ld,--defsym=STARTUP_ADDR=0x80000000 /home/so/vortex_aware_scheduler/build/kernel/libvortex.a -L/home/so/tools/libc64/lib -lm -lc /home/so/tools/libcrt64/lib/baremetal/libclang_rt.builtins-riscv64.a" VORTEX_DRIVER=simx ./kmeans -f100 -p1000
WG size of kernel_swap = 256, WG size of kernel_kmeans = 256 

I/O completed

Number of objects: 1000
Number of features: 100
iterated 2 times
Number of Iteration: 1
PERF: core0: lmem reads=0
PERF: core0: lmem writes=0
PERF: core0: lmem bank stalls=0 (utilization=0%)
PERF: core0: icache reads=175176
PERF: core0: icache read misses=0 (hit ratio=100%)
PERF: core0: icache mshr stalls=0 (utilization=0%)
PERF: core0: dcache reads=149599
PERF: core0: dcache writes=38825
PERF: core0: dcache read misses=83019 (hit ratio=44%)
PERF: core0: dcache write misses=38460 (hit ratio=0%)
PERF: core0: dcache bank stalls=270496 (utilization=41%)
PERF: core0: dcache mshr stalls=98906 (utilization=55%)
PERF: core0: coalescer misses=69888 (hit ratio=62%)
PERF: l2cache reads=59541
PERF: l2cache writes=38825
PERF: l2cache read misses=10565 (hit ratio=82%)
PERF: l2cache write misses=19158 (hit ratio=50%)
PERF: l2cache bank stalls=45142 (utilization=68%)
PERF: l2cache mshr stalls=1 (utilization=99%)
PERF: memory requests=49410 (reads=10565, writes=38845)
PERF: memory latency=254 cycles
PERF: memory bank stalls=0 (utilization=100%)
PERF: instrs=5432482, cycles=686942, IPC=7.908211
make: Leaving directory '/home/so/vortex_aware_scheduler/build/tests/opencl/kmeans'
