>>> [gCAWS/sgemm3/perf2] args="-n96"
CONFIGS=-DPERF_ENABLE  -DVORTEX_ARBITER=4 -DNUM_CORES=1 -DNUM_WARPS=32 -DNUM_THREADS=32 -DL2_ENABLE -DPERF_ENABLE
Running: CONFIGS="-DPERF_ENABLE  -DVORTEX_ARBITER=4 -DNUM_CORES=1 -DNUM_WARPS=32 -DNUM_THREADS=32 -DL2_ENABLE -DPERF_ENABLE" make -C ./ci/../runtime/simx > /dev/null
Running: OPTS="-n96" make -C "./ci/../tests/opencl/sgemm3" run-simx
make: Entering directory '/home/so/vortex_aware_scheduler/build/tests/opencl/sgemm3'
LD_LIBRARY_PATH=/home/so/tools/pocl/lib:/home/so/vortex_aware_scheduler/build/runtime:/home/so/tools/llvm-vortex/lib: POCL_VORTEX_XLEN=64 LLVM_PREFIX=/home/so/tools/llvm-vortex POCL_VORTEX_BINTOOL="OBJCOPY=/home/so/tools/llvm-vortex/bin/llvm-objcopy /home/so/vortex_aware_scheduler/kernel/scripts/vxbin.py" POCL_VORTEX_CFLAGS="-march=rv64imafd -mabi=lp64d -O3 -mcmodel=medany --sysroot=/home/so/tools/riscv64-gnu-toolchain/riscv64-unknown-elf --gcc-toolchain=/home/so/tools/riscv64-gnu-toolchain -fno-rtti -fno-exceptions -nostartfiles -nostdlib -fdata-sections -ffunction-sections -I/home/so/vortex_aware_scheduler/build/hw -I/home/so/vortex_aware_scheduler/kernel/include -DXLEN_64 -DNDEBUG -DPERF_ENABLE  -DVORTEX_ARBITER=4 -DNUM_CORES=1 -DNUM_WARPS=32 -DNUM_THREADS=32 -DL2_ENABLE -DPERF_ENABLE -Xclang -target-feature -Xclang +vortex -Xclang -target-feature -Xclang +zicond -mllvm -disable-loop-idiom-all	" POCL_VORTEX_LDFLAGS="-Wl,-Bstatic,--gc-sections,-T/home/so/vortex_aware_scheduler/kernel/scripts/link64.ld,--defsym=STARTUP_ADDR=0x80000000 /home/so/vortex_aware_scheduler/build/kernel/libvortex.a -L/home/so/tools/libc64/lib -lm -lc /home/so/tools/libcrt64/lib/baremetal/libclang_rt.builtins-riscv64.a" VORTEX_DRIVER=simx ./sgemm3 -n96
Matrix size=96x96, tile size=4x4
Create context
Using device: Vortex OpenGPU
Allocate device buffers
Create program from kernel source
Upload source buffers
Execute the kernel
Elapsed time: 16081 ms
Download destination buffer
Verify result
PASSED!
PERF: core0: lmem reads=1769472
PERF: core0: lmem writes=442368
PERF: core0: lmem bank stalls=1581660 (utilization=58%)
PERF: core0: icache reads=919250
PERF: core0: icache read misses=524 (hit ratio=99%)
PERF: core0: icache mshr stalls=108192 (utilization=0%)
PERF: core0: dcache reads=584476
PERF: core0: dcache writes=124188
PERF: core0: dcache read misses=305946 (hit ratio=47%)
PERF: core0: dcache write misses=116230 (hit ratio=6%)
PERF: core0: dcache bank stalls=156748 (utilization=81%)
PERF: core0: dcache mshr stalls=40391 (utilization=91%)
PERF: core0: coalescer misses=311008 (hit ratio=56%)
PERF: l2cache reads=304675
PERF: l2cache writes=124188
PERF: l2cache read misses=28849 (hit ratio=90%)
PERF: l2cache write misses=39991 (hit ratio=67%)
PERF: l2cache bank stalls=41662 (utilization=91%)
PERF: l2cache mshr stalls=149 (utilization=99%)
PERF: memory requests=153059 (reads=28850, writes=124209)
PERF: memory latency=139 cycles
PERF: memory bank stalls=0 (utilization=100%)
PERF: instrs=14788490, cycles=2664753, IPC=5.549666
make: Leaving directory '/home/so/vortex_aware_scheduler/build/tests/opencl/sgemm3'
