>>> [gCAWS/vecadd] args="-n100000"
CONFIGS=-DPERF_ENABLE -DVORTEX_CACP_ENABLE=0 -DVORTEX_IPAWS_USE_CACP=0 -DVORTEX_SCHED=3  -DNUM_CORES=1 -DNUM_WARPS=32 -DNUM_THREADS=32 -DL2_ENABLE -DPERF_ENABLE 
Running: CONFIGS="-DPERF_ENABLE -DVORTEX_CACP_ENABLE=0 -DVORTEX_IPAWS_USE_CACP=0 -DVORTEX_SCHED=3  -DNUM_CORES=1 -DNUM_WARPS=32 -DNUM_THREADS=32 -DL2_ENABLE -DPERF_ENABLE " make -C ./ci/../runtime/simx > /dev/null
Running: OPTS="-n100000" make -C "./ci/../tests/regression/vecadd" run-simx
make: Entering directory '/data/URP_26_spring/bbosseong/vortex_aware_scheduler/build/tests/regression/vecadd'
LD_LIBRARY_PATH=/data/URP_26_spring/bbosseong/vortex_aware_scheduler/build/runtime: VORTEX_DRIVER=simx ./vecadd -n100000
open device connection
number of points: 100000
data type: float
buffer size: 400000 bytes
allocate device memory
dev_src0=0x10000
dev_src1=0x72000
dev_dst=0xd4000
allocate host buffers
upload source buffer0
upload source buffer1
Upload kernel binary
upload kernel argument
start device
wait for completion
download destination buffer
verify result
cleanup
PERF: core0: lmem reads=0
PERF: core0: lmem writes=0
PERF: core0: lmem bank stalls=0 (utilization=0%)
PERF: core0: icache reads=1983583
PERF: core0: icache read misses=0 (hit ratio=100%)
PERF: core0: icache mshr stalls=1776443 (utilization=0%)
PERF: core0: dcache reads=2295674
PERF: core0: dcache writes=9807
PERF: core0: dcache read misses=136515 (hit ratio=94%)
PERF: core0: dcache write misses=9824 (hit ratio=0%)
PERF: core0: dcache bank stalls=39919151 (utilization=5%)
PERF: core0: dcache mshr stalls=248 (utilization=99%)
PERF: core0: coalescer misses=0 (hit ratio=100%)
PERF: scheduler idle=1983583 (95%)
PERF: scheduler stalls=0 (0%)
PERF: ibuffer stalls=1776443 (85%)
PERF: scoreboard stalls=2295674 (110%) (alu=0%, lsu=99%, csrs=0%, wctl=0%, fpu=0%)
PERF: operands stalls=9807 (0%)
PERF: ifetches=101082
PERF: loads=723567
PERF: stores=539025
PERF: ifetch latency=64 cycles
PERF: load latency=152 cycles
PERF: l2cache reads=280
PERF: l2cache writes=0
PERF: l2cache read misses=101082 (hit ratio=-36000%)
PERF: l2cache write misses=723567 (hit ratio=0%)
PERF: l2cache bank stalls=539025 (utilization=0%)
PERF: l2cache mshr stalls=6568819 (utilization=11%)
PERF: memory requests=0 (reads=0, writes=0)
PERF: memory latency=0 cycles
PERF: memory bank stalls=0 (utilization=0%)
PERF: instrs=3217367, cycles=2084565, IPC=1.543424
PASSED!
make: Leaving directory '/data/URP_26_spring/bbosseong/vortex_aware_scheduler/build/tests/regression/vecadd'
