>>> [gCAWS/vecadd/perf2] args="-n10000"
CONFIGS=-DPERF_ENABLE  -DVORTEX_ARBITER=4 -DNUM_CORES=1 -DNUM_WARPS=32 -DNUM_THREADS=32 -DL2_ENABLE -DPERF_ENABLE
Running: CONFIGS="-DPERF_ENABLE  -DVORTEX_ARBITER=4 -DNUM_CORES=1 -DNUM_WARPS=32 -DNUM_THREADS=32 -DL2_ENABLE -DPERF_ENABLE" make -C ./ci/../runtime/simx > /dev/null
Running: OPTS="-n10000" make -C "./ci/../tests/regression/vecadd" run-simx
make: Entering directory '/home/so/vortex_aware_scheduler/build/tests/regression/vecadd'
LD_LIBRARY_PATH=/home/so/vortex_aware_scheduler/build/runtime: VORTEX_DRIVER=simx ./vecadd -n10000
open device connection
number of points: 10000
data type: float
buffer size: 40000 bytes
allocate device memory
dev_src0=0x10000
dev_src1=0x1a000
dev_dst=0x24000
allocate host buffers
upload source buffer0
upload source buffer1
Upload kernel binary
upload kernel argument
start device
wait for completion
download destination buffer
verify result
cleanup
PERF: core0: lmem reads=0
PERF: core0: lmem writes=0
PERF: core0: lmem bank stalls=0 (utilization=0%)
PERF: core0: icache reads=18326
PERF: core0: icache read misses=395 (hit ratio=97%)
PERF: core0: icache mshr stalls=144779 (utilization=0%)
PERF: core0: dcache reads=33104
PERF: core0: dcache writes=56985
PERF: core0: dcache read misses=25376 (hit ratio=23%)
PERF: core0: dcache write misses=53444 (hit ratio=6%)
PERF: core0: dcache bank stalls=40174 (utilization=69%)
PERF: core0: dcache mshr stalls=93920 (utilization=45%)
PERF: core0: coalescer misses=20095 (hit ratio=77%)
PERF: l2cache reads=24113
PERF: l2cache writes=56985
PERF: l2cache read misses=16237 (hit ratio=32%)
PERF: l2cache write misses=44749 (hit ratio=21%)
PERF: l2cache bank stalls=4227 (utilization=95%)
PERF: l2cache mshr stalls=1460 (utilization=97%)
PERF: memory requests=73245 (reads=16238, writes=57007)
PERF: memory latency=191 cycles
PERF: memory bank stalls=0 (utilization=100%)
PERF: instrs=568873, cycles=494879, IPC=1.149519
PASSED!
make: Leaving directory '/home/so/vortex_aware_scheduler/build/tests/regression/vecadd'
