>>> [GTO/bfs/perf2] args="/home/so/vortex_aware_scheduler/tests/opencl/bfs/graph4k.txt"
CONFIGS=-DPERF_ENABLE  -DVORTEX_ARBITER=1 -DNUM_CORES=1 -DNUM_WARPS=32 -DNUM_THREADS=32 -DL2_ENABLE -DPERF_ENABLE
Running: CONFIGS="-DPERF_ENABLE  -DVORTEX_ARBITER=1 -DNUM_CORES=1 -DNUM_WARPS=32 -DNUM_THREADS=32 -DL2_ENABLE -DPERF_ENABLE" make -C ./ci/../runtime/simx > /dev/null
Running: OPTS="/home/so/vortex_aware_scheduler/tests/opencl/bfs/graph4k.txt" make -C "./ci/../tests/opencl/bfs" run-simx
make: Entering directory '/home/so/vortex_aware_scheduler/build/tests/opencl/bfs'
LD_LIBRARY_PATH=/home/so/tools/pocl/lib:/home/so/vortex_aware_scheduler/build/runtime:/home/so/tools/llvm-vortex/lib: POCL_VORTEX_XLEN=64 LLVM_PREFIX=/home/so/tools/llvm-vortex POCL_VORTEX_BINTOOL="OBJCOPY=/home/so/tools/llvm-vortex/bin/llvm-objcopy /home/so/vortex_aware_scheduler/kernel/scripts/vxbin.py" POCL_VORTEX_CFLAGS="-march=rv64imafd -mabi=lp64d -O3 -mcmodel=medany --sysroot=/home/so/tools/riscv64-gnu-toolchain/riscv64-unknown-elf --gcc-toolchain=/home/so/tools/riscv64-gnu-toolchain -fno-rtti -fno-exceptions -nostartfiles -nostdlib -fdata-sections -ffunction-sections -I/home/so/vortex_aware_scheduler/build/hw -I/home/so/vortex_aware_scheduler/kernel/include -DXLEN_64 -DNDEBUG -DPERF_ENABLE  -DVORTEX_ARBITER=1 -DNUM_CORES=1 -DNUM_WARPS=32 -DNUM_THREADS=32 -DL2_ENABLE -DPERF_ENABLE -Xclang -target-feature -Xclang +vortex -Xclang -target-feature -Xclang +zicond -mllvm -disable-loop-idiom-all	" POCL_VORTEX_LDFLAGS="-Wl,-Bstatic,--gc-sections,-T/home/so/vortex_aware_scheduler/kernel/scripts/link64.ld,--defsym=STARTUP_ADDR=0x80000000 /home/so/vortex_aware_scheduler/build/kernel/libvortex.a -L/home/so/tools/libc64/lib -lm -lc /home/so/tools/libcrt64/lib/baremetal/libclang_rt.builtins-riscv64.a" VORTEX_DRIVER=simx ./bfs /home/so/vortex_aware_scheduler/tests/opencl/bfs/graph4k.txt
enter demo main
Reading File
Reading File completed!
_clInit()
clReleaseKernel()
clReleaseKernel()
clReleaseProgram()
clReleaseCommandQueue()
PERF: core0: lmem reads=0
PERF: core0: lmem writes=0
PERF: core0: lmem bank stalls=0 (utilization=0%)
PERF: core0: icache reads=19672
PERF: core0: icache read misses=0 (hit ratio=100%)
PERF: core0: icache mshr stalls=0 (utilization=0%)
PERF: core0: dcache reads=22300
PERF: core0: dcache writes=34396
PERF: core0: dcache read misses=14163 (hit ratio=36%)
PERF: core0: dcache write misses=25498 (hit ratio=25%)
PERF: core0: dcache bank stalls=282617 (utilization=16%)
PERF: core0: dcache mshr stalls=78609 (utilization=33%)
PERF: core0: coalescer misses=381670 (hit ratio=-2147483648%)
PERF: l2cache reads=13854
PERF: l2cache writes=34396
PERF: l2cache read misses=5916 (hit ratio=57%)
PERF: l2cache write misses=18146 (hit ratio=47%)
PERF: l2cache bank stalls=32516 (utilization=59%)
PERF: l2cache mshr stalls=0 (utilization=100%)
PERF: memory requests=40332 (reads=5916, writes=34416)
PERF: memory latency=381 cycles
PERF: memory bank stalls=0 (utilization=100%)
PERF: instrs=395152, cycles=266020, IPC=1.485422
clReleaseContext()
clReleaseDevice()
Passed!
make: Leaving directory '/home/so/vortex_aware_scheduler/build/tests/opencl/bfs'
