>>> [GTO/blackscholes] args=""
CONFIGS=-DPERF_ENABLE -DVORTEX_CACP_ENABLE=0 -DVORTEX_IPAWS_USE_CACP=0 -DVORTEX_SCHED=1  -DNUM_CORES=1 -DNUM_WARPS=32 -DNUM_THREADS=32 -DL2_ENABLE -DPERF_ENABLE 
Running: CONFIGS="-DPERF_ENABLE -DVORTEX_CACP_ENABLE=0 -DVORTEX_IPAWS_USE_CACP=0 -DVORTEX_SCHED=1  -DNUM_CORES=1 -DNUM_WARPS=32 -DNUM_THREADS=32 -DL2_ENABLE -DPERF_ENABLE " make -C ./ci/../runtime/simx > /dev/null
Running: make -C "./ci/../tests/opencl/blackscholes" run-simx
make: Entering directory '/data/URP_26_spring/bbosseong/vortex_aware_scheduler/build/tests/opencl/blackscholes'
g++ -I/data/URP_26_spring/bbosseong/vortex_aware_scheduler/tests/opencl/blackscholes -std=c++17 -Wall -Wextra -Wfatal-errors -Wno-deprecated-declarations -Wno-unused-parameter -Wno-narrowing -pthread -I/data/URP_26_spring/bbosseong/tools/pocl/include -DPERF_ENABLE -DVORTEX_CACP_ENABLE=0 -DVORTEX_IPAWS_USE_CACP=0 -DVORTEX_SCHED=1  -DNUM_CORES=1 -DNUM_WARPS=32 -DNUM_THREADS=32 -DL2_ENABLE -DPERF_ENABLE  -O2 -DNDEBUG -MM /data/URP_26_spring/bbosseong/vortex_aware_scheduler/tests/opencl/blackscholes/main.cc /data/URP_26_spring/bbosseong/vortex_aware_scheduler/tests/opencl/blackscholes/oclUtils.cpp /data/URP_26_spring/bbosseong/vortex_aware_scheduler/tests/opencl/blackscholes/shrUtils.cpp /data/URP_26_spring/bbosseong/vortex_aware_scheduler/tests/opencl/blackscholes/cmd_arg_reader.cpp /data/URP_26_spring/bbosseong/vortex_aware_scheduler/tests/opencl/blackscholes/oclBlackScholes_launcher.cpp /data/URP_26_spring/bbosseong/vortex_aware_scheduler/tests/opencl/blackscholes/oclBlackScholes_gold.cpp > .depend;
g++ -I/data/URP_26_spring/bbosseong/vortex_aware_scheduler/tests/opencl/blackscholes -std=c++17 -Wall -Wextra -Wfatal-errors -Wno-deprecated-declarations -Wno-unused-parameter -Wno-narrowing -pthread -I/data/URP_26_spring/bbosseong/tools/pocl/include -DPERF_ENABLE -DVORTEX_CACP_ENABLE=0 -DVORTEX_IPAWS_USE_CACP=0 -DVORTEX_SCHED=1  -DNUM_CORES=1 -DNUM_WARPS=32 -DNUM_THREADS=32 -DL2_ENABLE -DPERF_ENABLE  -O2 -DNDEBUG -c /data/URP_26_spring/bbosseong/vortex_aware_scheduler/tests/opencl/blackscholes/main.cc -o main.cc.o
In file included from /data/URP_26_spring/bbosseong/tools/pocl/include/CL/cl.h:20,
                 from /data/URP_26_spring/bbosseong/tools/pocl/include/CL/opencl.h:24,
                 from /data/URP_26_spring/bbosseong/vortex_aware_scheduler/tests/opencl/blackscholes/oclUtils.h:26,
                 from /data/URP_26_spring/bbosseong/vortex_aware_scheduler/tests/opencl/blackscholes/main.cc:13:
/data/URP_26_spring/bbosseong/tools/pocl/include/CL/cl_version.h:22:104: note: ‘#pragma message: cl_version.h: CL_TARGET_OPENCL_VERSION is not defined. Defaulting to 300 (OpenCL 3.0)’
   22 | #pragma message("cl_version.h: CL_TARGET_OPENCL_VERSION is not defined. Defaulting to 300 (OpenCL 3.0)")
      |                                                                                                        ^
g++ -I/data/URP_26_spring/bbosseong/vortex_aware_scheduler/tests/opencl/blackscholes -std=c++17 -Wall -Wextra -Wfatal-errors -Wno-deprecated-declarations -Wno-unused-parameter -Wno-narrowing -pthread -I/data/URP_26_spring/bbosseong/tools/pocl/include -DPERF_ENABLE -DVORTEX_CACP_ENABLE=0 -DVORTEX_IPAWS_USE_CACP=0 -DVORTEX_SCHED=1  -DNUM_CORES=1 -DNUM_WARPS=32 -DNUM_THREADS=32 -DL2_ENABLE -DPERF_ENABLE  -O2 -DNDEBUG main.cc.o oclUtils.cpp.o shrUtils.cpp.o cmd_arg_reader.cpp.o oclBlackScholes_launcher.cpp.o oclBlackScholes_gold.cpp.o -Wl,-rpath,/data/URP_26_spring/bbosseong/tools/llvm-vortex/lib -L/data/URP_26_spring/bbosseong/vortex_aware_scheduler/build/runtime -lvortex -L/data/URP_26_spring/bbosseong/tools/pocl/lib -lOpenCL -o blackscholes
LD_LIBRARY_PATH=/data/URP_26_spring/bbosseong/tools/pocl/lib:/data/URP_26_spring/bbosseong/vortex_aware_scheduler/build/runtime:/data/URP_26_spring/bbosseong/tools/llvm-vortex/lib: POCL_VORTEX_XLEN=32 LLVM_PREFIX=/data/URP_26_spring/bbosseong/tools/llvm-vortex POCL_VORTEX_BINTOOL="OBJCOPY=/data/URP_26_spring/bbosseong/tools/llvm-vortex/bin/llvm-objcopy /data/URP_26_spring/bbosseong/vortex_aware_scheduler/kernel/scripts/vxbin.py" POCL_VORTEX_CFLAGS="-march=rv32imaf -mabi=ilp32f -O3 -mcmodel=medany --sysroot=/data/URP_26_spring/bbosseong/tools/riscv32-gnu-toolchain/riscv32-unknown-elf --gcc-toolchain=/data/URP_26_spring/bbosseong/tools/riscv32-gnu-toolchain -fno-rtti -fno-exceptions -nostartfiles -nostdlib -fdata-sections -ffunction-sections -I/data/URP_26_spring/bbosseong/vortex_aware_scheduler/build/hw -I/data/URP_26_spring/bbosseong/vortex_aware_scheduler/kernel/include -DXLEN_32 -DNDEBUG -DPERF_ENABLE -DVORTEX_CACP_ENABLE=0 -DVORTEX_IPAWS_USE_CACP=0 -DVORTEX_SCHED=1  -DNUM_CORES=1 -DNUM_WARPS=32 -DNUM_THREADS=32 -DL2_ENABLE -DPERF_ENABLE  -Xclang -target-feature -Xclang +vortex -Xclang -target-feature -Xclang +zicond -mllvm -disable-loop-idiom-all	" POCL_VORTEX_LDFLAGS="-Wl,-Bstatic,--gc-sections,-T/data/URP_26_spring/bbosseong/vortex_aware_scheduler/kernel/scripts/link32.ld,--defsym=STARTUP_ADDR=0x80000000 /data/URP_26_spring/bbosseong/vortex_aware_scheduler/build/kernel/libvortex.a -L/data/URP_26_spring/bbosseong/tools/libc32/lib -lm -lc /data/URP_26_spring/bbosseong/tools/libcrt32/lib/baremetal/libclang_rt.builtins-riscv32.a" VORTEX_DRIVER=simx ./blackscholes 
[blackscholes] starting...

WARNING: NVIDIA OpenCL platform not found - defaulting to first platform!

clGetPlatformID...
Get the Device info and select Device...
  # of Devices Available = 1
  Using Device 0: Vortex OpenGPU
  # of Compute Units = 1
./blackscholes Starting...

Allocating and initializing host memory...
Initializing OpenCL...
WARNING: NVIDIA OpenCL platform not found - defaulting to first platform!

Creating OpenCL memory objects...
Starting up BlackScholes...
...creating BlackScholes program
...building BlackScholes program
...creating BlackScholes kernels
Running OpenCL BlackScholes...


Reading back OpenCL BlackScholes results...
Comparing against Host/C++ computation...
Relative L1 (call, put) = (1.654e-07, 5.073e-08)

Shutting down...
PERF: core0: lmem reads=0
PERF: core0: lmem writes=0
PERF: core0: lmem bank stalls=0 (utilization=0%)
PERF: core0: icache reads=105306953
PERF: core0: icache read misses=0 (hit ratio=100%)
PERF: core0: icache mshr stalls=26704045 (utilization=0%)
PERF: core0: dcache reads=177961278
PERF: core0: dcache writes=371829
PERF: core0: dcache read misses=23034598 (hit ratio=87%)
PERF: core0: dcache write misses=298847 (hit ratio=19%)
PERF: core0: dcache bank stalls=306283129 (utilization=36%)
PERF: core0: dcache mshr stalls=234 (utilization=99%)
PERF: core0: coalescer misses=0 (hit ratio=100%)
PERF: scheduler idle=105306953 (93%)
PERF: scheduler stalls=0 (0%)
PERF: ibuffer stalls=26704045 (23%)
PERF: scoreboard stalls=177961278 (158%) (alu=6%, lsu=92%, csrs=0%, wctl=0%, fpu=0%)
PERF: operands stalls=371829 (0%)
PERF: ifetches=6872651
PERF: loads=15237021
PERF: stores=14000948
PERF: ifetch latency=5 cycles
PERF: load latency=392 cycles
PERF: l2cache reads=258
PERF: l2cache writes=0
PERF: l2cache read misses=6872651 (hit ratio=-2663718%)
PERF: l2cache write misses=15237021 (hit ratio=0%)
PERF: l2cache bank stalls=14000948 (utilization=0%)
PERF: l2cache mshr stalls=38735762 (utilization=36%)
PERF: memory requests=0 (reads=0, writes=0)
PERF: memory latency=0 cycles
PERF: memory bank stalls=0 (utilization=0%)
PERF: instrs=198637522, cycles=112179504, IPC=1.770711
[blackscholes] test results...
PASSED

> exiting in 3 seconds: 3...2...1...done!

make: Leaving directory '/data/URP_26_spring/bbosseong/vortex_aware_scheduler/build/tests/opencl/blackscholes'
