>>> [GTO/vecadd] args="-n100000"
CONFIGS=-DPERF_ENABLE -DVORTEX_CACP_ENABLE=0 -DVORTEX_IPAWS_USE_CACP=0 -DVORTEX_SCHED=1  -DNUM_CORES=1 -DNUM_WARPS=32 -DNUM_THREADS=32 -DL2_ENABLE -DPERF_ENABLE 
Running: CONFIGS="-DPERF_ENABLE -DVORTEX_CACP_ENABLE=0 -DVORTEX_IPAWS_USE_CACP=0 -DVORTEX_SCHED=1  -DNUM_CORES=1 -DNUM_WARPS=32 -DNUM_THREADS=32 -DL2_ENABLE -DPERF_ENABLE " make -C ./ci/../runtime/simx > /dev/null
Running: OPTS="-n100000" make -C "./ci/../tests/regression/vecadd" run-simx
make: Entering directory '/data/URP_26_spring/bbosseong/vortex_aware_scheduler/build/tests/regression/vecadd'
g++ -std=c++17 -Wall -Wextra -pedantic -Wfatal-errors -I/data/URP_26_spring/bbosseong/vortex_aware_scheduler/runtime/include -I/data/URP_26_spring/bbosseong/vortex_aware_scheduler/build/hw -I/data/URP_26_spring/bbosseong/vortex_aware_scheduler/sim/common -DPERF_ENABLE -DVORTEX_CACP_ENABLE=0 -DVORTEX_IPAWS_USE_CACP=0 -DVORTEX_SCHED=1  -DNUM_CORES=1 -DNUM_WARPS=32 -DNUM_THREADS=32 -DL2_ENABLE -DPERF_ENABLE  -O2 -DNDEBUG -MM /data/URP_26_spring/bbosseong/vortex_aware_scheduler/tests/regression/vecadd/main.cpp > .depend;
g++ -std=c++17 -Wall -Wextra -pedantic -Wfatal-errors -I/data/URP_26_spring/bbosseong/vortex_aware_scheduler/runtime/include -I/data/URP_26_spring/bbosseong/vortex_aware_scheduler/build/hw -I/data/URP_26_spring/bbosseong/vortex_aware_scheduler/sim/common -DPERF_ENABLE -DVORTEX_CACP_ENABLE=0 -DVORTEX_IPAWS_USE_CACP=0 -DVORTEX_SCHED=1  -DNUM_CORES=1 -DNUM_WARPS=32 -DNUM_THREADS=32 -DL2_ENABLE -DPERF_ENABLE  -O2 -DNDEBUG /data/URP_26_spring/bbosseong/vortex_aware_scheduler/tests/regression/vecadd/main.cpp -L/data/URP_26_spring/bbosseong/vortex_aware_scheduler/build/runtime -lvortex -o vecadd
/data/URP_26_spring/bbosseong/tools/llvm-vortex/bin/clang++ --sysroot=/data/URP_26_spring/bbosseong/tools/riscv32-gnu-toolchain/riscv32-unknown-elf --gcc-toolchain=/data/URP_26_spring/bbosseong/tools/riscv32-gnu-toolchain -Xclang -target-feature -Xclang +vortex -Xclang -target-feature -Xclang +zicond -mllvm -disable-loop-idiom-all  -march=rv32imaf -mabi=ilp32f -O3 -mcmodel=medany -fno-rtti -fno-exceptions -nostartfiles -nostdlib -fdata-sections -ffunction-sections -I/data/URP_26_spring/bbosseong/vortex_aware_scheduler/kernel/include -I/data/URP_26_spring/bbosseong/vortex_aware_scheduler/build/hw -I/data/URP_26_spring/bbosseong/vortex_aware_scheduler/sim/common -DXLEN_32 -DNDEBUG -DPERF_ENABLE -DVORTEX_CACP_ENABLE=0 -DVORTEX_IPAWS_USE_CACP=0 -DVORTEX_SCHED=1  -DNUM_CORES=1 -DNUM_WARPS=32 -DNUM_THREADS=32 -DL2_ENABLE -DPERF_ENABLE  /data/URP_26_spring/bbosseong/vortex_aware_scheduler/tests/regression/vecadd/kernel.cpp -Wl,-Bstatic,--gc-sections,-T,/data/URP_26_spring/bbosseong/vortex_aware_scheduler/kernel/scripts/link32.ld,--defsym=STARTUP_ADDR=0x80000000 /data/URP_26_spring/bbosseong/vortex_aware_scheduler/build/kernel/libvortex.a -L/data/URP_26_spring/bbosseong/tools/libc32/lib -lm -lc /data/URP_26_spring/bbosseong/tools/libcrt32/lib/baremetal/libclang_rt.builtins-riscv32.a -o kernel.elf
OBJCOPY=/data/URP_26_spring/bbosseong/tools/llvm-vortex/bin/llvm-objcopy /data/URP_26_spring/bbosseong/vortex_aware_scheduler/kernel/scripts/vxbin.py kernel.elf kernel.vxbin
LD_LIBRARY_PATH=/data/URP_26_spring/bbosseong/vortex_aware_scheduler/build/runtime: VORTEX_DRIVER=simx ./vecadd -n100000
open device connection
number of points: 100000
data type: float
buffer size: 400000 bytes
allocate device memory
dev_src0=0x10000
dev_src1=0x72000
dev_dst=0xd4000
allocate host buffers
upload source buffer0
upload source buffer1
Upload kernel binary
upload kernel argument
start device
wait for completion
download destination buffer
verify result
cleanup
PERF: core0: lmem reads=0
PERF: core0: lmem writes=0
PERF: core0: lmem bank stalls=0 (utilization=0%)
PERF: core0: icache reads=1962454
PERF: core0: icache read misses=0 (hit ratio=100%)
PERF: core0: icache mshr stalls=1755301 (utilization=0%)
PERF: core0: dcache reads=1993116
PERF: core0: dcache writes=9807
PERF: core0: dcache read misses=114358 (hit ratio=94%)
PERF: core0: dcache write misses=10043 (hit ratio=-2%)
PERF: core0: dcache bank stalls=33704495 (utilization=5%)
PERF: core0: dcache mshr stalls=254 (utilization=99%)
PERF: core0: coalescer misses=0 (hit ratio=100%)
PERF: scheduler idle=1962454 (95%)
PERF: scheduler stalls=0 (0%)
PERF: ibuffer stalls=1755301 (85%)
PERF: scoreboard stalls=1993116 (96%) (alu=0%, lsu=99%, csrs=0%, wctl=0%, fpu=0%)
PERF: operands stalls=9807 (0%)
PERF: ifetches=101082
PERF: loads=723567
PERF: stores=539025
PERF: ifetch latency=64 cycles
PERF: load latency=153 cycles
PERF: l2cache reads=286
PERF: l2cache writes=0
PERF: l2cache read misses=101082 (hit ratio=-35243%)
PERF: l2cache write misses=723567 (hit ratio=0%)
PERF: l2cache bank stalls=539025 (utilization=0%)
PERF: l2cache mshr stalls=6530098 (utilization=11%)
PERF: memory requests=0 (reads=0, writes=0)
PERF: memory latency=0 cycles
PERF: memory bank stalls=0 (utilization=0%)
PERF: instrs=3217303, cycles=2063436, IPC=1.559197
PASSED!
make: Leaving directory '/data/URP_26_spring/bbosseong/vortex_aware_scheduler/build/tests/regression/vecadd'
