>>> [RR/hotspot/perf2] args="128 1 2 temp_128 power_128 output.out"
CONFIGS=-DPERF_ENABLE -DVORTEX_CACP_ENABLE=0 -DVORTEX_IPAWS_USE_CACP=0 -DVORTEX_SCHED=2  -DNUM_CORES=1 -DNUM_WARPS=32 -DNUM_THREADS=32 -DL2_ENABLE -DPERF_ENABLE 
Running: CONFIGS="-DPERF_ENABLE -DVORTEX_CACP_ENABLE=0 -DVORTEX_IPAWS_USE_CACP=0 -DVORTEX_SCHED=2  -DNUM_CORES=1 -DNUM_WARPS=32 -DNUM_THREADS=32 -DL2_ENABLE -DPERF_ENABLE " make -C ./ci/../runtime/simx > /dev/null
Running: OPTS="128 1 2 temp_128 power_128 output.out" make -C "./ci/../tests/opencl/hotspot" run-simx
make: Entering directory '/data/URP_26_spring/bbosseong/vortex_aware_scheduler/build/tests/opencl/hotspot'
LD_LIBRARY_PATH=/data/URP_26_spring/bbosseong/tools/pocl/lib:/data/URP_26_spring/bbosseong/vortex_aware_scheduler/build/runtime:/data/URP_26_spring/bbosseong/tools/llvm-vortex/lib: POCL_VORTEX_XLEN=32 LLVM_PREFIX=/data/URP_26_spring/bbosseong/tools/llvm-vortex POCL_VORTEX_BINTOOL="OBJCOPY=/data/URP_26_spring/bbosseong/tools/llvm-vortex/bin/llvm-objcopy /data/URP_26_spring/bbosseong/vortex_aware_scheduler/kernel/scripts/vxbin.py" POCL_VORTEX_CFLAGS="-march=rv32imaf -mabi=ilp32f -O3 -mcmodel=medany --sysroot=/data/URP_26_spring/bbosseong/tools/riscv32-gnu-toolchain/riscv32-unknown-elf --gcc-toolchain=/data/URP_26_spring/bbosseong/tools/riscv32-gnu-toolchain -fno-rtti -fno-exceptions -nostartfiles -nostdlib -fdata-sections -ffunction-sections -I/data/URP_26_spring/bbosseong/vortex_aware_scheduler/build/hw -I/data/URP_26_spring/bbosseong/vortex_aware_scheduler/kernel/include -DXLEN_32 -DNDEBUG -DPERF_ENABLE -DVORTEX_CACP_ENABLE=0 -DVORTEX_IPAWS_USE_CACP=0 -DVORTEX_SCHED=2  -DNUM_CORES=1 -DNUM_WARPS=32 -DNUM_THREADS=32 -DL2_ENABLE -DPERF_ENABLE  -Xclang -target-feature -Xclang +vortex -Xclang -target-feature -Xclang +zicond -mllvm -disable-loop-idiom-all" POCL_VORTEX_LDFLAGS="-Wl,-Bstatic,--gc-sections,-T/data/URP_26_spring/bbosseong/vortex_aware_scheduler/kernel/scripts/link32.ld,--defsym=STARTUP_ADDR=0x80000000 /data/URP_26_spring/bbosseong/vortex_aware_scheduler/build/kernel/libvortex.a -L/data/URP_26_spring/bbosseong/tools/libc32/lib -lm -lc /data/URP_26_spring/bbosseong/tools/libcrt32/lib/baremetal/libclang_rt.builtins-riscv32.a" VORTEX_DRIVER=simx ./hotspot 128 1 2 temp_128 power_128 output.out
WG size of kernel = 4 X 4
Platform: The pocl project
Device: Vortex OpenGPU

Kernel time: 7.306 seconds
Total time: 7.306 seconds
PERF: core0: lmem reads=0
PERF: core0: lmem writes=0
PERF: core0: lmem bank stalls=0 (stall rate=0%)
PERF: core0: icache reads=121721
PERF: core0: icache read misses=469 (hit ratio=99%)
PERF: core0: icache mshr stalls=86554 (stall rate=18%)
PERF: core0: dcache reads=85115
PERF: core0: dcache writes=51418
PERF: core0: dcache read misses=19933 (hit ratio=76%)
PERF: core0: dcache write misses=37846 (hit ratio=26%)
PERF: core0: dcache bank stalls=12288 (stall rate=2%)
PERF: core0: dcache mshr stalls=48648 (stall rate=10%)
PERF: core0: coalescer misses=216448 (coalesce ratio=0%)
PERF: l2cache reads=18073
PERF: l2cache writes=51418
PERF: l2cache read misses=11284 (hit ratio=37%)
PERF: l2cache write misses=26780 (hit ratio=47%)
PERF: l2cache bank stalls=7 (stall rate=0%)
PERF: l2cache mshr stalls=14820 (stall rate=3%)
PERF: memory requests=62750 (reads=11286, writes=51464)
PERF: memory latency=136 cycles
PERF: memory bank stalls=0 (stall rate=0%)
PERF: instrs=2017103, cycles=473406, IPC=4.260831
make: Leaving directory '/data/URP_26_spring/bbosseong/vortex_aware_scheduler/build/tests/opencl/hotspot'
