>>> [RR/sgemm3/perf2] args="-n96"
CONFIGS=-DPERF_ENABLE -DVORTEX_CACP_ENABLE=0 -DVORTEX_IPAWS_USE_CACP=0 -DVORTEX_SCHED=2  -DNUM_CORES=1 -DNUM_WARPS=32 -DNUM_THREADS=32 -DL2_ENABLE -DPERF_ENABLE 
Running: CONFIGS="-DPERF_ENABLE -DVORTEX_CACP_ENABLE=0 -DVORTEX_IPAWS_USE_CACP=0 -DVORTEX_SCHED=2  -DNUM_CORES=1 -DNUM_WARPS=32 -DNUM_THREADS=32 -DL2_ENABLE -DPERF_ENABLE " make -C ./ci/../runtime/simx > /dev/null
Running: OPTS="-n96" make -C "./ci/../tests/opencl/sgemm3" run-simx
make: Entering directory '/data/URP_26_spring/bbosseong/vortex_aware_scheduler/build/tests/opencl/sgemm3'
LD_LIBRARY_PATH=/data/URP_26_spring/bbosseong/tools/pocl/lib:/data/URP_26_spring/bbosseong/vortex_aware_scheduler/build/runtime:/data/URP_26_spring/bbosseong/tools/llvm-vortex/lib: POCL_VORTEX_XLEN=32 LLVM_PREFIX=/data/URP_26_spring/bbosseong/tools/llvm-vortex POCL_VORTEX_BINTOOL="OBJCOPY=/data/URP_26_spring/bbosseong/tools/llvm-vortex/bin/llvm-objcopy /data/URP_26_spring/bbosseong/vortex_aware_scheduler/kernel/scripts/vxbin.py" POCL_VORTEX_CFLAGS="-march=rv32imaf -mabi=ilp32f -O3 -mcmodel=medany --sysroot=/data/URP_26_spring/bbosseong/tools/riscv32-gnu-toolchain/riscv32-unknown-elf --gcc-toolchain=/data/URP_26_spring/bbosseong/tools/riscv32-gnu-toolchain -fno-rtti -fno-exceptions -nostartfiles -nostdlib -fdata-sections -ffunction-sections -I/data/URP_26_spring/bbosseong/vortex_aware_scheduler/build/hw -I/data/URP_26_spring/bbosseong/vortex_aware_scheduler/kernel/include -DXLEN_32 -DNDEBUG -DPERF_ENABLE -DVORTEX_CACP_ENABLE=0 -DVORTEX_IPAWS_USE_CACP=0 -DVORTEX_SCHED=2  -DNUM_CORES=1 -DNUM_WARPS=32 -DNUM_THREADS=32 -DL2_ENABLE -DPERF_ENABLE  -Xclang -target-feature -Xclang +vortex -Xclang -target-feature -Xclang +zicond -mllvm -disable-loop-idiom-all	" POCL_VORTEX_LDFLAGS="-Wl,-Bstatic,--gc-sections,-T/data/URP_26_spring/bbosseong/vortex_aware_scheduler/kernel/scripts/link32.ld,--defsym=STARTUP_ADDR=0x80000000 /data/URP_26_spring/bbosseong/vortex_aware_scheduler/build/kernel/libvortex.a -L/data/URP_26_spring/bbosseong/tools/libc32/lib -lm -lc /data/URP_26_spring/bbosseong/tools/libcrt32/lib/baremetal/libclang_rt.builtins-riscv32.a" VORTEX_DRIVER=simx ./sgemm3 -n96
Matrix size=512x512, tile size=32x32
Create context
Using device: Vortex OpenGPU
Allocate device buffers
Create program from kernel source
Upload source buffers
Execute the kernel
Elapsed time: 649043 ms
Download destination buffer
Verify result
PASSED!
PERF: core0: lmem reads=0
PERF: core0: lmem writes=0
PERF: core0: lmem bank stalls=0 (stall rate=0%)
PERF: core0: icache reads=32956309
PERF: core0: icache read misses=519 (hit ratio=99%)
PERF: core0: icache mshr stalls=189773 (stall rate=0%)
PERF: core0: dcache reads=24507186
PERF: core0: dcache writes=2536538
PERF: core0: dcache read misses=5846348 (hit ratio=76%)
PERF: core0: dcache write misses=2005818 (hit ratio=20%)
PERF: core0: dcache bank stalls=6128472 (stall rate=6%)
PERF: core0: dcache mshr stalls=12604291 (stall rate=13%)
PERF: core0: coalescer misses=4215442 (coalesce ratio=84%)
PERF: l2cache reads=5681241
PERF: l2cache writes=2536538
PERF: l2cache read misses=1549166 (hit ratio=72%)
PERF: l2cache write misses=1433478 (hit ratio=43%)
PERF: l2cache bank stalls=7 (stall rate=0%)
PERF: l2cache mshr stalls=14958 (stall rate=0%)
PERF: memory requests=4085819 (reads=1549240, writes=2536579)
PERF: memory latency=180 cycles
PERF: memory bank stalls=6 (stall rate=0%)
PERF: instrs=1054572366, cycles=92497310, IPC=11.401114
make: Leaving directory '/data/URP_26_spring/bbosseong/vortex_aware_scheduler/build/tests/opencl/sgemm3'
