>>> [RR/vecadd/perf2] args="-n10000"
CONFIGS=-DPERF_ENABLE -DVORTEX_CACP_ENABLE=0 -DVORTEX_IPAWS_USE_CACP=0 -DVORTEX_SCHED=2  -DNUM_CORES=1 -DNUM_WARPS=32 -DNUM_THREADS=32 -DL2_ENABLE -DPERF_ENABLE 
Running: CONFIGS="-DPERF_ENABLE -DVORTEX_CACP_ENABLE=0 -DVORTEX_IPAWS_USE_CACP=0 -DVORTEX_SCHED=2  -DNUM_CORES=1 -DNUM_WARPS=32 -DNUM_THREADS=32 -DL2_ENABLE -DPERF_ENABLE " make -C ./ci/../runtime/simx > /dev/null
Running: OPTS="-n10000" make -C "./ci/../tests/regression/vecadd" run-simx
make: Entering directory '/data/URP_26_spring/bbosseong/vortex_aware_scheduler/build/tests/regression/vecadd'
LD_LIBRARY_PATH=/data/URP_26_spring/bbosseong/vortex_aware_scheduler/build/runtime: VORTEX_DRIVER=simx ./vecadd -n10000
open device connection
number of points: 10000
data type: float
buffer size: 40000 bytes
allocate device memory
dev_src0=0x10000
dev_src1=0x1a000
dev_dst=0x24000
allocate host buffers
upload source buffer0
upload source buffer1
Upload kernel binary
upload kernel argument
start device
wait for completion
download destination buffer
verify result
cleanup
PERF: core0: lmem reads=0
PERF: core0: lmem writes=0
PERF: core0: lmem bank stalls=0 (stall rate=0%)
PERF: core0: icache reads=16698
PERF: core0: icache read misses=426 (hit ratio=97%)
PERF: core0: icache mshr stalls=184956 (stall rate=39%)
PERF: core0: dcache reads=25602
PERF: core0: dcache writes=52589
PERF: core0: dcache read misses=20538 (hit ratio=19%)
PERF: core0: dcache write misses=45725 (hit ratio=13%)
PERF: core0: dcache bank stalls=22882 (stall rate=4%)
PERF: core0: dcache mshr stalls=99228 (stall rate=20%)
PERF: core0: coalescer misses=36656 (coalesce ratio=53%)
PERF: l2cache reads=20313
PERF: l2cache writes=52589
PERF: l2cache read misses=15454 (hit ratio=23%)
PERF: l2cache write misses=36774 (hit ratio=30%)
PERF: l2cache bank stalls=8 (stall rate=0%)
PERF: l2cache mshr stalls=9491 (stall rate=2%)
PERF: memory requests=68092 (reads=15457, writes=52635)
PERF: memory latency=177 cycles
PERF: memory bank stalls=0 (stall rate=0%)
PERF: instrs=517660, cycles=472941, IPC=1.094555
PASSED!
make: Leaving directory '/data/URP_26_spring/bbosseong/vortex_aware_scheduler/build/tests/regression/vecadd'
