>>> [iPAWS/bfs] args=""
CONFIGS=-DDCACHE_NUM_WAYS=8 -DNUM_CORES=1 -DNUM_WARPS=32 -DNUM_THREADS=32 -DPERF_ENABLE -DVORTEX_SCHED=4 -DVORTEX_CACP_ENABLE=0 -DVORTEX_IPAWS_USE_CACP=0 -DPERF_ENABLE
Running: CONFIGS="-DDCACHE_NUM_WAYS=8 -DNUM_CORES=1 -DNUM_WARPS=32 -DNUM_THREADS=32 -DPERF_ENABLE -DVORTEX_SCHED=4 -DVORTEX_CACP_ENABLE=0 -DVORTEX_IPAWS_USE_CACP=0 -DPERF_ENABLE" make -C ./ci/../runtime/simx > /dev/null
Running: make -C "./ci/../tests/opencl/bfs" run-simx
make: Entering directory '/data/URP_26_spring/bbosseong/vortex_aware_scheduler/build/tests/opencl/bfs'
LD_LIBRARY_PATH=/data/URP_26_spring/bbosseong/tools/pocl/lib:/data/URP_26_spring/bbosseong/vortex_aware_scheduler/build/runtime:/data/URP_26_spring/bbosseong/tools/llvm-vortex/lib: POCL_VORTEX_XLEN=32 LLVM_PREFIX=/data/URP_26_spring/bbosseong/tools/llvm-vortex POCL_VORTEX_BINTOOL="OBJCOPY=/data/URP_26_spring/bbosseong/tools/llvm-vortex/bin/llvm-objcopy /data/URP_26_spring/bbosseong/vortex_aware_scheduler/kernel/scripts/vxbin.py" POCL_VORTEX_CFLAGS="-march=rv32imaf -mabi=ilp32f -O3 -mcmodel=medany --sysroot=/data/URP_26_spring/bbosseong/tools/riscv32-gnu-toolchain/riscv32-unknown-elf --gcc-toolchain=/data/URP_26_spring/bbosseong/tools/riscv32-gnu-toolchain -fno-rtti -fno-exceptions -nostartfiles -nostdlib -fdata-sections -ffunction-sections -I/data/URP_26_spring/bbosseong/vortex_aware_scheduler/build/hw -I/data/URP_26_spring/bbosseong/vortex_aware_scheduler/kernel/include -DXLEN_32 -DNDEBUG -DDCACHE_NUM_WAYS=8 -DNUM_CORES=1 -DNUM_WARPS=32 -DNUM_THREADS=32 -DPERF_ENABLE -DVORTEX_SCHED=4 -DVORTEX_CACP_ENABLE=0 -DVORTEX_IPAWS_USE_CACP=0 -DPERF_ENABLE -Xclang -target-feature -Xclang +vortex -Xclang -target-feature -Xclang +zicond -mllvm -disable-loop-idiom-all	" POCL_VORTEX_LDFLAGS="-Wl,-Bstatic,--gc-sections,-T/data/URP_26_spring/bbosseong/vortex_aware_scheduler/kernel/scripts/link32.ld,--defsym=STARTUP_ADDR=0x80000000 /data/URP_26_spring/bbosseong/vortex_aware_scheduler/build/kernel/libvortex.a -L/data/URP_26_spring/bbosseong/tools/libc32/lib -lm -lc /data/URP_26_spring/bbosseong/tools/libcrt32/lib/baremetal/libclang_rt.builtins-riscv32.a" VORTEX_DRIVER=simx ./bfs /data/URP_26_spring/bbosseong/vortex_aware_scheduler/tests/opencl/bfs/graph4k.txt
enter demo main
Reading File
Reading File completed!
_clInit()
clReleaseKernel()
clReleaseKernel()
clReleaseProgram()
clReleaseCommandQueue()
PERF: core0: lmem reads=0
PERF: core0: lmem writes=0
PERF: core0: lmem bank stalls=0 (utilization=0%)
PERF: core0: icache reads=18047
PERF: core0: icache read misses=424 (hit ratio=97%)
PERF: core0: icache mshr stalls=77119 (utilization=0%)
PERF: core0: dcache reads=17252
PERF: core0: dcache writes=28218
PERF: core0: dcache read misses=11244 (hit ratio=34%)
PERF: core0: dcache write misses=23650 (hit ratio=16%)
PERF: core0: dcache bank stalls=98304 (utilization=31%)
PERF: core0: dcache mshr stalls=57049 (utilization=37%)
PERF: core0: coalescer misses=587434 (hit ratio=-2147483648%)
PERF: memory requests=39113 (reads=10850, writes=28263)
PERF: memory latency=161 cycles
PERF: memory bank stalls=108 (utilization=99%)
PERF: instrs=358087, cycles=263253, IPC=1.360239
IPAWS_STATS: decides=16 valid=15 skipped=1 concave=0 convex=16 mm_avg=0.985 mm_min=0.782 mm_max=1.000 gcaws_exec_cycles=0 rr_exec_cycles=249049 test=mean/max<0.5 use_cacp=0
clReleaseContext()
clReleaseDevice()
Passed!
make: Leaving directory '/data/URP_26_spring/bbosseong/vortex_aware_scheduler/build/tests/opencl/bfs'
