CONFIGS=-DPERF_ENABLE -DNUM_LSU_BLOCKS=2 -DDCACHE_NUM_BANKS=4 -DVORTEX_SCHED=2  -DNUM_CORES=1 -DNUM_WARPS=32 -DNUM_THREADS=32 -DL2_ENABLE -DPERF_ENABLE 
Running: CONFIGS="-DPERF_ENABLE -DNUM_LSU_BLOCKS=2 -DDCACHE_NUM_BANKS=4 -DVORTEX_SCHED=2  -DNUM_CORES=1 -DNUM_WARPS=32 -DNUM_THREADS=32 -DL2_ENABLE -DPERF_ENABLE " make -C ./ci/../runtime/simx > /dev/null
Running: OPTS="128 1 2 temp_128 power_128 output.out" make -C "./ci/../tests/opencl/hotspot" run-simx
make: Entering directory '/data/URP_26_spring/bbosseong/vortex_aware_scheduler/build/tests/opencl/hotspot'
LD_LIBRARY_PATH=/data/URP_26_spring/bbosseong/tools/pocl/lib:/data/URP_26_spring/bbosseong/vortex_aware_scheduler/build/runtime:/data/URP_26_spring/bbosseong/tools/llvm-vortex/lib: POCL_VORTEX_XLEN=32 LLVM_PREFIX=/data/URP_26_spring/bbosseong/tools/llvm-vortex POCL_VORTEX_BINTOOL="OBJCOPY=/data/URP_26_spring/bbosseong/tools/llvm-vortex/bin/llvm-objcopy /data/URP_26_spring/bbosseong/vortex_aware_scheduler/kernel/scripts/vxbin.py" POCL_VORTEX_CFLAGS="-march=rv32imaf -mabi=ilp32f -O3 -mcmodel=medany --sysroot=/data/URP_26_spring/bbosseong/tools/riscv32-gnu-toolchain/riscv32-unknown-elf --gcc-toolchain=/data/URP_26_spring/bbosseong/tools/riscv32-gnu-toolchain -fno-rtti -fno-exceptions -nostartfiles -nostdlib -fdata-sections -ffunction-sections -I/data/URP_26_spring/bbosseong/vortex_aware_scheduler/build/hw -I/data/URP_26_spring/bbosseong/vortex_aware_scheduler/kernel/include -DXLEN_32 -DNDEBUG -DPERF_ENABLE -DNUM_LSU_BLOCKS=2 -DDCACHE_NUM_BANKS=4 -DVORTEX_SCHED=2  -DNUM_CORES=1 -DNUM_WARPS=32 -DNUM_THREADS=32 -DL2_ENABLE -DPERF_ENABLE  -Xclang -target-feature -Xclang +vortex -Xclang -target-feature -Xclang +zicond -mllvm -disable-loop-idiom-all" POCL_VORTEX_LDFLAGS="-Wl,-Bstatic,--gc-sections,-T/data/URP_26_spring/bbosseong/vortex_aware_scheduler/kernel/scripts/link32.ld,--defsym=STARTUP_ADDR=0x80000000 /data/URP_26_spring/bbosseong/vortex_aware_scheduler/build/kernel/libvortex.a -L/data/URP_26_spring/bbosseong/tools/libc32/lib -lm -lc /data/URP_26_spring/bbosseong/tools/libcrt32/lib/baremetal/libclang_rt.builtins-riscv32.a" VORTEX_DRIVER=simx ./hotspot 128 1 2 temp_128 power_128 output.out
WG size of kernel = 16 X 16
Platform: The pocl project
Device: Vortex OpenGPU

Kernel time: 7.455 seconds
Total time: 7.455 seconds
PERF: scheduler idle=389438 (85%)
PERF: scheduler stalls=0 (0%)
PERF: ibuffer stalls=99028 (21%)
PERF: scoreboard stalls=495844 (109%) (alu=1%, lsu=97%, csrs=0%, wctl=0%, fpu=0%)
PERF: operands stalls=7119 (1%)
PERF: ifetches=64958
PERF: loads=453723
PERF: stores=108662
PERF: ifetch latency=76 cycles
PERF: load latency=68 cycles
PERF: instrs=2051944, cycles=454296, IPC=4.516756
make: Leaving directory '/data/URP_26_spring/bbosseong/vortex_aware_scheduler/build/tests/opencl/hotspot'
