>>> [iPAWS/kmeans/perf2] args="-f100 -p1000"
CONFIGS=-DPERF_ENABLE -DVORTEX_CACP_ENABLE=1 -DVORTEX_IPAWS_USE_CACP=0 -DNUM_LSU_BLOCKS=2 -DDCACHE_NUM_WAYS=16 -DDCACHE_SIZE=32768 -DVORTEX_SCHED=4 -DNUM_CORES=1 -DNUM_WARPS=32 -DNUM_THREADS=32 -DL2_ENABLE -DPERF_ENABLE
Running: CONFIGS="-DPERF_ENABLE -DVORTEX_CACP_ENABLE=1 -DVORTEX_IPAWS_USE_CACP=0 -DNUM_LSU_BLOCKS=2 -DDCACHE_NUM_WAYS=16 -DDCACHE_SIZE=32768 -DVORTEX_SCHED=4 -DNUM_CORES=1 -DNUM_WARPS=32 -DNUM_THREADS=32 -DL2_ENABLE -DPERF_ENABLE" make -C ./ci/../runtime/simx > /dev/null
Running: OPTS="-f100 -p1000" make -C "./ci/../tests/opencl/kmeans" run-simx
make: Entering directory '/home/so/vortex_gcaws_lkn/build/tests/opencl/kmeans'
g++ -std=c++17 -Wall -Wextra -Wfatal-errors -Wno-deprecated-declarations -Wno-unused-parameter -Wno-narrowing -pthread -I/home/so/tools/pocl/include -DPERF_ENABLE -DVORTEX_CACP_ENABLE=1 -DVORTEX_IPAWS_USE_CACP=0 -DNUM_LSU_BLOCKS=2 -DDCACHE_NUM_WAYS=16 -DDCACHE_SIZE=32768 -DVORTEX_SCHED=4 -DNUM_CORES=1 -DNUM_WARPS=32 -DNUM_THREADS=32 -DL2_ENABLE -DPERF_ENABLE -O2 -DNDEBUG -MM /home/so/vortex_gcaws_lkn/tests/opencl/kmeans/main.cc /home/so/vortex_gcaws_lkn/tests/opencl/kmeans/read_input.c /home/so/vortex_gcaws_lkn/tests/opencl/kmeans/rmse.c /home/so/vortex_gcaws_lkn/tests/opencl/kmeans/kmeans_clustering.c /home/so/vortex_gcaws_lkn/tests/opencl/kmeans/cluster.c /home/so/vortex_gcaws_lkn/tests/opencl/kmeans/getopt.c > .depend;
g++ -std=c++17 -Wall -Wextra -Wfatal-errors -Wno-deprecated-declarations -Wno-unused-parameter -Wno-narrowing -pthread -I/home/so/tools/pocl/include -DPERF_ENABLE -DVORTEX_CACP_ENABLE=1 -DVORTEX_IPAWS_USE_CACP=0 -DNUM_LSU_BLOCKS=2 -DDCACHE_NUM_WAYS=16 -DDCACHE_SIZE=32768 -DVORTEX_SCHED=4 -DNUM_CORES=1 -DNUM_WARPS=32 -DNUM_THREADS=32 -DL2_ENABLE -DPERF_ENABLE -O2 -DNDEBUG -c /home/so/vortex_gcaws_lkn/tests/opencl/kmeans/main.cc -o main.cc.o
In file included from /home/so/tools/pocl/include/CL/cl.h:20,
                 from /home/so/vortex_gcaws_lkn/tests/opencl/kmeans/main.cc:24:
/home/so/tools/pocl/include/CL/cl_version.h:22:104: note: ‘#pragma message: cl_version.h: CL_TARGET_OPENCL_VERSION is not defined. Defaulting to 300 (OpenCL 3.0)’
   22 | #pragma message("cl_version.h: CL_TARGET_OPENCL_VERSION is not defined. Defaulting to 300 (OpenCL 3.0)")
      |                                                                                                        ^
/home/so/vortex_gcaws_lkn/tests/opencl/kmeans/main.cc: In function ‘int initialize(int)’:
/home/so/vortex_gcaws_lkn/tests/opencl/kmeans/main.cc:60:10: warning: unused variable ‘size’ [-Wunused-variable]
   60 |   size_t size;
      |          ^~~~
/home/so/vortex_gcaws_lkn/tests/opencl/kmeans/main.cc: In function ‘int allocate(int, int, int, float**)’:
/home/so/vortex_gcaws_lkn/tests/opencl/kmeans/main.cc:231:27: warning: ISO C++ forbids converting a string constant to ‘char*’ [-Wwrite-strings]
  231 |   char *kernel_kmeans_c = "kmeans_kernel_c";
      |                           ^~~~~~~~~~~~~~~~~
/home/so/vortex_gcaws_lkn/tests/opencl/kmeans/main.cc:232:23: warning: ISO C++ forbids converting a string constant to ‘char*’ [-Wwrite-strings]
  232 |   char *kernel_swap = "kmeans_swap";
      |                       ^~~~~~~~~~~~~
/home/so/vortex_gcaws_lkn/tests/opencl/kmeans/main.cc:202:10: warning: unused variable ‘binary_status’ [-Wunused-variable]
  202 |   cl_int binary_status = 0;
      |          ^~~~~~~~~~~~~
/home/so/vortex_gcaws_lkn/tests/opencl/kmeans/main.cc: In function ‘int kmeansOCL(float**, int, int, int, int*, float**, int*, float**)’:
/home/so/vortex_gcaws_lkn/tests/opencl/kmeans/main.cc:350:13: warning: unused variable ‘k’ [-Wunused-variable]
  350 |   int i, j, k;
      |             ^
cc -std=c++17 -Wall -Wextra -Wfatal-errors -Wno-deprecated-declarations -Wno-unused-parameter -Wno-narrowing -pthread -I/home/so/tools/pocl/include -DPERF_ENABLE -DVORTEX_CACP_ENABLE=1 -DVORTEX_IPAWS_USE_CACP=0 -DNUM_LSU_BLOCKS=2 -DDCACHE_NUM_WAYS=16 -DDCACHE_SIZE=32768 -DVORTEX_SCHED=4 -DNUM_CORES=1 -DNUM_WARPS=32 -DNUM_THREADS=32 -DL2_ENABLE -DPERF_ENABLE -O2 -DNDEBUG -c /home/so/vortex_gcaws_lkn/tests/opencl/kmeans/read_input.c -o read_input.c.o
cc1: warning: command-line option ‘-std=c++17’ is valid for C++/ObjC++ but not for C
/home/so/vortex_gcaws_lkn/tests/opencl/kmeans/read_input.c: In function ‘setup’:
/home/so/vortex_gcaws_lkn/tests/opencl/kmeans/read_input.c:129:9: warning: variable ‘len’ set but not used [-Wunused-but-set-variable]
  129 |   float len;
      |         ^~~
/home/so/vortex_gcaws_lkn/tests/opencl/kmeans/read_input.c:195:7: warning: ignoring return value of ‘fread’ declared with attribute ‘warn_unused_result’ [-Wunused-result]
  195 |       fread(&npoints, 1, sizeof(int), infile);
      |       ^~~~~~~~~~~~~~~~~~~~~~~~~~~~~~~~~~~~~~~
/home/so/vortex_gcaws_lkn/tests/opencl/kmeans/read_input.c:196:7: warning: ignoring return value of ‘fread’ declared with attribute ‘warn_unused_result’ [-Wunused-result]
  196 |       fread(&nfeatures, 1, sizeof(int), infile);
      |       ^~~~~~~~~~~~~~~~~~~~~~~~~~~~~~~~~~~~~~~~~
/home/so/vortex_gcaws_lkn/tests/opencl/kmeans/read_input.c:205:7: warning: ignoring return value of ‘fread’ declared with attribute ‘warn_unused_result’ [-Wunused-result]
  205 |       fread(buf, 1, npoints * nfeatures * sizeof(float), infile);
      |       ^~~~~~~~~~~~~~~~~~~~~~~~~~~~~~~~~~~~~~~~~~~~~~~~~~~~~~~~~~
cc -std=c++17 -Wall -Wextra -Wfatal-errors -Wno-deprecated-declarations -Wno-unused-parameter -Wno-narrowing -pthread -I/home/so/tools/pocl/include -DPERF_ENABLE -DVORTEX_CACP_ENABLE=1 -DVORTEX_IPAWS_USE_CACP=0 -DNUM_LSU_BLOCKS=2 -DDCACHE_NUM_WAYS=16 -DDCACHE_SIZE=32768 -DVORTEX_SCHED=4 -DNUM_CORES=1 -DNUM_WARPS=32 -DNUM_THREADS=32 -DL2_ENABLE -DPERF_ENABLE -O2 -DNDEBUG -c /home/so/vortex_gcaws_lkn/tests/opencl/kmeans/rmse.c -o rmse.c.o
cc1: warning: command-line option ‘-std=c++17’ is valid for C++/ObjC++ but not for C
/home/so/vortex_gcaws_lkn/tests/opencl/kmeans/rmse.c: In function ‘rms_err’:
/home/so/vortex_gcaws_lkn/tests/opencl/kmeans/rmse.c:73: warning: ignoring ‘#pragma omp parallel’ [-Wunknown-pragmas]
   73 |     #pragma omp parallel for \
      | 
/home/so/vortex_gcaws_lkn/tests/opencl/kmeans/rmse.c: In function ‘find_nearest_point’:
/home/so/vortex_gcaws_lkn/tests/opencl/kmeans/rmse.c:57:11: warning: ‘index’ may be used uninitialized in this function [-Wmaybe-uninitialized]
   57 |     return(index);
      |           ^
/home/so/vortex_gcaws_lkn/tests/opencl/kmeans/rmse.c: In function ‘rms_err’:
/home/so/vortex_gcaws_lkn/tests/opencl/kmeans/rmse.c:85:88: warning: ‘index’ may be used uninitialized in this function [-Wmaybe-uninitialized]
   85 |                                                                         cluster_centres[nearest_cluster_index],
      |                                                                                        ^
cc -std=c++17 -Wall -Wextra -Wfatal-errors -Wno-deprecated-declarations -Wno-unused-parameter -Wno-narrowing -pthread -I/home/so/tools/pocl/include -DPERF_ENABLE -DVORTEX_CACP_ENABLE=1 -DVORTEX_IPAWS_USE_CACP=0 -DNUM_LSU_BLOCKS=2 -DDCACHE_NUM_WAYS=16 -DDCACHE_SIZE=32768 -DVORTEX_SCHED=4 -DNUM_CORES=1 -DNUM_WARPS=32 -DNUM_THREADS=32 -DL2_ENABLE -DPERF_ENABLE -O2 -DNDEBUG -c /home/so/vortex_gcaws_lkn/tests/opencl/kmeans/kmeans_clustering.c -o kmeans_clustering.c.o
cc1: warning: command-line option ‘-std=c++17’ is valid for C++/ObjC++ but not for C
/home/so/vortex_gcaws_lkn/tests/opencl/kmeans/kmeans_clustering.c: In function ‘kmeans_clustering’:
/home/so/vortex_gcaws_lkn/tests/opencl/kmeans/kmeans_clustering.c:104:5: warning: this ‘for’ clause does not guard... [-Wmisleading-indentation]
  104 |     for (i=1; i<nclusters; i++)
      |     ^~~
/home/so/vortex_gcaws_lkn/tests/opencl/kmeans/kmeans_clustering.c:108:9: note: ...this statement, but the latter is misleadingly indented as if it were guarded by the ‘for’
  108 |         initial = (int *) malloc (npoints * sizeof(int));
      |         ^~~~~~~
/home/so/vortex_gcaws_lkn/tests/opencl/kmeans/kmeans_clustering.c:140:5: warning: this ‘for’ clause does not guard... [-Wmisleading-indentation]
  140 |     for (i=1; i<nclusters; i++)
      |     ^~~
/home/so/vortex_gcaws_lkn/tests/opencl/kmeans/kmeans_clustering.c:144:9: note: ...this statement, but the latter is misleadingly indented as if it were guarded by the ‘for’
  144 |         do {
      |         ^~
cc -std=c++17 -Wall -Wextra -Wfatal-errors -Wno-deprecated-declarations -Wno-unused-parameter -Wno-narrowing -pthread -I/home/so/tools/pocl/include -DPERF_ENABLE -DVORTEX_CACP_ENABLE=1 -DVORTEX_IPAWS_USE_CACP=0 -DNUM_LSU_BLOCKS=2 -DDCACHE_NUM_WAYS=16 -DDCACHE_SIZE=32768 -DVORTEX_SCHED=4 -DNUM_CORES=1 -DNUM_WARPS=32 -DNUM_THREADS=32 -DL2_ENABLE -DPERF_ENABLE -O2 -DNDEBUG -c /home/so/vortex_gcaws_lkn/tests/opencl/kmeans/cluster.c -o cluster.c.o
cc1: warning: command-line option ‘-std=c++17’ is valid for C++/ObjC++ but not for C
cc -std=c++17 -Wall -Wextra -Wfatal-errors -Wno-deprecated-declarations -Wno-unused-parameter -Wno-narrowing -pthread -I/home/so/tools/pocl/include -DPERF_ENABLE -DVORTEX_CACP_ENABLE=1 -DVORTEX_IPAWS_USE_CACP=0 -DNUM_LSU_BLOCKS=2 -DDCACHE_NUM_WAYS=16 -DDCACHE_SIZE=32768 -DVORTEX_SCHED=4 -DNUM_CORES=1 -DNUM_WARPS=32 -DNUM_THREADS=32 -DL2_ENABLE -DPERF_ENABLE -O2 -DNDEBUG -c /home/so/vortex_gcaws_lkn/tests/opencl/kmeans/getopt.c -o getopt.c.o
cc1: warning: command-line option ‘-std=c++17’ is valid for C++/ObjC++ but not for C
g++ -std=c++17 -Wall -Wextra -Wfatal-errors -Wno-deprecated-declarations -Wno-unused-parameter -Wno-narrowing -pthread -I/home/so/tools/pocl/include -DPERF_ENABLE -DVORTEX_CACP_ENABLE=1 -DVORTEX_IPAWS_USE_CACP=0 -DNUM_LSU_BLOCKS=2 -DDCACHE_NUM_WAYS=16 -DDCACHE_SIZE=32768 -DVORTEX_SCHED=4 -DNUM_CORES=1 -DNUM_WARPS=32 -DNUM_THREADS=32 -DL2_ENABLE -DPERF_ENABLE -O2 -DNDEBUG main.cc.o read_input.c.o rmse.c.o kmeans_clustering.c.o cluster.c.o getopt.c.o -Wl,-rpath,/home/so/tools/llvm-vortex/lib -L/home/so/vortex_gcaws_lkn/build/runtime -lvortex -L/home/so/tools/pocl/lib -lOpenCL -o kmeans
LD_LIBRARY_PATH=/home/so/tools/pocl/lib:/home/so/vortex_gcaws_lkn/build/runtime:/home/so/tools/llvm-vortex/lib: POCL_VORTEX_XLEN=64 LLVM_PREFIX=/home/so/tools/llvm-vortex POCL_VORTEX_BINTOOL="OBJCOPY=/home/so/tools/llvm-vortex/bin/llvm-objcopy /home/so/vortex_gcaws_lkn/kernel/scripts/vxbin.py" POCL_VORTEX_CFLAGS="-march=rv64imafd -mabi=lp64d -O3 -mcmodel=medany --sysroot=/home/so/tools/riscv64-gnu-toolchain/riscv64-unknown-elf --gcc-toolchain=/home/so/tools/riscv64-gnu-toolchain -fno-rtti -fno-exceptions -nostartfiles -nostdlib -fdata-sections -ffunction-sections -I/home/so/vortex_gcaws_lkn/build/hw -I/home/so/vortex_gcaws_lkn/kernel/include -DXLEN_64 -DNDEBUG -DPERF_ENABLE -DVORTEX_CACP_ENABLE=1 -DVORTEX_IPAWS_USE_CACP=0 -DNUM_LSU_BLOCKS=2 -DDCACHE_NUM_WAYS=16 -DDCACHE_SIZE=32768 -DVORTEX_SCHED=4 -DNUM_CORES=1 -DNUM_WARPS=32 -DNUM_THREADS=32 -DL2_ENABLE -DPERF_ENABLE -Xclang -target-feature -Xclang +vortex -Xclang -target-feature -Xclang +zicond -mllvm -disable-loop-idiom-all	" POCL_VORTEX_LDFLAGS="-Wl,-Bstatic,--gc-sections,-T/home/so/vortex_gcaws_lkn/kernel/scripts/link64.ld,--defsym=STARTUP_ADDR=0x80000000 /home/so/vortex_gcaws_lkn/build/kernel/libvortex.a -L/home/so/tools/libc64/lib -lm -lc /home/so/tools/libcrt64/lib/baremetal/libclang_rt.builtins-riscv64.a" VORTEX_DRIVER=simx ./kmeans -f100 -p1000
WG size of kernel_swap = 256, WG size of kernel_kmeans = 256 

I/O completed

Number of objects: 1000
Number of features: 100
iterated 2 times
Number of Iteration: 1
PERF: core0: lmem reads=0
PERF: core0: lmem writes=0
PERF: core0: lmem bank stalls=0 (utilization=0%)
PERF: core0: icache reads=175176
PERF: core0: icache read misses=504 (hit ratio=99%)
PERF: core0: icache mshr stalls=84879 (utilization=0%)
PERF: core0: dcache reads=149599
PERF: core0: dcache writes=38825
PERF: core0: dcache read misses=81453 (hit ratio=45%)
PERF: core0: dcache write misses=38760 (hit ratio=0%)
PERF: core0: dcache bank stalls=241232 (utilization=43%)
PERF: core0: dcache mshr stalls=110811 (utilization=52%)
PERF: core0: coalescer misses=69888 (hit ratio=62%)
PERF: l2cache reads=57308
PERF: l2cache writes=38825
PERF: l2cache read misses=18288 (hit ratio=68%)
PERF: l2cache write misses=37789 (hit ratio=2%)
PERF: l2cache bank stalls=50960 (utilization=65%)
PERF: l2cache mshr stalls=4089 (utilization=93%)
PERF: memory requests=57135 (reads=18289, writes=38846)
PERF: memory latency=133 cycles
PERF: memory bank stalls=0 (utilization=100%)
PERF: instrs=5432482, cycles=537225, IPC=10.112117
IPAWS_DBG_STALL: 0=11222 1=0 2=0 3=0 4=0 5=0 6=0 7=0 8=0 9=0 10=0 11=0 12=0 13=0 14=0 15=0 16=0 17=0 18=0 19=0 20=0 21=0 22=0 23=0 24=0 25=0 26=0 27=0 28=0 29=0 30=0 31=0
IPAWS_STATS: decides=2 valid=0 skipped=2 woi_fallback=0 concave=0 convex=2 mm_avg=0.000 mm_min=0.000 mm_max=0.000 woi_avg=0.000 woi_min=0 woi_max=0 gcaws_exec_cycles=0 rr_exec_cycles=526335 wspawn_events=4 recover_entries=0 recover_cycles=0 test=mean/max<0.5 use_cacp=0 barrier_only_btime=1 use_recover=0
make: Leaving directory '/home/so/vortex_gcaws_lkn/build/tests/opencl/kmeans'
