CONFIGS=-DDCACHE_SIZE=32768 -DDCACHE_NUM_WAYS=8 -DVX_SCHED_POLICY=WarpSchedulePolicy::CCWS      -DVX_CCWS_DYNAMIC_LLDS=1      -DVX_CCWS_BASE_LLS=100      -DVX_CCWS_K_THROTTLE=8      -DVX_CCWS_VTA_SIZE=16      -DVX_CCWS_LLS_CUTOFF=0      -DVX_CCWS_MAX_ACTIVE_LOAD_WARPS=8      -DVX_CCWS_LLS_DECAY_PERIOD=1      -DVX_CCWS_LLS_DECAY_STEP=1  -DNUM_CORES=1 -DNUM_WARPS=16 -DNUM_THREADS=16 -DPERF_ENABLE 
Running: CONFIGS="-DDCACHE_SIZE=32768 -DDCACHE_NUM_WAYS=8 -DVX_SCHED_POLICY=WarpSchedulePolicy::CCWS      -DVX_CCWS_DYNAMIC_LLDS=1      -DVX_CCWS_BASE_LLS=100      -DVX_CCWS_K_THROTTLE=8      -DVX_CCWS_VTA_SIZE=16      -DVX_CCWS_LLS_CUTOFF=0      -DVX_CCWS_MAX_ACTIVE_LOAD_WARPS=8      -DVX_CCWS_LLS_DECAY_PERIOD=1      -DVX_CCWS_LLS_DECAY_STEP=1  -DNUM_CORES=1 -DNUM_WARPS=16 -DNUM_THREADS=16 -DPERF_ENABLE " make -C ./ci/../runtime/simx > /dev/null
Running: make -C "./ci/../tests/regression/sgemm" run-simx
make: Entering directory '/home/ltj/2026urp/vortex_aware_scheduler/tests/regression/sgemm'
LD_LIBRARY_PATH=/home/ltj/2026urp/vortex_aware_scheduler/runtime: VORTEX_DRIVER=simx ./sgemm -n32
open device connection
data type: float
matrix size: 32x32
allocate device memory
A_addr=0x10000
B_addr=0x11000
C_addr=0x12000
upload matrix A buffer
upload matrix B buffer
Upload kernel binary
upload kernel argument
start device
wait for completion
Elapsed time: 876 ms
download destination buffer
verify result
cleanup
PERF: core0: lmem reads=0
PERF: core0: lmem writes=0
PERF: core0: lmem bank stalls=0 (utilization=0%)
PERF: core0: icache reads=33486
PERF: core0: icache read misses=400 (hit ratio=98%)
PERF: core0: icache mshr stalls=0 (utilization=100%)
PERF: core0: dcache reads=14961
PERF: core0: dcache writes=10979
PERF: core0: dcache read misses=5033 (hit ratio=66%)
PERF: core0: dcache write misses=9862 (hit ratio=10%)
PERF: core0: dcache bank stalls=9260 (utilization=73%)
PERF: core0: dcache mshr stalls=1 (utilization=99%)
PERF: core0: coalescer misses=8336 (hit ratio=67%)
PERF: scheduler idle=104086 (75%)
PERF: scheduler stalls=0 (0%)
PERF: ibuffer stalls=15201 (11%)
PERF: scoreboard stalls=62854 (45%) (alu=22%, lsu=77%, csrs=0%, wctl=0%, fpu=0%)
PERF: operands stalls=4508 (3%)
PERF: ifetches=33486
PERF: loads=79121
PERF: stores=14435
PERF: ifetch latency=24 cycles
PERF: load latency=25 cycles
PERF: ccws vta inserts=4379
PERF: ccws vta hits=204
PERF: ccws throttled loads=407
PERF: ccws throttled warps=0
PERF: ccws fallback issues=194
PERF: ccws avg active issue candidates=2.569
PERF: ccws avg lls=120.506
PERF: ccws max lls=6391
PERF: memory requests=15867 (reads=4856, writes=11011)
PERF: memory latency=115 cycles
PERF: memory bank stalls=1 (utilization=99%)
PERF: instrs=528636, cycles=137572, IPC=3.842613
PASSED!
make: Leaving directory '/home/ltj/2026urp/vortex_aware_scheduler/tests/regression/sgemm'
