CONFIGS=-DDCACHE_SIZE=32768 -DDCACHE_NUM_WAYS=8 -DVX_SCHED_POLICY=WarpSchedulePolicy::GTO  -DNUM_CORES=1 -DNUM_WARPS=16 -DNUM_THREADS=16 -DPERF_ENABLE 
Running: CONFIGS="-DDCACHE_SIZE=32768 -DDCACHE_NUM_WAYS=8 -DVX_SCHED_POLICY=WarpSchedulePolicy::GTO  -DNUM_CORES=1 -DNUM_WARPS=16 -DNUM_THREADS=16 -DPERF_ENABLE " make -C ./ci/../runtime/simx > /dev/null
Running: make -C "./ci/../tests/regression/sgemm" run-simx
make: Entering directory '/home/ltj/2026urp/vortex_aware_scheduler/tests/regression/sgemm'
LD_LIBRARY_PATH=/home/ltj/2026urp/vortex_aware_scheduler/runtime: VORTEX_DRIVER=simx ./sgemm -n32
open device connection
data type: float
matrix size: 32x32
allocate device memory
A_addr=0x10000
B_addr=0x11000
C_addr=0x12000
upload matrix A buffer
upload matrix B buffer
Upload kernel binary
upload kernel argument
start device
wait for completion
Elapsed time: 851 ms
download destination buffer
verify result
cleanup
PERF: core0: lmem reads=0
PERF: core0: lmem writes=0
PERF: core0: lmem bank stalls=0 (utilization=0%)
PERF: core0: icache reads=33486
PERF: core0: icache read misses=400 (hit ratio=98%)
PERF: core0: icache mshr stalls=0 (utilization=100%)
PERF: core0: dcache reads=14961
PERF: core0: dcache writes=10979
PERF: core0: dcache read misses=5034 (hit ratio=66%)
PERF: core0: dcache write misses=9862 (hit ratio=10%)
PERF: core0: dcache bank stalls=9260 (utilization=73%)
PERF: core0: dcache mshr stalls=1 (utilization=99%)
PERF: core0: coalescer misses=8336 (hit ratio=67%)
PERF: scheduler idle=104075 (75%)
PERF: scheduler stalls=0 (0%)
PERF: ibuffer stalls=15201 (11%)
PERF: scoreboard stalls=62843 (45%) (alu=21%, lsu=78%, csrs=0%, wctl=0%, fpu=0%)
PERF: operands stalls=4508 (3%)
PERF: ifetches=33486
PERF: loads=79121
PERF: stores=14435
PERF: ifetch latency=24 cycles
PERF: load latency=25 cycles
PERF: ccws vta inserts=0
PERF: ccws vta hits=0
PERF: ccws throttled loads=0
PERF: ccws throttled warps=0
PERF: ccws fallback issues=0
PERF: ccws avg active issue candidates=0.000
PERF: ccws avg lls=0.000
PERF: ccws max lls=0
PERF: memory requests=15867 (reads=4856, writes=11011)
PERF: memory latency=114 cycles
PERF: memory bank stalls=1 (utilization=99%)
PERF: instrs=528636, cycles=137561, IPC=3.842921
PASSED!
make: Leaving directory '/home/ltj/2026urp/vortex_aware_scheduler/tests/regression/sgemm'
