>>> [iPAWS/vecadd] args="-n100000"
CONFIGS=-DPERF_ENABLE -DVORTEX_CACP_ENABLE=0 -DVORTEX_IPAWS_USE_CACP=0 -DVORTEX_SCHED=4  -DNUM_CORES=1 -DNUM_WARPS=32 -DNUM_THREADS=32 -DL2_ENABLE -DPERF_ENABLE 
Running: CONFIGS="-DPERF_ENABLE -DVORTEX_CACP_ENABLE=0 -DVORTEX_IPAWS_USE_CACP=0 -DVORTEX_SCHED=4  -DNUM_CORES=1 -DNUM_WARPS=32 -DNUM_THREADS=32 -DL2_ENABLE -DPERF_ENABLE " make -C ./ci/../runtime/simx > /dev/null
Running: OPTS="-n100000" make -C "./ci/../tests/regression/vecadd" run-simx
make: Entering directory '/data/URP_26_spring/bbosseong/vortex_aware_scheduler/build/tests/regression/vecadd'
LD_LIBRARY_PATH=/data/URP_26_spring/bbosseong/vortex_aware_scheduler/build/runtime: VORTEX_DRIVER=simx ./vecadd -n100000
open device connection
number of points: 100000
data type: float
buffer size: 400000 bytes
allocate device memory
dev_src0=0x10000
dev_src1=0x72000
dev_dst=0xd4000
allocate host buffers
upload source buffer0
upload source buffer1
Upload kernel binary
upload kernel argument
start device
wait for completion
download destination buffer
verify result
cleanup
PERF: core0: lmem reads=0
PERF: core0: lmem writes=0
PERF: core0: lmem bank stalls=0 (utilization=0%)
PERF: core0: icache reads=1970491
PERF: core0: icache read misses=0 (hit ratio=100%)
PERF: core0: icache mshr stalls=1755199 (utilization=0%)
PERF: core0: dcache reads=2002268
PERF: core0: dcache writes=9807
PERF: core0: dcache read misses=105791 (hit ratio=94%)
PERF: core0: dcache write misses=10407 (hit ratio=-6%)
PERF: core0: dcache bank stalls=30510830 (utilization=6%)
PERF: core0: dcache mshr stalls=248 (utilization=99%)
PERF: core0: coalescer misses=0 (hit ratio=100%)
PERF: scheduler idle=1970491 (95%)
PERF: scheduler stalls=0 (0%)
PERF: ibuffer stalls=1755199 (84%)
PERF: scoreboard stalls=2002268 (96%) (alu=0%, lsu=99%, csrs=0%, wctl=0%, fpu=0%)
PERF: operands stalls=9807 (0%)
PERF: ifetches=101082
PERF: loads=723247
PERF: stores=539025
PERF: ifetch latency=64 cycles
PERF: load latency=155 cycles
PERF: l2cache reads=280
PERF: l2cache writes=0
PERF: l2cache read misses=101082 (hit ratio=-36000%)
PERF: l2cache write misses=723247 (hit ratio=0%)
PERF: l2cache bank stalls=539025 (utilization=0%)
PERF: l2cache mshr stalls=6568621 (utilization=11%)
PERF: memory requests=0 (reads=0, writes=0)
PERF: memory latency=0 cycles
PERF: memory bank stalls=0 (utilization=0%)
PERF: instrs=3216887, cycles=2071473, IPC=1.552947
IPAWS_DBG_STALL: 0=13565 1=0 2=0 3=0 4=0 5=0 6=0 7=0 8=0 9=0 10=0 11=0 12=0 13=0 14=0 15=0 16=0 17=0 18=0 19=0 20=0 21=0 22=0 23=0 24=0 25=0 26=0 27=0 28=0 29=0 30=0 31=0
IPAWS_STATS: decides=3 valid=0 skipped=3 woi_fallback=0 concave=0 convex=3 mm_avg=0.000 mm_min=0.000 mm_max=0.000 woi_avg=0.000 woi_min=0 woi_max=0 gcaws_exec_cycles=0 rr_exec_cycles=2060677 wspawn_events=4 recover_entries=0 recover_cycles=0 test=mean/max<0.5 use_cacp=0 barrier_only_btime=1 use_recover=0
PASSED!
make: Leaving directory '/data/URP_26_spring/bbosseong/vortex_aware_scheduler/build/tests/regression/vecadd'
