>>> [gCAWS/bfs/perf2] args="/data/URP_26_spring/bbosseong/vortex_aware_scheduler/tests/opencl/bfs/graph4k.txt"
CONFIGS=-DPERF_ENABLE -DVORTEX_CACP_ENABLE=0 -DVORTEX_IPAWS_USE_CACP=0 -DVORTEX_SCHED=3  -DNUM_CORES=1 -DNUM_WARPS=32 -DNUM_THREADS=32 -DL2_ENABLE -DPERF_ENABLE 
Running: CONFIGS="-DPERF_ENABLE -DVORTEX_CACP_ENABLE=0 -DVORTEX_IPAWS_USE_CACP=0 -DVORTEX_SCHED=3  -DNUM_CORES=1 -DNUM_WARPS=32 -DNUM_THREADS=32 -DL2_ENABLE -DPERF_ENABLE " make -C ./ci/../runtime/simx > /dev/null
Running: OPTS="/data/URP_26_spring/bbosseong/vortex_aware_scheduler/tests/opencl/bfs/graph4k.txt" make -C "./ci/../tests/opencl/bfs" run-simx
make: Entering directory '/data/URP_26_spring/bbosseong/vortex_aware_scheduler/build/tests/opencl/bfs'
LD_LIBRARY_PATH=/data/URP_26_spring/bbosseong/tools/pocl/lib:/data/URP_26_spring/bbosseong/vortex_aware_scheduler/build/runtime:/data/URP_26_spring/bbosseong/tools/llvm-vortex/lib: POCL_VORTEX_XLEN=32 LLVM_PREFIX=/data/URP_26_spring/bbosseong/tools/llvm-vortex POCL_VORTEX_BINTOOL="OBJCOPY=/data/URP_26_spring/bbosseong/tools/llvm-vortex/bin/llvm-objcopy /data/URP_26_spring/bbosseong/vortex_aware_scheduler/kernel/scripts/vxbin.py" POCL_VORTEX_CFLAGS="-march=rv32imaf -mabi=ilp32f -O3 -mcmodel=medany --sysroot=/data/URP_26_spring/bbosseong/tools/riscv32-gnu-toolchain/riscv32-unknown-elf --gcc-toolchain=/data/URP_26_spring/bbosseong/tools/riscv32-gnu-toolchain -fno-rtti -fno-exceptions -nostartfiles -nostdlib -fdata-sections -ffunction-sections -I/data/URP_26_spring/bbosseong/vortex_aware_scheduler/build/hw -I/data/URP_26_spring/bbosseong/vortex_aware_scheduler/kernel/include -DXLEN_32 -DNDEBUG -DPERF_ENABLE -DVORTEX_CACP_ENABLE=0 -DVORTEX_IPAWS_USE_CACP=0 -DVORTEX_SCHED=3  -DNUM_CORES=1 -DNUM_WARPS=32 -DNUM_THREADS=32 -DL2_ENABLE -DPERF_ENABLE  -Xclang -target-feature -Xclang +vortex -Xclang -target-feature -Xclang +zicond -mllvm -disable-loop-idiom-all	" POCL_VORTEX_LDFLAGS="-Wl,-Bstatic,--gc-sections,-T/data/URP_26_spring/bbosseong/vortex_aware_scheduler/kernel/scripts/link32.ld,--defsym=STARTUP_ADDR=0x80000000 /data/URP_26_spring/bbosseong/vortex_aware_scheduler/build/kernel/libvortex.a -L/data/URP_26_spring/bbosseong/tools/libc32/lib -lm -lc /data/URP_26_spring/bbosseong/tools/libcrt32/lib/baremetal/libclang_rt.builtins-riscv32.a" VORTEX_DRIVER=simx ./bfs /data/URP_26_spring/bbosseong/vortex_aware_scheduler/tests/opencl/bfs/graph4k.txt
enter demo main
Reading File
Reading File completed!
_clInit()
clReleaseKernel()
clReleaseKernel()
clReleaseProgram()
clReleaseCommandQueue()
PERF: core0: lmem reads=0
PERF: core0: lmem writes=0
PERF: core0: lmem bank stalls=0 (stall rate=0%)
PERF: core0: icache reads=18047
PERF: core0: icache read misses=405 (hit ratio=97%)
PERF: core0: icache mshr stalls=101199 (stall rate=41%)
PERF: core0: dcache reads=17339
PERF: core0: dcache writes=28218
PERF: core0: dcache read misses=11754 (hit ratio=32%)
PERF: core0: dcache write misses=23790 (hit ratio=15%)
PERF: core0: dcache bank stalls=98304 (stall rate=40%)
PERF: core0: dcache mshr stalls=49112 (stall rate=20%)
PERF: core0: coalescer misses=587434 (coalesce ratio=0%)
PERF: l2cache reads=11716
PERF: l2cache writes=28218
PERF: l2cache read misses=7397 (hit ratio=36%)
PERF: l2cache write misses=22787 (hit ratio=19%)
PERF: l2cache bank stalls=106 (stall rate=0%)
PERF: l2cache mshr stalls=6347 (stall rate=2%)
PERF: memory requests=35662 (reads=7399, writes=28263)
PERF: memory latency=172 cycles
PERF: memory bank stalls=9 (stall rate=0%)
PERF: instrs=358231, cycles=244879, IPC=1.462890
clReleaseContext()
clReleaseDevice()
Passed!
make: Leaving directory '/data/URP_26_spring/bbosseong/vortex_aware_scheduler/build/tests/opencl/bfs'
