>>> [gCAWS/vecadd/perf2] args="-n10000"
CONFIGS=-DPERF_ENABLE -DVORTEX_CACP_ENABLE=0 -DVORTEX_IPAWS_USE_CACP=0 -DVORTEX_SCHED=3  -DNUM_CORES=1 -DNUM_WARPS=32 -DNUM_THREADS=32 -DL2_ENABLE -DPERF_ENABLE 
Running: CONFIGS="-DPERF_ENABLE -DVORTEX_CACP_ENABLE=0 -DVORTEX_IPAWS_USE_CACP=0 -DVORTEX_SCHED=3  -DNUM_CORES=1 -DNUM_WARPS=32 -DNUM_THREADS=32 -DL2_ENABLE -DPERF_ENABLE " make -C ./ci/../runtime/simx > /dev/null
Running: OPTS="-n10000" make -C "./ci/../tests/regression/vecadd" run-simx
make: Entering directory '/data/URP_26_spring/bbosseong/vortex_aware_scheduler/build/tests/regression/vecadd'
LD_LIBRARY_PATH=/data/URP_26_spring/bbosseong/vortex_aware_scheduler/build/runtime: VORTEX_DRIVER=simx ./vecadd -n10000
open device connection
number of points: 10000
data type: float
buffer size: 40000 bytes
allocate device memory
dev_src0=0x10000
dev_src1=0x1a000
dev_dst=0x24000
allocate host buffers
upload source buffer0
upload source buffer1
Upload kernel binary
upload kernel argument
start device
wait for completion
download destination buffer
verify result
cleanup
PERF: core0: lmem reads=0
PERF: core0: lmem writes=0
PERF: core0: lmem bank stalls=0 (stall rate=0%)
PERF: core0: icache reads=16698
PERF: core0: icache read misses=386 (hit ratio=97%)
PERF: core0: icache mshr stalls=185646 (stall rate=39%)
PERF: core0: dcache reads=23807
PERF: core0: dcache writes=52589
PERF: core0: dcache read misses=18703 (hit ratio=21%)
PERF: core0: dcache write misses=45679 (hit ratio=13%)
PERF: core0: dcache bank stalls=22529 (stall rate=4%)
PERF: core0: dcache mshr stalls=101201 (stall rate=21%)
PERF: core0: coalescer misses=35872 (coalesce ratio=53%)
PERF: l2cache reads=18598
PERF: l2cache writes=52589
PERF: l2cache read misses=14351 (hit ratio=22%)
PERF: l2cache write misses=36709 (hit ratio=30%)
PERF: l2cache bank stalls=8 (stall rate=0%)
PERF: l2cache mshr stalls=14250 (stall rate=3%)
PERF: memory requests=67055 (reads=14421, writes=52634)
PERF: memory latency=193 cycles
PERF: memory bank stalls=8 (stall rate=0%)
PERF: instrs=515772, cycles=466453, IPC=1.105732
PASSED!
make: Leaving directory '/data/URP_26_spring/bbosseong/vortex_aware_scheduler/build/tests/regression/vecadd'
