CONFIGS=-DDCACHE_SIZE=32768 -DDCACHE_NUM_WAYS=8 -DVX_SCHED_POLICY=WarpSchedulePolicy::GTO  -DNUM_CORES=1 -DNUM_WARPS=16 -DNUM_THREADS=16 -DPERF_ENABLE 
Running: CONFIGS="-DDCACHE_SIZE=32768 -DDCACHE_NUM_WAYS=8 -DVX_SCHED_POLICY=WarpSchedulePolicy::GTO  -DNUM_CORES=1 -DNUM_WARPS=16 -DNUM_THREADS=16 -DPERF_ENABLE " make -C ./ci/../runtime/simx > /dev/null
Running: make -C "./ci/../tests/opencl/blackscholes" run-simx
make: Entering directory '/home/ltj/2026urp/vortex_aware_scheduler/tests/opencl/blackscholes'
g++ -I/home/ltj/2026urp/vortex_aware_scheduler/tests/opencl/blackscholes -std=c++17 -Wall -Wextra -Wfatal-errors -Wno-deprecated-declarations -Wno-unused-parameter -Wno-narrowing -pthread -I/home/ltj/tools/pocl/include -DDCACHE_SIZE=32768 -DDCACHE_NUM_WAYS=8 -DVX_SCHED_POLICY=WarpSchedulePolicy::GTO  -DNUM_CORES=1 -DNUM_WARPS=16 -DNUM_THREADS=16 -DPERF_ENABLE  -O2 -DNDEBUG -c /home/ltj/2026urp/vortex_aware_scheduler/tests/opencl/blackscholes/main.cc -o main.cc.o
In file included from /home/ltj/tools/pocl/include/CL/cl.h:20,
                 from /home/ltj/tools/pocl/include/CL/opencl.h:24,
                 from /home/ltj/2026urp/vortex_aware_scheduler/tests/opencl/blackscholes/oclUtils.h:26,
                 from /home/ltj/2026urp/vortex_aware_scheduler/tests/opencl/blackscholes/main.cc:13:
/home/ltj/tools/pocl/include/CL/cl_version.h:22:104: note: ‘#pragma message: cl_version.h: CL_TARGET_OPENCL_VERSION is not defined. Defaulting to 300 (OpenCL 3.0)’
   22 | #pragma message("cl_version.h: CL_TARGET_OPENCL_VERSION is not defined. Defaulting to 300 (OpenCL 3.0)")
      |                                                                                                        ^
g++ -I/home/ltj/2026urp/vortex_aware_scheduler/tests/opencl/blackscholes -std=c++17 -Wall -Wextra -Wfatal-errors -Wno-deprecated-declarations -Wno-unused-parameter -Wno-narrowing -pthread -I/home/ltj/tools/pocl/include -DDCACHE_SIZE=32768 -DDCACHE_NUM_WAYS=8 -DVX_SCHED_POLICY=WarpSchedulePolicy::GTO  -DNUM_CORES=1 -DNUM_WARPS=16 -DNUM_THREADS=16 -DPERF_ENABLE  -O2 -DNDEBUG -c /home/ltj/2026urp/vortex_aware_scheduler/tests/opencl/blackscholes/oclUtils.cpp -o oclUtils.cpp.o
In file included from /home/ltj/tools/pocl/include/CL/cl.h:20,
                 from /home/ltj/tools/pocl/include/CL/opencl.h:24,
                 from /home/ltj/2026urp/vortex_aware_scheduler/tests/opencl/blackscholes/oclUtils.h:26,
                 from /home/ltj/2026urp/vortex_aware_scheduler/tests/opencl/blackscholes/oclUtils.cpp:21:
/home/ltj/tools/pocl/include/CL/cl_version.h:22:104: note: ‘#pragma message: cl_version.h: CL_TARGET_OPENCL_VERSION is not defined. Defaulting to 300 (OpenCL 3.0)’
   22 | #pragma message("cl_version.h: CL_TARGET_OPENCL_VERSION is not defined. Defaulting to 300 (OpenCL 3.0)")
      |                                                                                                        ^
/home/ltj/2026urp/vortex_aware_scheduler/tests/opencl/blackscholes/oclUtils.cpp: In function ‘void oclPrintDevInfo(int, cl_device_id)’:
/home/ltj/2026urp/vortex_aware_scheduler/tests/opencl/blackscholes/oclUtils.cpp:262:23: warning: the address of ‘device_string’ will never be NULL [-Waddress]
  262 |     if (device_string != 0)
      |         ~~~~~~~~~~~~~~^~~~
/home/ltj/2026urp/vortex_aware_scheduler/tests/opencl/blackscholes/oclUtils.cpp:110:10: note: ‘device_string’ declared here
  110 |     char device_string[1024];
      |          ^~~~~~~~~~~~~
/home/ltj/2026urp/vortex_aware_scheduler/tests/opencl/blackscholes/oclUtils.cpp: In function ‘int oclGetDevCap(cl_device_id)’:
/home/ltj/2026urp/vortex_aware_scheduler/tests/opencl/blackscholes/oclUtils.cpp:350:20: warning: the address of ‘cDevString’ will never be NULL [-Waddress]
  350 |     if (cDevString != 0)
      |         ~~~~~~~~~~~^~~~
/home/ltj/2026urp/vortex_aware_scheduler/tests/opencl/blackscholes/oclUtils.cpp:344:10: note: ‘cDevString’ declared here
  344 |     char cDevString[1024];
      |          ^~~~~~~~~~
g++ -I/home/ltj/2026urp/vortex_aware_scheduler/tests/opencl/blackscholes -std=c++17 -Wall -Wextra -Wfatal-errors -Wno-deprecated-declarations -Wno-unused-parameter -Wno-narrowing -pthread -I/home/ltj/tools/pocl/include -DDCACHE_SIZE=32768 -DDCACHE_NUM_WAYS=8 -DVX_SCHED_POLICY=WarpSchedulePolicy::GTO  -DNUM_CORES=1 -DNUM_WARPS=16 -DNUM_THREADS=16 -DPERF_ENABLE  -O2 -DNDEBUG -c /home/ltj/2026urp/vortex_aware_scheduler/tests/opencl/blackscholes/shrUtils.cpp -o shrUtils.cpp.o
/home/ltj/2026urp/vortex_aware_scheduler/tests/opencl/blackscholes/shrUtils.cpp: In function ‘int shrLogV(int, int, const char*, __va_list_tag*)’:
/home/ltj/2026urp/vortex_aware_scheduler/tests/opencl/blackscholes/shrUtils.cpp:404:46: warning: format not a string literal and no format arguments [-Wformat-security]
  404 |                         szNumWritten = printf(sFormatSpec.c_str());                             // console
      |                                        ~~~~~~^~~~~~~~~~~~~~~~~~~~~
/home/ltj/2026urp/vortex_aware_scheduler/tests/opencl/blackscholes/shrUtils.cpp:408:48: warning: format not a string literal and no format arguments [-Wformat-security]
  408 |                         szNumWritten = fprintf (pFileStream0, sFormatSpec.c_str());             // sample log file
      |                                        ~~~~~~~~^~~~~~~~~~~~~~~~~~~~~~~~~~~~~~~~~~~
/home/ltj/2026urp/vortex_aware_scheduler/tests/opencl/blackscholes/shrUtils.cpp:411:52: warning: format not a string literal and no format arguments [-Wformat-security]
  411 |                             szNumWritten  = fprintf(pFileStream1, sFormatSpec.c_str());         // master log file
      |                                             ~~~~~~~^~~~~~~~~~~~~~~~~~~~~~~~~~~~~~~~~~~
/home/ltj/2026urp/vortex_aware_scheduler/tests/opencl/blackscholes/shrUtils.cpp:206:12: warning: variable ‘szNumWritten’ set but not used [-Wunused-but-set-variable]
  206 |     size_t szNumWritten = 0;
      |            ^~~~~~~~~~~~
g++ -I/home/ltj/2026urp/vortex_aware_scheduler/tests/opencl/blackscholes -std=c++17 -Wall -Wextra -Wfatal-errors -Wno-deprecated-declarations -Wno-unused-parameter -Wno-narrowing -pthread -I/home/ltj/tools/pocl/include -DDCACHE_SIZE=32768 -DDCACHE_NUM_WAYS=8 -DVX_SCHED_POLICY=WarpSchedulePolicy::GTO  -DNUM_CORES=1 -DNUM_WARPS=16 -DNUM_THREADS=16 -DPERF_ENABLE  -O2 -DNDEBUG -c /home/ltj/2026urp/vortex_aware_scheduler/tests/opencl/blackscholes/cmd_arg_reader.cpp -o cmd_arg_reader.cpp.o
g++ -I/home/ltj/2026urp/vortex_aware_scheduler/tests/opencl/blackscholes -std=c++17 -Wall -Wextra -Wfatal-errors -Wno-deprecated-declarations -Wno-unused-parameter -Wno-narrowing -pthread -I/home/ltj/tools/pocl/include -DDCACHE_SIZE=32768 -DDCACHE_NUM_WAYS=8 -DVX_SCHED_POLICY=WarpSchedulePolicy::GTO  -DNUM_CORES=1 -DNUM_WARPS=16 -DNUM_THREADS=16 -DPERF_ENABLE  -O2 -DNDEBUG -c /home/ltj/2026urp/vortex_aware_scheduler/tests/opencl/blackscholes/oclBlackScholes_launcher.cpp -o oclBlackScholes_launcher.cpp.o
In file included from /home/ltj/tools/pocl/include/CL/cl.h:20,
                 from /home/ltj/tools/pocl/include/CL/opencl.h:24,
                 from /home/ltj/2026urp/vortex_aware_scheduler/tests/opencl/blackscholes/oclUtils.h:26,
                 from /home/ltj/2026urp/vortex_aware_scheduler/tests/opencl/blackscholes/oclBlackScholes_launcher.cpp:12:
/home/ltj/tools/pocl/include/CL/cl_version.h:22:104: note: ‘#pragma message: cl_version.h: CL_TARGET_OPENCL_VERSION is not defined. Defaulting to 300 (OpenCL 3.0)’
   22 | #pragma message("cl_version.h: CL_TARGET_OPENCL_VERSION is not defined. Defaulting to 300 (OpenCL 3.0)")
      |                                                                                                        ^
/home/ltj/2026urp/vortex_aware_scheduler/tests/opencl/blackscholes/oclBlackScholes_launcher.cpp: In function ‘void initBlackScholes(cl_context, cl_command_queue, const char**)’:
/home/ltj/2026urp/vortex_aware_scheduler/tests/opencl/blackscholes/oclBlackScholes_launcher.cpp:42:12: warning: unused variable ‘kernelLength’ [-Wunused-variable]
   42 |     size_t kernelLength;
      |            ^~~~~~~~~~~~
/home/ltj/2026urp/vortex_aware_scheduler/tests/opencl/blackscholes/oclBlackScholes_launcher.cpp:53:12: warning: unused variable ‘binary_status’ [-Wunused-variable]
   53 |     cl_int binary_status = 0;
      |            ^~~~~~~~~~~~~
/home/ltj/2026urp/vortex_aware_scheduler/tests/opencl/blackscholes/oclBlackScholes_launcher.cpp:54:18: warning: unused variable ‘device_id’ [-Wunused-variable]
   54 |     cl_device_id device_id = oclGetFirstDev(cxGPUContext);
      |                  ^~~~~~~~~
g++ -I/home/ltj/2026urp/vortex_aware_scheduler/tests/opencl/blackscholes -std=c++17 -Wall -Wextra -Wfatal-errors -Wno-deprecated-declarations -Wno-unused-parameter -Wno-narrowing -pthread -I/home/ltj/tools/pocl/include -DDCACHE_SIZE=32768 -DDCACHE_NUM_WAYS=8 -DVX_SCHED_POLICY=WarpSchedulePolicy::GTO  -DNUM_CORES=1 -DNUM_WARPS=16 -DNUM_THREADS=16 -DPERF_ENABLE  -O2 -DNDEBUG -c /home/ltj/2026urp/vortex_aware_scheduler/tests/opencl/blackscholes/oclBlackScholes_gold.cpp -o oclBlackScholes_gold.cpp.o
In file included from /home/ltj/tools/pocl/include/CL/cl.h:20,
                 from /home/ltj/tools/pocl/include/CL/opencl.h:24,
                 from /home/ltj/2026urp/vortex_aware_scheduler/tests/opencl/blackscholes/oclUtils.h:26,
                 from /home/ltj/2026urp/vortex_aware_scheduler/tests/opencl/blackscholes/oclBlackScholes_common.h:14,
                 from /home/ltj/2026urp/vortex_aware_scheduler/tests/opencl/blackscholes/oclBlackScholes_gold.cpp:15:
/home/ltj/tools/pocl/include/CL/cl_version.h:22:104: note: ‘#pragma message: cl_version.h: CL_TARGET_OPENCL_VERSION is not defined. Defaulting to 300 (OpenCL 3.0)’
   22 | #pragma message("cl_version.h: CL_TARGET_OPENCL_VERSION is not defined. Defaulting to 300 (OpenCL 3.0)")
      |                                                                                                        ^
g++ -I/home/ltj/2026urp/vortex_aware_scheduler/tests/opencl/blackscholes -std=c++17 -Wall -Wextra -Wfatal-errors -Wno-deprecated-declarations -Wno-unused-parameter -Wno-narrowing -pthread -I/home/ltj/tools/pocl/include -DDCACHE_SIZE=32768 -DDCACHE_NUM_WAYS=8 -DVX_SCHED_POLICY=WarpSchedulePolicy::GTO  -DNUM_CORES=1 -DNUM_WARPS=16 -DNUM_THREADS=16 -DPERF_ENABLE  -O2 -DNDEBUG main.cc.o oclUtils.cpp.o shrUtils.cpp.o cmd_arg_reader.cpp.o oclBlackScholes_launcher.cpp.o oclBlackScholes_gold.cpp.o -Wl,-rpath,/home/ltj/tools/llvm-vortex/lib -L/home/ltj/2026urp/vortex_aware_scheduler/runtime -lvortex -L/home/ltj/tools/pocl/lib -lOpenCL -o blackscholes
LD_LIBRARY_PATH=/home/ltj/tools/pocl/lib:/home/ltj/2026urp/vortex_aware_scheduler/runtime:/home/ltj/tools/llvm-vortex/lib: POCL_VORTEX_XLEN=64 LLVM_PREFIX=/home/ltj/tools/llvm-vortex POCL_VORTEX_BINTOOL="OBJCOPY=/home/ltj/tools/llvm-vortex/bin/llvm-objcopy /home/ltj/2026urp/vortex_aware_scheduler/kernel/scripts/vxbin.py" POCL_VORTEX_CFLAGS="-march=rv64imafd -mabi=lp64d -O3 -mcmodel=medany --sysroot=/home/ltj/tools/riscv64-gnu-toolchain/riscv64-unknown-elf --gcc-toolchain=/home/ltj/tools/riscv64-gnu-toolchain -fno-rtti -fno-exceptions -nostartfiles -nostdlib -fdata-sections -ffunction-sections -I/home/ltj/2026urp/vortex_aware_scheduler/hw -I/home/ltj/2026urp/vortex_aware_scheduler/kernel/include -DXLEN_64 -DNDEBUG -DDCACHE_SIZE=32768 -DDCACHE_NUM_WAYS=8 -DVX_SCHED_POLICY=WarpSchedulePolicy::GTO  -DNUM_CORES=1 -DNUM_WARPS=16 -DNUM_THREADS=16 -DPERF_ENABLE  -Xclang -target-feature -Xclang +vortex -Xclang -target-feature -Xclang +zicond -mllvm -disable-loop-idiom-all	" POCL_VORTEX_LDFLAGS="-Wl,-Bstatic,--gc-sections,-T/home/ltj/2026urp/vortex_aware_scheduler/kernel/scripts/link64.ld,--defsym=STARTUP_ADDR=0x80000000 /home/ltj/2026urp/vortex_aware_scheduler/kernel/libvortex.a -L/home/ltj/tools/libc64/lib -lm -lc /home/ltj/tools/libcrt64/lib/baremetal/libclang_rt.builtins-riscv64.a" VORTEX_DRIVER=simx ./blackscholes 
[blackscholes] starting...

WARNING: NVIDIA OpenCL platform not found - defaulting to first platform!

clGetPlatformID...
Get the Device info and select Device...
  # of Devices Available = 1
  Using Device 0: Vortex OpenGPU
  # of Compute Units = 1
./blackscholes Starting...

Allocating and initializing host memory...
Initializing OpenCL...
WARNING: NVIDIA OpenCL platform not found - defaulting to first platform!

Creating OpenCL memory objects...
Starting up BlackScholes...
...creating BlackScholes program
...building BlackScholes program
...creating BlackScholes kernels
Running OpenCL BlackScholes...


Reading back OpenCL BlackScholes results...
Comparing against Host/C++ computation...
Relative L1 (call, put) = (1.745e-07, 4.769e-08)

Shutting down...
PERF: core0: lmem reads=0
PERF: core0: lmem writes=0
PERF: core0: lmem bank stalls=0 (utilization=0%)
PERF: core0: icache reads=10625
PERF: core0: icache read misses=476 (hit ratio=95%)
PERF: core0: icache mshr stalls=0 (utilization=100%)
PERF: core0: dcache reads=18195
PERF: core0: dcache writes=18486
PERF: core0: dcache read misses=15405 (hit ratio=15%)
PERF: core0: dcache write misses=18007 (hit ratio=2%)
PERF: core0: dcache bank stalls=13854 (utilization=72%)
PERF: core0: dcache mshr stalls=0 (utilization=100%)
PERF: core0: coalescer misses=17713 (hit ratio=51%)
PERF: scheduler idle=249691 (95%)
PERF: scheduler stalls=0 (0%)
PERF: ibuffer stalls=157029 (60%)
PERF: scoreboard stalls=204494 (78%) (alu=1%, lsu=97%, csrs=0%, wctl=0%, fpu=1%)
PERF: operands stalls=985 (0%)
PERF: ifetches=10625
PERF: loads=26908
PERF: stores=20838
PERF: ifetch latency=55 cycles
PERF: load latency=176 cycles
PERF: ccws vta inserts=0
PERF: ccws vta hits=0
PERF: ccws throttled loads=0
PERF: ccws throttled warps=0
PERF: ccws fallback issues=0
PERF: ccws avg active issue candidates=0.000
PERF: ccws avg lls=0.000
PERF: ccws max lls=0
PERF: memory requests=33732 (reads=15214, writes=18518)
PERF: memory latency=133 cycles
PERF: memory bank stalls=5 (utilization=99%)
PERF: instrs=159207, cycles=260316, IPC=0.611591
[blackscholes] test results...
PASSED

> exiting in 3 seconds: 3...2...1...done!

make: Leaving directory '/home/ltj/2026urp/vortex_aware_scheduler/tests/opencl/blackscholes'
