CONFIGS=-DPERF_ENABLE -DNUM_LSU_BLOCKS=2 -DDCACHE_NUM_BANKS=4 -DVORTEX_SCHED=4  -DNUM_CORES=1 -DNUM_WARPS=32 -DNUM_THREADS=32 -DL2_ENABLE -DPERF_ENABLE 
Running: CONFIGS="-DPERF_ENABLE -DNUM_LSU_BLOCKS=2 -DDCACHE_NUM_BANKS=4 -DVORTEX_SCHED=4  -DNUM_CORES=1 -DNUM_WARPS=32 -DNUM_THREADS=32 -DL2_ENABLE -DPERF_ENABLE " make -C ./ci/../runtime/simx > /dev/null
Running: make -C "./ci/../tests/opencl/blackscholes" run-simx
make: Entering directory '/home/ltj/2026urp/vortex_gcaws/build/tests/opencl/blackscholes'
LD_LIBRARY_PATH=/home/ltj/tools/pocl/lib:/home/ltj/2026urp/vortex_gcaws/build/runtime:/home/ltj/tools/llvm-vortex/lib: POCL_VORTEX_XLEN=64 LLVM_PREFIX=/home/ltj/tools/llvm-vortex POCL_VORTEX_BINTOOL="OBJCOPY=/home/ltj/tools/llvm-vortex/bin/llvm-objcopy /home/ltj/2026urp/vortex_gcaws/kernel/scripts/vxbin.py" POCL_VORTEX_CFLAGS="-march=rv64imafd -mabi=lp64d -O3 -mcmodel=medany --sysroot=/home/ltj/tools/riscv64-gnu-toolchain/riscv64-unknown-elf --gcc-toolchain=/home/ltj/tools/riscv64-gnu-toolchain -fno-rtti -fno-exceptions -nostartfiles -nostdlib -fdata-sections -ffunction-sections -I/home/ltj/2026urp/vortex_gcaws/build/hw -I/home/ltj/2026urp/vortex_gcaws/kernel/include -DXLEN_64 -DNDEBUG -DPERF_ENABLE -DNUM_LSU_BLOCKS=2 -DDCACHE_NUM_BANKS=4 -DVORTEX_SCHED=4  -DNUM_CORES=1 -DNUM_WARPS=32 -DNUM_THREADS=32 -DL2_ENABLE -DPERF_ENABLE  -Xclang -target-feature -Xclang +vortex -Xclang -target-feature -Xclang +zicond -mllvm -disable-loop-idiom-all	" POCL_VORTEX_LDFLAGS="-Wl,-Bstatic,--gc-sections,-T/home/ltj/2026urp/vortex_gcaws/kernel/scripts/link64.ld,--defsym=STARTUP_ADDR=0x80000000 /home/ltj/2026urp/vortex_gcaws/build/kernel/libvortex.a -L/home/ltj/tools/libc64/lib -lm -lc /home/ltj/tools/libcrt64/lib/baremetal/libclang_rt.builtins-riscv64.a" VORTEX_DRIVER=simx ./blackscholes 
[blackscholes] starting...

WARNING: NVIDIA OpenCL platform not found - defaulting to first platform!

clGetPlatformID...
Get the Device info and select Device...
  # of Devices Available = 1
  Using Device 0: Vortex OpenGPU
  # of Compute Units = 1
./blackscholes Starting...

Allocating and initializing host memory...
Initializing OpenCL...
WARNING: NVIDIA OpenCL platform not found - defaulting to first platform!

Creating OpenCL memory objects...
Starting up BlackScholes...
...creating BlackScholes program
...building BlackScholes program
...creating BlackScholes kernels
Running OpenCL BlackScholes...


Reading back OpenCL BlackScholes results...
Comparing against Host/C++ computation...
Relative L1 (call, put) = (1.654e-07, 5.073e-08)

Shutting down...
PERF: scheduler idle=3839805 (95%)
PERF: scheduler stalls=0 (0%)
PERF: ibuffer stalls=2833154 (70%)
PERF: scoreboard stalls=5536232 (137%) (alu=3%, lsu=92%, csrs=0%, wctl=0%, fpu=4%)
PERF: operands stalls=22955 (0%)
PERF: ifetches=187488
PERF: loads=1096483
PERF: stores=526554
PERF: ifetch latency=15 cycles
PERF: load latency=282 cycles
PERF: instrs=5793278, cycles=4027243, IPC=1.438522
IPAWS_DBG_STALL: 0=11197 1=0 2=0 3=0 4=0 5=0 6=0 7=0 8=0 9=0 10=0 11=0 12=0 13=0 14=0 15=0 16=0 17=0 18=0 19=0 20=0 21=0 22=0 23=0 24=0 25=0 26=0 27=0 28=0 29=0 30=0 31=0
IPAWS_STATS: decides=2 valid=0 skipped=2 woi_fallback=0 concave=0 convex=2 mm_avg=0.000 mm_min=0.000 mm_max=0.000 woi_avg=0.000 woi_min=0 woi_max=0 gcaws_exec_cycles=0 rr_exec_cycles=4016317 wspawn_events=4 recover_entries=0 recover_cycles=0 test=mean/max<0.5 barrier_only_btime=1 use_recover=0
[blackscholes] test results...
PASSED

> exiting in 3 seconds: 3...2...1...done!

make: Leaving directory '/home/ltj/2026urp/vortex_gcaws/build/tests/opencl/blackscholes'
