>>> [iPAWS/sgemm3] args="-n128"
CONFIGS=-DDCACHE_NUM_WAYS=8 -DNUM_CORES=1 -DNUM_WARPS=32 -DNUM_THREADS=32 -DPERF_ENABLE -DVORTEX_SCHED=4 -DVORTEX_CACP_ENABLE=0 -DVORTEX_IPAWS_USE_CACP=0 -DPERF_ENABLE
Running: CONFIGS="-DDCACHE_NUM_WAYS=8 -DNUM_CORES=1 -DNUM_WARPS=32 -DNUM_THREADS=32 -DPERF_ENABLE -DVORTEX_SCHED=4 -DVORTEX_CACP_ENABLE=0 -DVORTEX_IPAWS_USE_CACP=0 -DPERF_ENABLE" make -C ./ci/../runtime/simx > /dev/null
Running: OPTS="-n128" make -C "./ci/../tests/opencl/sgemm3" run-simx
make: Entering directory '/data/URP_26_spring/bbosseong/vortex_aware_scheduler/build/tests/opencl/sgemm3'
LD_LIBRARY_PATH=/data/URP_26_spring/bbosseong/tools/pocl/lib:/data/URP_26_spring/bbosseong/vortex_aware_scheduler/build/runtime:/data/URP_26_spring/bbosseong/tools/llvm-vortex/lib: POCL_VORTEX_XLEN=32 LLVM_PREFIX=/data/URP_26_spring/bbosseong/tools/llvm-vortex POCL_VORTEX_BINTOOL="OBJCOPY=/data/URP_26_spring/bbosseong/tools/llvm-vortex/bin/llvm-objcopy /data/URP_26_spring/bbosseong/vortex_aware_scheduler/kernel/scripts/vxbin.py" POCL_VORTEX_CFLAGS="-march=rv32imaf -mabi=ilp32f -O3 -mcmodel=medany --sysroot=/data/URP_26_spring/bbosseong/tools/riscv32-gnu-toolchain/riscv32-unknown-elf --gcc-toolchain=/data/URP_26_spring/bbosseong/tools/riscv32-gnu-toolchain -fno-rtti -fno-exceptions -nostartfiles -nostdlib -fdata-sections -ffunction-sections -I/data/URP_26_spring/bbosseong/vortex_aware_scheduler/build/hw -I/data/URP_26_spring/bbosseong/vortex_aware_scheduler/kernel/include -DXLEN_32 -DNDEBUG -DDCACHE_NUM_WAYS=8 -DNUM_CORES=1 -DNUM_WARPS=32 -DNUM_THREADS=32 -DPERF_ENABLE -DVORTEX_SCHED=4 -DVORTEX_CACP_ENABLE=0 -DVORTEX_IPAWS_USE_CACP=0 -DPERF_ENABLE -Xclang -target-feature -Xclang +vortex -Xclang -target-feature -Xclang +zicond -mllvm -disable-loop-idiom-all	" POCL_VORTEX_LDFLAGS="-Wl,-Bstatic,--gc-sections,-T/data/URP_26_spring/bbosseong/vortex_aware_scheduler/kernel/scripts/link32.ld,--defsym=STARTUP_ADDR=0x80000000 /data/URP_26_spring/bbosseong/vortex_aware_scheduler/build/kernel/libvortex.a -L/data/URP_26_spring/bbosseong/tools/libc32/lib -lm -lc /data/URP_26_spring/bbosseong/tools/libcrt32/lib/baremetal/libclang_rt.builtins-riscv32.a" VORTEX_DRIVER=simx ./sgemm3 -n128
Matrix size=128x128, tile size=4x4
Create context
Using device: Vortex OpenGPU
Allocate device buffers
Create program from kernel source
Upload source buffers
Execute the kernel
Elapsed time: 53903 ms
Download destination buffer
Verify result
PASSED!
PERF: core0: lmem reads=4194304
PERF: core0: lmem writes=1048576
PERF: core0: lmem bank stalls=3160645 (utilization=62%)
PERF: core0: icache reads=1718137
PERF: core0: icache read misses=514 (hit ratio=99%)
PERF: core0: icache mshr stalls=117391 (utilization=0%)
PERF: core0: dcache reads=1018299
PERF: core0: dcache writes=150618
PERF: core0: dcache read misses=361460 (hit ratio=64%)
PERF: core0: dcache write misses=129332 (hit ratio=14%)
PERF: core0: dcache bank stalls=6144 (utilization=99%)
PERF: core0: dcache mshr stalls=58185 (utilization=89%)
PERF: core0: coalescer misses=1075712 (hit ratio=7%)
PERF: memory requests=491712 (reads=341049, writes=150663)
PERF: memory latency=67 cycles
PERF: memory bank stalls=5 (utilization=99%)
PERF: instrs=27559762, cycles=6551217, IPC=4.206816
IPAWS_STATS: decides=377 valid=341 skipped=36 concave=4 convex=373 mm_avg=0.784 mm_min=0.394 mm_max=1.000 gcaws_exec_cycles=65536 rr_exec_cycles=6100893 test=mean/max<0.5 use_cacp=0
make: Leaving directory '/data/URP_26_spring/bbosseong/vortex_aware_scheduler/build/tests/opencl/sgemm3'
