>>> [iPAWS/spmv] args="-i /data/URP_26_spring/bbosseong/vortex_aware_scheduler/tests/opencl/spmv/Dubcova3.mtx,/data/URP_26_spring/bbosseong/vortex_aware_scheduler/tests/opencl/spmv/Dubcova3.vec"
CONFIGS=-DDCACHE_NUM_WAYS=8 -DNUM_CORES=1 -DNUM_WARPS=32 -DNUM_THREADS=32 -DPERF_ENABLE -DVORTEX_SCHED=4 -DVORTEX_CACP_ENABLE=0 -DVORTEX_IPAWS_USE_CACP=0 -DPERF_ENABLE
Running: CONFIGS="-DDCACHE_NUM_WAYS=8 -DNUM_CORES=1 -DNUM_WARPS=32 -DNUM_THREADS=32 -DPERF_ENABLE -DVORTEX_SCHED=4 -DVORTEX_CACP_ENABLE=0 -DVORTEX_IPAWS_USE_CACP=0 -DPERF_ENABLE" make -C ./ci/../runtime/simx > /dev/null
Running: OPTS="-i /data/URP_26_spring/bbosseong/vortex_aware_scheduler/tests/opencl/spmv/Dubcova3.mtx,/data/URP_26_spring/bbosseong/vortex_aware_scheduler/tests/opencl/spmv/Dubcova3.vec" make -C "./ci/../tests/opencl/spmv" run-simx
make: Entering directory '/data/URP_26_spring/bbosseong/vortex_aware_scheduler/build/tests/opencl/spmv'
LD_LIBRARY_PATH=/data/URP_26_spring/bbosseong/tools/pocl/lib:/data/URP_26_spring/bbosseong/vortex_aware_scheduler/build/runtime:/data/URP_26_spring/bbosseong/tools/llvm-vortex/lib: POCL_VORTEX_XLEN=32 LLVM_PREFIX=/data/URP_26_spring/bbosseong/tools/llvm-vortex POCL_VORTEX_BINTOOL="OBJCOPY=/data/URP_26_spring/bbosseong/tools/llvm-vortex/bin/llvm-objcopy /data/URP_26_spring/bbosseong/vortex_aware_scheduler/kernel/scripts/vxbin.py" POCL_VORTEX_CFLAGS="-march=rv32imaf -mabi=ilp32f -O3 -mcmodel=medany --sysroot=/data/URP_26_spring/bbosseong/tools/riscv32-gnu-toolchain/riscv32-unknown-elf --gcc-toolchain=/data/URP_26_spring/bbosseong/tools/riscv32-gnu-toolchain -fno-rtti -fno-exceptions -nostartfiles -nostdlib -fdata-sections -ffunction-sections -I/data/URP_26_spring/bbosseong/vortex_aware_scheduler/build/hw -I/data/URP_26_spring/bbosseong/vortex_aware_scheduler/kernel/include -DXLEN_32 -DNDEBUG -DDCACHE_NUM_WAYS=8 -DNUM_CORES=1 -DNUM_WARPS=32 -DNUM_THREADS=32 -DPERF_ENABLE -DVORTEX_SCHED=4 -DVORTEX_CACP_ENABLE=0 -DVORTEX_IPAWS_USE_CACP=0 -DPERF_ENABLE -Xclang -target-feature -Xclang +vortex -Xclang -target-feature -Xclang +zicond -mllvm -disable-loop-idiom-all	" POCL_VORTEX_LDFLAGS="-Wl,-Bstatic,--gc-sections,-T/data/URP_26_spring/bbosseong/vortex_aware_scheduler/kernel/scripts/link32.ld,--defsym=STARTUP_ADDR=0x80000000 /data/URP_26_spring/bbosseong/vortex_aware_scheduler/build/kernel/libvortex.a -L/data/URP_26_spring/bbosseong/tools/libc32/lib -lm -lc /data/URP_26_spring/bbosseong/tools/libcrt32/lib/baremetal/libclang_rt.builtins-riscv32.a" VORTEX_DRIVER=simx ./spmv -i /data/URP_26_spring/bbosseong/vortex_aware_scheduler/tests/opencl/spmv/Dubcova3.mtx,/data/URP_26_spring/bbosseong/vortex_aware_scheduler/tests/opencl/spmv/Dubcova3.vec
CUDA accelerated sparse matrix vector multiplication****
Original version by Li-Wen Chang <lchang20@illinois.edu> and Shengzhao Wu<wu14@illinois.edu>
This version maintained by Chris Rodrigues  ***********
Converting COO to JDS format (146689x146689)
3636649 matrix entries, warp size = 32, row padding align = 1, pack size = 1

Padding data....146720 rows, 4585 groups
Allocating data space: 3637664 entries (0.027903% padding)
Finished converting.
JDS format has 146720 columns, 49 rows.
nz_count_len = 4585
grid size=146720, block size=1, dim=146689
PERF: core0: lmem reads=0
PERF: core0: lmem writes=0
PERF: core0: lmem bank stalls=0 (utilization=0%)
PERF: core0: icache reads=2105836
PERF: core0: icache read misses=395 (hit ratio=99%)
PERF: core0: icache mshr stalls=112169 (utilization=0%)
PERF: core0: dcache reads=2087101
PERF: core0: dcache writes=247375
PERF: core0: dcache read misses=1492179 (hit ratio=28%)
PERF: core0: dcache write misses=166856 (hit ratio=32%)
PERF: core0: dcache bank stalls=435100 (utilization=84%)
PERF: core0: dcache mshr stalls=242664 (utilization=87%)
PERF: core0: coalescer misses=810521 (hit ratio=65%)
PERF: memory requests=1570618 (reads=1323196, writes=247422)
PERF: memory latency=61 cycles
PERF: memory bank stalls=4 (utilization=99%)
PERF: instrs=67364206, cycles=15702131, IPC=4.290132
IPAWS_STATS: decides=903 valid=902 skipped=1 concave=0 convex=903 mm_avg=1.000 mm_min=0.794 mm_max=1.000 gcaws_exec_cycles=0 rr_exec_cycles=14778737 test=mean/max<0.5 use_cacp=0
PASSED!
Timer Wall Time: 18446744027136.000000
make: Leaving directory '/data/URP_26_spring/bbosseong/vortex_aware_scheduler/build/tests/opencl/spmv'
